Archive member included to satisfy reference by file (symbol)

d:/alan/chipwon/tool/xpack-arm-none-eabi-gcc-10.3.1-2.3/bin/../lib/gcc/arm-none-eabi/10.3.1/../../../../arm-none-eabi/lib/thumb/v6-m/nofp\libc_nano.a(lib_a-exit.o)
                              d:/alan/chipwon/tool/xpack-arm-none-eabi-gcc-10.3.1-2.3/bin/../lib/gcc/arm-none-eabi/10.3.1/../../../../arm-none-eabi/lib/thumb/v6-m/nofp/crt0.o (exit)
d:/alan/chipwon/tool/xpack-arm-none-eabi-gcc-10.3.1-2.3/bin/../lib/gcc/arm-none-eabi/10.3.1/../../../../arm-none-eabi/lib/thumb/v6-m/nofp\libc_nano.a(lib_a-impure.o)
                              d:/alan/chipwon/tool/xpack-arm-none-eabi-gcc-10.3.1-2.3/bin/../lib/gcc/arm-none-eabi/10.3.1/../../../../arm-none-eabi/lib/thumb/v6-m/nofp\libc_nano.a(lib_a-exit.o) (_global_impure_ptr)
d:/alan/chipwon/tool/xpack-arm-none-eabi-gcc-10.3.1-2.3/bin/../lib/gcc/arm-none-eabi/10.3.1/../../../../arm-none-eabi/lib/thumb/v6-m/nofp\libc_nano.a(lib_a-init.o)
                              d:/alan/chipwon/tool/xpack-arm-none-eabi-gcc-10.3.1-2.3/bin/../lib/gcc/arm-none-eabi/10.3.1/../../../../arm-none-eabi/lib/thumb/v6-m/nofp/crt0.o (__libc_init_array)
d:/alan/chipwon/tool/xpack-arm-none-eabi-gcc-10.3.1-2.3/bin/../lib/gcc/arm-none-eabi/10.3.1/../../../../arm-none-eabi/lib/thumb/v6-m/nofp\libc_nano.a(lib_a-memset.o)
                              d:/alan/chipwon/tool/xpack-arm-none-eabi-gcc-10.3.1-2.3/bin/../lib/gcc/arm-none-eabi/10.3.1/../../../../arm-none-eabi/lib/thumb/v6-m/nofp/crt0.o (memset)
../sdk/platform/drivers/lib\libpufs.a(pufs_common.o)
                              src\main.o (pufs_initialize)
../sdk/platform/drivers/lib\libpufs.a(pufs_crypto.o)
                              ../sdk/platform/drivers/lib\libpufs.a(pufs_common.o) (pufs_crypto_module_init)
../sdk/platform/drivers/lib\libpufs.a(pufs_dma.o)
                              ../sdk/platform/drivers/lib\libpufs.a(pufs_common.o) (pufs_dma_module_init)
../sdk/platform/drivers/lib\libpufs.a(pufs_ecp.o)
                              ../sdk/platform/drivers/lib\libpufs.a(pufs_common.o) (pufs_pkc_module_init)
../sdk/platform/drivers/lib\libpufs.a(pufs_ecp_mprog.o)
                              ../sdk/platform/drivers/lib\libpufs.a(pufs_ecp.o) (rsa_mprog)
../sdk/platform/drivers/lib\libpufs.a(pufs_hmac.o)
                              ../sdk/platform/drivers/lib\libpufs.a(pufs_common.o) (pufs_hmac_module_init)
../sdk/platform/drivers/lib\libpufs.a(pufs_internal.o)
                              ../sdk/platform/drivers/lib\libpufs.a(pufs_hmac.o) (segment)
../sdk/platform/drivers/lib\libpufs.a(pufs_ka.o)
                              ../sdk/platform/drivers/lib\libpufs.a(pufs_ecp.o) (keyslot_check)
../sdk/platform/drivers/lib\libpufs.a(pufs_kdf.o)
                              ../sdk/platform/drivers/lib\libpufs.a(pufs_common.o) (pufs_kdf_module_init)
../sdk/platform/drivers/lib\libpufs.a(pufs_reg_ctrl.o)
                              ../sdk/platform/drivers/lib\libpufs.a(pufs_crypto.o) (be2le)
../sdk/platform/drivers/lib\libpufs.a(pufs_rt.o)
                              ../sdk/platform/drivers/lib\libpufs.a(pufs_ka.o) (puf_slot_check)
../sdk/platform/drivers/lib\libpufs.a(pufs_rt_cde.o)
                              ../sdk/platform/drivers/lib\libpufs.a(pufs_common.o) (pufs_rt_cde_init)
../sdk/platform/drivers/lib\libpufs.a(pufs_sp38a.o)
                              ../sdk/platform/drivers/lib\libpufs.a(pufs_common.o) (pufs_sp38a_module_init)
../sdk/platform/drivers/lib\libpufs.a(pufs_sp38c.o)
                              ../sdk/platform/drivers/lib\libpufs.a(pufs_common.o) (pufs_sp38c_module_init)
../sdk/platform/drivers/lib\libpufs.a(pufs_sp38d.o)
                              ../sdk/platform/drivers/lib\libpufs.a(pufs_common.o) (pufs_sp38d_module_init)
../sdk/platform/drivers/lib\libpufs.a(pufs_sp38e.o)
                              ../sdk/platform/drivers/lib\libpufs.a(pufs_common.o) (pufs_sp38e_module_init)
../sdk/platform/drivers/lib\libpufs.a(pufs_sp90a.o)
                              ../sdk/platform/drivers/lib\libpufs.a(pufs_common.o) (pufs_drbg_module_init)
../sdk/platform/drivers/lib\libpufs.a(dummy_pal.o)
                              ../sdk/platform/drivers/lib\libpufs.a(pufs_common.o) (pufs_pal_init)
../sdk/platform/drivers/lib\libpufs.a(pufs_chacha.o)
                              ../sdk/platform/drivers/lib\libpufs.a(pufs_common.o) (pufs_chacha_module_init)
../sdk/platform/drivers/lib\libpufs.a(pufs_cmac.o)
                              ../sdk/platform/drivers/lib\libpufs.a(pufs_common.o) (pufs_cmac_module_init)
../sdk/platform/drivers/lib\libpufs.a(pufs_dma_desc.o)
                              ../sdk/platform/drivers/lib\libpufs.a(pufs_hmac.o) (dma_sg_desc_write_addr)
../sdk/platform/drivers/lib\libpufs.a(pufs_ecc.o)
                              ../sdk/platform/drivers/lib\libpufs.a(pufs_ecp.o) (reverse)
[...]
Memory Configuration

Name             Origin             Length             Attributes
FLASH            0x0000000000000000 0x0000000000040000 xr
RAM              0x0000000020000000 0x0000000000010000 rw
*default*        0x0000000000000000 0xffffffffffffffff

Linker script and memory map

LOAD d:/alan/chipwon/tool/xpack-arm-none-eabi-gcc-10.3.1-2.3/bin/../lib/gcc/arm-none-eabi/10.3.1/thumb/v6-m/nofp/crti.o
LOAD d:/alan/chipwon/tool/xpack-arm-none-eabi-gcc-10.3.1-2.3/bin/../lib/gcc/arm-none-eabi/10.3.1/thumb/v6-m/nofp/crtbegin.o
LOAD d:/alan/chipwon/tool/xpack-arm-none-eabi-gcc-10.3.1-2.3/bin/../lib/gcc/arm-none-eabi/10.3.1/../../../../arm-none-eabi/lib/thumb/v6-m/nofp/crt0.o
START GROUP
LOAD d:/alan/chipwon/tool/xpack-arm-none-eabi-gcc-10.3.1-2.3/bin/../lib/gcc/arm-none-eabi/10.3.1/thumb/v6-m/nofp\libgcc.a
LOAD d:/alan/chipwon/tool/xpack-arm-none-eabi-gcc-10.3.1-2.3/bin/../lib/gcc/arm-none-eabi/10.3.1/../../../../arm-none-eabi/lib/thumb/v6-m/nofp\libc_nano.a
LOAD d:/alan/chipwon/tool/xpack-arm-none-eabi-gcc-10.3.1-2.3/bin/../lib/gcc/arm-none-eabi/10.3.1/../../../../arm-none-eabi/lib/thumb/v6-m/nofp\libm.a
END GROUP
LOAD project_settings\startup_code\startup_tw9001.o
LOAD sdk\platform\devices\startup.o
LOAD sdk\platform\devices\tw9001\startup\system_tw9001.o
LOAD sdk\platform\drivers\src\clock_tw9001.o
LOAD sdk\platform\drivers\src\edma_driver.o
LOAD sdk\platform\drivers\src\interrupt_manager.o
LOAD sdk\platform\drivers\src\lptmr_driver.o
LOAD sdk\platform\drivers\src\lpuart_driver.o
LOAD sdk\platform\drivers\src\osif_driver.o
LOAD sdk\platform\drivers\src\pins_driver.o
LOAD sdk\platform\drivers\src\power_manager.o
LOAD sdk\platform\drivers\src\smc_driver.o
LOAD src\clock_config.o
LOAD src\main.o
LOAD src\pufs_hmac_test.o
LOAD src\pufs_test.o
LOAD src\pufs_tv_hmac_sha2.o
LOAD src\pufs_tv_sha2.o
LOAD ../sdk/platform/drivers/lib\libpufs.a
START GROUP
LOAD d:/alan/chipwon/tool/xpack-arm-none-eabi-gcc-10.3.1-2.3/bin/../lib/gcc/arm-none-eabi/10.3.1/thumb/v6-m/nofp\libgcc.a
LOAD d:/alan/chipwon/tool/xpack-arm-none-eabi-gcc-10.3.1-2.3/bin/../lib/gcc/arm-none-eabi/10.3.1/../../../../arm-none-eabi/lib/thumb/v6-m/nofp\libg_nano.a
LOAD d:/alan/chipwon/tool/xpack-arm-none-eabi-gcc-10.3.1-2.3/bin/../lib/gcc/arm-none-eabi/10.3.1/../../../../arm-none-eabi/lib/thumb/v6-m/nofp\libc_nano.a
END GROUP
START GROUP
LOAD d:/alan/chipwon/tool/xpack-arm-none-eabi-gcc-10.3.1-2.3/bin/../lib/gcc/arm-none-eabi/10.3.1/thumb/v6-m/nofp\libgcc.a
LOAD d:/alan/chipwon/tool/xpack-arm-none-eabi-gcc-10.3.1-2.3/bin/../lib/gcc/arm-none-eabi/10.3.1/../../../../arm-none-eabi/lib/thumb/v6-m/nofp\libc_nano.a
LOAD d:/alan/chipwon/tool/xpack-arm-none-eabi-gcc-10.3.1-2.3/bin/../lib/gcc/arm-none-eabi/10.3.1/../../../../arm-none-eabi/lib/thumb/v6-m/nofp\libnosys.a
END GROUP
START GROUP
LOAD d:/alan/chipwon/tool/xpack-arm-none-eabi-gcc-10.3.1-2.3/bin/../lib/gcc/arm-none-eabi/10.3.1/thumb/v6-m/nofp\libgcc.a
LOAD d:/alan/chipwon/tool/xpack-arm-none-eabi-gcc-10.3.1-2.3/bin/../lib/gcc/arm-none-eabi/10.3.1/../../../../arm-none-eabi/lib/thumb/v6-m/nofp\libc_nano.a
LOAD d:/alan/chipwon/tool/xpack-arm-none-eabi-gcc-10.3.1-2.3/bin/../lib/gcc/arm-none-eabi/10.3.1/../../../../arm-none-eabi/lib/thumb/v6-m/nofp\libnosys.a
END GROUP
LOAD d:/alan/chipwon/tool/xpack-arm-none-eabi-gcc-10.3.1-2.3/bin/../lib/gcc/arm-none-eabi/10.3.1/thumb/v6-m/nofp/crtend.o
LOAD d:/alan/chipwon/tool/xpack-arm-none-eabi-gcc-10.3.1-2.3/bin/../lib/gcc/arm-none-eabi/10.3.1/thumb/v6-m/nofp/crtn.o
                0x0000000000000400                HEAP_SIZE = DEFINED (__heap_size__)?__heap_size__:0x400
                0x0000000000000400                STACK_SIZE = DEFINED (__stack_size__)?__stack_size__:0x400

.interrupts     0x0000000000000000       0xc0
                0x0000000000000000                __VECTOR_TABLE = .
                0x0000000000000000                __interrupts_start__ = .
                0x0000000000000000                . = ALIGN (0x4)
 *(.isr_vector)
 .isr_vector    0x0000000000000000       0xc0 project_settings\startup_code\startup_tw9001.o
                0x0000000000000000                __isr_vector
                0x00000000000000c0                __interrupts_end__ = .
                0x00000000000000c0                . = ALIGN (0x4)

.text           0x00000000000000c0     0xe29c
                0x00000000000000c0                . = ALIGN (0x4)
 *(.text)
 .text          0x00000000000000c0       0x60 project_settings\startup_code\startup_tw9001.o
                0x00000000000000c0                Reset_Handler
                0x000000000000011c                NMI_Handler
                0x000000000000011c                FSUSB_IRQHandler
                0x000000000000011c                LPI2C0_IRQHandler
                0x000000000000011c                FTM0_Ovf_Reload_IRQHandler
                0x000000000000011c                FTM1_Ch0_7_IRQHandler
                0x000000000000011c                DefaultISR
                0x000000000000011c                FTM0_Ch0_7_IRQHandler
                0x000000000000011c                PendSV_Handler
                0x000000000000011c                LPSPI1_IRQHandler
                0x000000000000011c                FTFC_IRQHandler
                0x000000000000011c                LPSPI0_IRQHandler
                0x000000000000011c                FTM0_Fault_IRQHandler
                0x000000000000011c                SVC_Handler
                0x000000000000011c                RCM_IRQHandler
                0x000000000000011c                LPI2C1_IRQHandler
                0x000000000000011c                FTM1_Fault_IRQHandler
                0x000000000000011c                PUF_IRQHandler
                0x000000000000011c                HSSPI_IRQHandler
                0x000000000000011c                LPSPI2_IRQHandler
                0x000000000000011c                WDOG_IRQHandler
                0x000000000000011c                FTM1_Ovf_Reload_IRQHandler
                0x000000000000011c                PORT_IRQHandler
 .text          0x0000000000000120       0x14 d:/alan/chipwon/tool/xpack-arm-none-eabi-gcc-10.3.1-2.3/bin/../lib/gcc/arm-none-eabi/10.3.1/thumb/v6-m/nofp\libgcc.a(_thumb1_case_uqi.o)
                0x0000000000000120                __gnu_thumb1_case_uqi
 .text          0x0000000000000134       0x14 d:/alan/chipwon/tool/xpack-arm-none-eabi-gcc-10.3.1-2.3/bin/../lib/gcc/arm-none-eabi/10.3.1/thumb/v6-m/nofp\libgcc.a(_thumb1_case_uhi.o)
                0x0000000000000134                __gnu_thumb1_case_uhi
 .text          0x0000000000000148      0x114 d:/alan/chipwon/tool/xpack-arm-none-eabi-gcc-10.3.1-2.3/bin/../lib/gcc/arm-none-eabi/10.3.1/thumb/v6-m/nofp\libgcc.a(_udivsi3.o)
                0x0000000000000148                __aeabi_uidiv
                0x0000000000000148                __udivsi3
                0x0000000000000254                __aeabi_uidivmod
 .text          0x000000000000025c        0x4 d:/alan/chipwon/tool/xpack-arm-none-eabi-gcc-10.3.1-2.3/bin/../lib/gcc/arm-none-eabi/10.3.1/thumb/v6-m/nofp\libgcc.a(_dvmd_tls.o)
                0x000000000000025c                __aeabi_idiv0
                0x000000000000025c                __aeabi_ldiv0
 .text          0x0000000000000260        0xe d:/alan/chipwon/tool/xpack-arm-none-eabi-gcc-10.3.1-2.3/bin/../lib/gcc/arm-none-eabi/10.3.1/../../../../arm-none-eabi/lib/thumb/v6-m/nofp\libg_nano.a(lib_a-strlen.o)
                0x0000000000000260                strlen
 *fill*         0x000000000000026e        0x2 
 .text          0x0000000000000270       0x14 d:/alan/chipwon/tool/xpack-arm-none-eabi-gcc-10.3.1-2.3/bin/../lib/gcc/arm-none-eabi/10.3.1/thumb/v6-m/nofp\libgcc.a(_thumb1_case_shi.o)
                0x0000000000000270                __gnu_thumb1_case_shi
 *(.text*)
 .text.memset   0x0000000000000284       0x10 d:/alan/chipwon/tool/xpack-arm-none-eabi-gcc-10.3.1-2.3/bin/../lib/gcc/arm-none-eabi/10.3.1/../../../../arm-none-eabi/lib/thumb/v6-m/nofp\libc_nano.a(lib_a-memset.o)
                0x0000000000000284                memset
 .text.init_data_bss
                0x0000000000000294       0x7c sdk\platform\devices\startup.o
                0x0000000000000294                init_data_bss
 .text.SystemInit
                0x0000000000000310       0x24 sdk\platform\devices\tw9001\startup\system_tw9001.o
                0x0000000000000310                SystemInit
 .text.clcok_set_pcc_config
                0x0000000000000334       0x88 sdk\platform\drivers\src\clock_tw9001.o
 .text.clock_set_sim_config
                0x00000000000003bc      0x130 sdk\platform\drivers\src\clock_tw9001.o
 .text.clock_get_default_config
                0x00000000000004ec       0x94 sdk\platform\drivers\src\clock_tw9001.o
 .text.clock_check_pcc_clock
                0x0000000000000580       0x54 sdk\platform\drivers\src\clock_tw9001.o
 .text.clock_get_current_run_mode
                0x00000000000005d4       0x28 sdk\platform\drivers\src\clock_tw9001.o
 .text.clock_get_sys_osc_freq
                0x00000000000005fc        0xc sdk\platform\drivers\src\clock_tw9001.o
 .text.clock_configure_sosc
                0x0000000000000608       0x70 sdk\platform\drivers\src\clock_tw9001.o
 .text.clock_get_sirc_freq
                0x0000000000000678        0x8 sdk\platform\drivers\src\clock_tw9001.o
 .text.clock_configure_sirc
                0x0000000000000680       0x58 sdk\platform\drivers\src\clock_tw9001.o
 .text.clock_get_firc_freq
                0x00000000000006d8        0x8 sdk\platform\drivers\src\clock_tw9001.o
 .text.clock_configure_firc
                0x00000000000006e0       0x58 sdk\platform\drivers\src\clock_tw9001.o
 .text.clock_get_src_freq
                0x0000000000000738       0x24 sdk\platform\drivers\src\clock_tw9001.o
 .text.clock_set_sys_clk_config
                0x000000000000075c       0xe4 sdk\platform\drivers\src\clock_tw9001.o
 .text.clock_transition_system_clcok
                0x0000000000000840       0x50 sdk\platform\drivers\src\clock_tw9001.o
 .text.clock_configure_modules_from_scg
                0x0000000000000890       0xcc sdk\platform\drivers\src\clock_tw9001.o
 .text.clock_configure_tmp_sys_clk
                0x000000000000095c       0x44 sdk\platform\drivers\src\clock_tw9001.o
 .text.clock_set_scg_config
                0x00000000000009a0       0x84 sdk\platform\drivers\src\clock_tw9001.o
 .text.clock_get_system_clock_freq
                0x0000000000000a24       0x68 sdk\platform\drivers\src\clock_tw9001.o
 .text.clock_get_scg_clk_out_freq
                0x0000000000000a8c       0x44 sdk\platform\drivers\src\clock_tw9001.o
 .text.clock_get_sys_async_freq
                0x0000000000000ad0       0xc0 sdk\platform\drivers\src\clock_tw9001.o
 .text.clock_get_sim_rtc_clk_freq
                0x0000000000000b90       0x5c sdk\platform\drivers\src\clock_tw9001.o
 .text.clock_get_lpo_freq
                0x0000000000000bec       0x64 sdk\platform\drivers\src\clock_tw9001.o
 .text.clock_get_sim_clk_out_freq
                0x0000000000000c50       0x8c sdk\platform\drivers\src\clock_tw9001.o
 .text.clock_get_scg_clock_freq
                0x0000000000000cdc       0xd8 sdk\platform\drivers\src\clock_tw9001.o
 .text.clock_get_other_sim_clock_freq
                0x0000000000000db4       0x78 sdk\platform\drivers\src\clock_tw9001.o
 .text.clock_get_sim_clock_freq
                0x0000000000000e2c       0x90 sdk\platform\drivers\src\clock_tw9001.o
 .text.clock_get_ftm_option_freq
                0x0000000000000ebc       0x1e sdk\platform\drivers\src\clock_tw9001.o
 *fill*         0x0000000000000eda        0x2 
 .text.clock_get_peripheral_clock
                0x0000000000000edc       0x88 sdk\platform\drivers\src\clock_tw9001.o
 .text.clock_get_pcc_clock_freq
                0x0000000000000f64       0x9c sdk\platform\drivers\src\clock_tw9001.o
 .text.clock_init
                0x0000000000001000       0x42 sdk\platform\drivers\src\clock_tw9001.o
                0x0000000000001000                clock_init
 .text.clock_get_freq
                0x0000000000001042       0x24 sdk\platform\drivers\src\clock_tw9001.o
                0x0000000000001042                clock_get_freq
 *fill*         0x0000000000001066        0x2 
 .text.clock_init_config
                0x0000000000001068       0x28 sdk\platform\drivers\src\clock_tw9001.o
                0x0000000000001068                clock_init_config
 .text.clock_update_config
                0x0000000000001090      0x104 sdk\platform\drivers\src\clock_tw9001.o
                0x0000000000001090                clock_update_config
 .text.edma_tcd_set_major_complete_int
                0x0000000000001194       0x3c sdk\platform\drivers\src\edma_driver.o
 .text.edma_clear_int_status
                0x00000000000011d0       0x10 sdk\platform\drivers\src\edma_driver.o
 .text.edma_valid_transfer_size
                0x00000000000011e0        0xc sdk\platform\drivers\src\edma_driver.o
 .text.edma_set_dma_request
                0x00000000000011ec        0xc sdk\platform\drivers\src\edma_driver.o
                0x00000000000011ec                edma_set_dma_request
 .text.edma_tcd_clear_reg
                0x00000000000011f8       0x68 sdk\platform\drivers\src\edma_driver.o
                0x00000000000011f8                edma_tcd_clear_reg
 .text.edma_tcd_set_attribute
                0x0000000000001260       0x38 sdk\platform\drivers\src\edma_driver.o
                0x0000000000001260                edma_tcd_set_attribute
 .text.edma_tcd_set_nbytes
                0x0000000000001298       0x68 sdk\platform\drivers\src\edma_driver.o
                0x0000000000001298                edma_tcd_set_nbytes
 .text.edma_tcd_set_major_count
                0x0000000000001300       0x74 sdk\platform\drivers\src\edma_driver.o
                0x0000000000001300                edma_tcd_set_major_count
 .text.edma_install_callback
                0x0000000000001374       0x34 sdk\platform\drivers\src\edma_driver.o
                0x0000000000001374                edma_install_callback
 .text.edma_irq_handler
                0x00000000000013a8       0x28 sdk\platform\drivers\src\edma_driver.o
                0x00000000000013a8                edma_irq_handler
 .text.edma_config_single_block_transfer
                0x00000000000013d0      0x1b8 sdk\platform\drivers\src\edma_driver.o
                0x00000000000013d0                edma_config_single_block_transfer
 .text.edma_config_multi_block_transfer
                0x0000000000001588       0xb4 sdk\platform\drivers\src\edma_driver.o
                0x0000000000001588                edma_config_multi_block_transfer
 .text.edma_start_channel
                0x000000000000163c       0x3c sdk\platform\drivers\src\edma_driver.o
                0x000000000000163c                edma_start_channel
 .text.edma_stop_channel
                0x0000000000001678       0x3c sdk\platform\drivers\src\edma_driver.o
                0x0000000000001678                edma_stop_channel
 .text.edma_set_src_addr
                0x00000000000016b4       0x38 sdk\platform\drivers\src\edma_driver.o
                0x00000000000016b4                edma_set_src_addr
 .text.edma_set_major_loop_iteration_count
                0x00000000000016ec       0x3c sdk\platform\drivers\src\edma_driver.o
                0x00000000000016ec                edma_set_major_loop_iteration_count
 .text.DMA0_IRQHandler
                0x0000000000001728        0xa sdk\platform\drivers\src\edma_driver.o
                0x0000000000001728                DMA0_IRQHandler
 .text.DMA1_IRQHandler
                0x0000000000001732        0xa sdk\platform\drivers\src\edma_driver.o
                0x0000000000001732                DMA1_IRQHandler
 .text.DMA2_IRQHandler
                0x000000000000173c        0xa sdk\platform\drivers\src\edma_driver.o
                0x000000000000173c                DMA2_IRQHandler
 .text.DMA3_IRQHandler
                0x0000000000001746        0xa sdk\platform\drivers\src\edma_driver.o
                0x0000000000001746                DMA3_IRQHandler
 .text.int_enable_irq
                0x0000000000001750       0x34 sdk\platform\drivers\src\interrupt_manager.o
                0x0000000000001750                int_enable_irq
 .text.int_enable_irq_global
                0x0000000000001784       0x1c sdk\platform\drivers\src\interrupt_manager.o
                0x0000000000001784                int_enable_irq_global
 .text.int_disable_irq_global
                0x00000000000017a0       0x10 sdk\platform\drivers\src\interrupt_manager.o
                0x00000000000017a0                int_disable_irq_global
 .text.lptmr_set_reset_value
                0x00000000000017b0       0x20 sdk\platform\drivers\src\lptmr_driver.o
                0x00000000000017b0                lptmr_set_reset_value
 .text.lptmr_set_config
                0x00000000000017d0      0x100 sdk\platform\drivers\src\lptmr_driver.o
                0x00000000000017d0                lptmr_set_config
 .text.lptmr_init
                0x00000000000018d0       0x48 sdk\platform\drivers\src\lptmr_driver.o
                0x00000000000018d0                lptmr_init
 .text.lpaurt_start_send_data_using_dma
                0x0000000000001918       0xb8 sdk\platform\drivers\src\lpuart_driver.o
 .text.lpuart_init_set
                0x00000000000019d0       0x20 sdk\platform\drivers\src\lpuart_driver.o
                0x00000000000019d0                lpuart_init_set
 .text.lpuart_set_bit_count_per_char
                0x00000000000019f0       0x34 sdk\platform\drivers\src\lpuart_driver.o
                0x00000000000019f0                lpuart_set_bit_count_per_char
 .text.lpuart_set_parity_mode
                0x0000000000001a24       0x1e sdk\platform\drivers\src\lpuart_driver.o
                0x0000000000001a24                lpuart_set_parity_mode
 *fill*         0x0000000000001a42        0x2 
 .text.lpuart_set_int_mode
                0x0000000000001a44       0x68 sdk\platform\drivers\src\lpuart_driver.o
                0x0000000000001a44                lpuart_set_int_mode
 .text.lpuart_start_send_data_using_int
                0x0000000000001aac       0x88 sdk\platform\drivers\src\lpuart_driver.o
 .text.lpuart_complete_send_data_using_int
                0x0000000000001b34       0x70 sdk\platform\drivers\src\lpuart_driver.o
 .text.lpuart_stop_tx_dma
                0x0000000000001ba4       0x6c sdk\platform\drivers\src\lpuart_driver.o
 .text.lpaurt_tx_complete_irq_handler
                0x0000000000001c10       0x34 sdk\platform\drivers\src\lpuart_driver.o
 .text.lpuart_tx_dma_callback
                0x0000000000001c44       0x74 sdk\platform\drivers\src\lpuart_driver.o
 .text.lpuart_get_int_mode
                0x0000000000001cb8       0x3c sdk\platform\drivers\src\lpuart_driver.o
                0x0000000000001cb8                lpuart_get_int_mode
 .text.lpuart_put_char9
                0x0000000000001cf4       0x20 sdk\platform\drivers\src\lpuart_driver.o
                0x0000000000001cf4                lpuart_put_char9
 .text.lpuart_put_char10
                0x0000000000001d14       0x2c sdk\platform\drivers\src\lpuart_driver.o
                0x0000000000001d14                lpuart_put_char10
 .text.lpuart_put_data
                0x0000000000001d40       0x44 sdk\platform\drivers\src\lpuart_driver.o
 .text.lpuart_tx_empty_irq_handler
                0x0000000000001d84       0x7c sdk\platform\drivers\src\lpuart_driver.o
 .text.lpuart_get_char9
                0x0000000000001e00       0x1a sdk\platform\drivers\src\lpuart_driver.o
                0x0000000000001e00                lpuart_get_char9
 .text.lpuart_get_char10
                0x0000000000001e1a       0x2a sdk\platform\drivers\src\lpuart_driver.o
                0x0000000000001e1a                lpuart_get_char10
 .text.lpuart_get_data
                0x0000000000001e44       0x64 sdk\platform\drivers\src\lpuart_driver.o
 .text.lpuart_get_status_flag
                0x0000000000001ea8       0x3c sdk\platform\drivers\src\lpuart_driver.o
                0x0000000000001ea8                lpuart_get_status_flag
 .text.lpuart_set_error_interrupts
                0x0000000000001ee4       0x40 sdk\platform\drivers\src\lpuart_driver.o
                0x0000000000001ee4                lpuart_set_error_interrupts
 .text.lpuart_complete_receive_data_using_int
                0x0000000000001f24       0x70 sdk\platform\drivers\src\lpuart_driver.o
 .text.lpuart_rx_irq_handler
                0x0000000000001f94       0x68 sdk\platform\drivers\src\lpuart_driver.o
 .text.lpuart_stop_rx_dma
                0x0000000000001ffc       0x6c sdk\platform\drivers\src\lpuart_driver.o
 .text.lpuart_err_irq_handler
                0x0000000000002068      0x144 sdk\platform\drivers\src\lpuart_driver.o
 .text.lpuart_install_rx_callback
                0x00000000000021ac       0x1c sdk\platform\drivers\src\lpuart_driver.o
                0x00000000000021ac                lpuart_install_rx_callback
 .text.lpuart_send_data_blocking
                0x00000000000021c8       0x7c sdk\platform\drivers\src\lpuart_driver.o
                0x00000000000021c8                lpuart_send_data_blocking
 .text.lpuart_set_baud_rate
                0x0000000000002244      0x15c sdk\platform\drivers\src\lpuart_driver.o
                0x0000000000002244                lpuart_set_baud_rate
 .text.lpuart_init
                0x00000000000023a0      0x140 sdk\platform\drivers\src\lpuart_driver.o
                0x00000000000023a0                lpuart_init
 .text.lpuart_set_rx_buffer
                0x00000000000024e0       0x2c sdk\platform\drivers\src\lpuart_driver.o
                0x00000000000024e0                lpuart_set_rx_buffer
 .text.lpuart_irq_handler
                0x000000000000250c       0x94 sdk\platform\drivers\src\lpuart_driver.o
                0x000000000000250c                lpuart_irq_handler
 .text.LPUART0_IRQHandler
                0x00000000000025a0        0xa sdk\platform\drivers\src\lpuart_driver.o
                0x00000000000025a0                LPUART0_IRQHandler
 .text.LPUART1_IRQHandler
                0x00000000000025aa        0xa sdk\platform\drivers\src\lpuart_driver.o
                0x00000000000025aa                LPUART1_IRQHandler
 .text.SysTick_Handler
                0x00000000000025b4       0x10 sdk\platform\drivers\src\osif_driver.o
                0x00000000000025b4                SysTick_Handler
 .text.osif_sema_wait
                0x00000000000025c4       0xb0 sdk\platform\drivers\src\osif_driver.o
                0x00000000000025c4                osif_sema_wait
 .text.osif_sema_post
                0x0000000000002674       0x2c sdk\platform\drivers\src\osif_driver.o
                0x0000000000002674                osif_sema_post
 .text.osif_sema_create
                0x00000000000026a0       0x1c sdk\platform\drivers\src\osif_driver.o
                0x00000000000026a0                osif_sema_create
 .text.pins_init_set
                0x00000000000026bc      0x124 sdk\platform\drivers\src\pins_driver.o
 .text.pins_chip_init
                0x00000000000027e0       0x4c sdk\platform\drivers\src\pins_driver.o
                0x00000000000027e0                pins_chip_init
 .text.pins_init
                0x000000000000282c       0x20 sdk\platform\drivers\src\pins_driver.o
                0x000000000000282c                pins_init
 .text.pins_toggle_pins
                0x000000000000284c        0x8 sdk\platform\drivers\src\pins_driver.o
                0x000000000000284c                pins_toggle_pins
 .text.rx0_callback
                0x0000000000002854       0x38 src\main.o
                0x0000000000002854                rx0_callback
 .text.HardFault_Handler
                0x000000000000288c        0x2 src\main.o
                0x000000000000288c                HardFault_Handler
 *fill*         0x000000000000288e        0x2 
 .text.LPTMR0_IRQHandler
                0x0000000000002890       0x4c src\main.o
                0x0000000000002890                LPTMR0_IRQHandler
 .text.print    0x00000000000028dc       0x16 src\main.o
                0x00000000000028dc                print
 *fill*         0x00000000000028f2        0x2 
 .text.init_pins
                0x00000000000028f4       0x58 src\main.o
                0x00000000000028f4                init_pins
 .text.init_uart
                0x000000000000294c       0x30 src\main.o
                0x000000000000294c                init_uart
 .text.init_lptmr
                0x000000000000297c       0x30 src\main.o
                0x000000000000297c                init_lptmr
 .text.main     0x00000000000029ac      0x12c src\main.o
                0x00000000000029ac                main
 .text.pufs_module_init
                0x0000000000002ad8       0x44 ../sdk/platform/drivers/lib\libpufs.a(pufs_common.o)
                0x0000000000002ad8                pufs_module_init
 .text.pufs_initialize
                0x0000000000002b1c       0xd0 ../sdk/platform/drivers/lib\libpufs.a(pufs_common.o)
                0x0000000000002b1c                pufs_initialize
 .text.write_data
                0x0000000000002bec       0x2c ../sdk/platform/drivers/lib\libpufs.a(pufs_crypto.o)
 .text.read_data
                0x0000000000002c18       0x5a ../sdk/platform/drivers/lib\libpufs.a(pufs_crypto.o)
 *fill*         0x0000000000002c72        0x2 
 .text.pufs_crypto_module_init
                0x0000000000002c74       0x24 ../sdk/platform/drivers/lib\libpufs.a(pufs_crypto.o)
                0x0000000000002c74                pufs_crypto_module_init
 .text.crypto_write_sw_key
                0x0000000000002c98       0x20 ../sdk/platform/drivers/lib\libpufs.a(pufs_crypto.o)
                0x0000000000002c98                crypto_write_sw_key
 .text.crypto_write_dgst
                0x0000000000002cb8       0x20 ../sdk/platform/drivers/lib\libpufs.a(pufs_crypto.o)
                0x0000000000002cb8                crypto_write_dgst
 .text.crypto_read_dgest
                0x0000000000002cd8       0x1c ../sdk/platform/drivers/lib\libpufs.a(pufs_crypto.o)
                0x0000000000002cd8                crypto_read_dgest
 .text.dma_write_rwcfg
                0x0000000000002cf4       0x24 ../sdk/platform/drivers/lib\libpufs.a(pufs_dma.o)
                0x0000000000002cf4                dma_write_rwcfg
 .text.dma_write_key_config_0
                0x0000000000002d18       0x18 ../sdk/platform/drivers/lib\libpufs.a(pufs_dma.o)
                0x0000000000002d18                dma_write_key_config_0
 .text.dma_write_config_0
                0x0000000000002d30       0x1c ../sdk/platform/drivers/lib\libpufs.a(pufs_dma.o)
                0x0000000000002d30                dma_write_config_0
 .text.dma_write_data_block_config
                0x0000000000002d4c       0x40 ../sdk/platform/drivers/lib\libpufs.a(pufs_dma.o)
                0x0000000000002d4c                dma_write_data_block_config
 .text.dma_write_start
                0x0000000000002d8c       0x10 ../sdk/platform/drivers/lib\libpufs.a(pufs_dma.o)
                0x0000000000002d8c                dma_write_start
 .text.dma_check_busy_status
                0x0000000000002d9c       0x18 ../sdk/platform/drivers/lib\libpufs.a(pufs_dma.o)
                0x0000000000002d9c                dma_check_busy_status
 .text.pufs_dma_module_init
                0x0000000000002db4       0x34 ../sdk/platform/drivers/lib\libpufs.a(pufs_dma.o)
                0x0000000000002db4                pufs_dma_module_init
 .text.pufs_ecc_start
                0x0000000000002de8       0x14 ../sdk/platform/drivers/lib\libpufs.a(pufs_ecp.o)
 .text._write_ecp_operand
                0x0000000000002dfc       0x50 ../sdk/platform/drivers/lib\libpufs.a(pufs_ecp.o)
 .text.pufs_ecp_set_curve_params_byname
                0x0000000000002e4c       0xb0 ../sdk/platform/drivers/lib\libpufs.a(pufs_ecp.o)
 .text.read_ecp_operand
                0x0000000000002efc       0x4c ../sdk/platform/drivers/lib\libpufs.a(pufs_ecp.o)
 .text.write_ecp_program
                0x0000000000002f48       0x6c ../sdk/platform/drivers/lib\libpufs.a(pufs_ecp.o)
 .text.pufs_ecp_set_sm2_curve
                0x0000000000002fb4       0x20 ../sdk/platform/drivers/lib\libpufs.a(pufs_ecp.o)
                0x0000000000002fb4                pufs_ecp_set_sm2_curve
 .text.pufs_pkc_module_init
                0x0000000000002fd4       0x24 ../sdk/platform/drivers/lib\libpufs.a(pufs_ecp.o)
                0x0000000000002fd4                pufs_pkc_module_init
 .text.pufs_ecp_set_curve_byname
                0x0000000000002ff8       0x60 ../sdk/platform/drivers/lib\libpufs.a(pufs_ecp.o)
                0x0000000000002ff8                pufs_ecp_set_curve_byname
 .text.pufs_ecp_gen_sprk
                0x0000000000003058       0xe8 ../sdk/platform/drivers/lib\libpufs.a(pufs_ecp.o)
                0x0000000000003058                pufs_ecp_gen_sprk
 .text.pufs_ecp_gen_puk
                0x0000000000003140       0xe4 ../sdk/platform/drivers/lib\libpufs.a(pufs_ecp.o)
                0x0000000000003140                pufs_ecp_gen_puk
 .text.hmac_set_dgst_length.isra.0
                0x0000000000003224       0x2c ../sdk/platform/drivers/lib\libpufs.a(pufs_hmac.o)
 .text.hmac_get_cfg.isra.0
                0x0000000000003250       0x4a ../sdk/platform/drivers/lib\libpufs.a(pufs_hmac.o)
 *fill*         0x000000000000329a        0x2 
 .text.__hmac_ctx_update.part.0
                0x000000000000329c      0x144 ../sdk/platform/drivers/lib\libpufs.a(pufs_hmac.o)
 .text.hmac_ctx_update
                0x00000000000033e0       0xbe ../sdk/platform/drivers/lib\libpufs.a(pufs_hmac.o)
 .text.hmac_ctx_final
                0x000000000000349e       0x62 ../sdk/platform/drivers/lib\libpufs.a(pufs_hmac.o)
                0x000000000000349e                hmac_ctx_final
 .text.pufs_hmac_module_init
                0x0000000000003500       0x24 ../sdk/platform/drivers/lib\libpufs.a(pufs_hmac.o)
                0x0000000000003500                pufs_hmac_module_init
 .text.pufs_hash_update
                0x0000000000003524       0x10 ../sdk/platform/drivers/lib\libpufs.a(pufs_hmac.o)
                0x0000000000003524                pufs_hash_update
 .text.pufs_hash_final
                0x0000000000003534        0xe ../sdk/platform/drivers/lib\libpufs.a(pufs_hmac.o)
                0x0000000000003534                pufs_hash_final
 .text.pufs_hash
                0x0000000000003542       0x3e ../sdk/platform/drivers/lib\libpufs.a(pufs_hmac.o)
                0x0000000000003542                pufs_hash
 .text.hmac_ctx_init
                0x0000000000003580      0x108 ../sdk/platform/drivers/lib\libpufs.a(pufs_hmac.o)
 .text.pufs_hash_init
                0x0000000000003688       0x14 ../sdk/platform/drivers/lib\libpufs.a(pufs_hmac.o)
                0x0000000000003688                pufs_hash_init
 .text._pufs_hmac_init
                0x000000000000369c       0x16 ../sdk/platform/drivers/lib\libpufs.a(pufs_hmac.o)
                0x000000000000369c                _pufs_hmac_init
 .text.segment  0x00000000000036b2       0xe0 ../sdk/platform/drivers/lib\libpufs.a(pufs_internal.o)
                0x00000000000036b2                segment
 *fill*         0x0000000000003792        0x2 
 .text.version_check
                0x0000000000003794       0x28 ../sdk/platform/drivers/lib\libpufs.a(pufs_internal.o)
                0x0000000000003794                version_check
 .text.ka_skslot_check
                0x00000000000037bc       0xf8 ../sdk/platform/drivers/lib\libpufs.a(pufs_ka.o)
 .text.keyslot_check
                0x00000000000038b4       0x94 ../sdk/platform/drivers/lib\libpufs.a(pufs_ka.o)
                0x00000000000038b4                keyslot_check
 .text.get_key_slot_idx
                0x0000000000003948       0x66 ../sdk/platform/drivers/lib\libpufs.a(pufs_ka.o)
                0x0000000000003948                get_key_slot_idx
 *fill*         0x00000000000039ae        0x2 
 .text.pufs_get_ss_keybits
                0x00000000000039b0       0x24 ../sdk/platform/drivers/lib\libpufs.a(pufs_ka.o)
                0x00000000000039b0                pufs_get_ss_keybits
 .text.pufs_ka_module_init
                0x00000000000039d4       0x24 ../sdk/platform/drivers/lib\libpufs.a(pufs_ka.o)
                0x00000000000039d4                pufs_ka_module_init
 .text.pufs_kwp_module_init
                0x00000000000039f8       0x24 ../sdk/platform/drivers/lib\libpufs.a(pufs_ka.o)
                0x00000000000039f8                pufs_kwp_module_init
 .text._pufs_kdf_base
                0x0000000000003a1c      0x404 ../sdk/platform/drivers/lib\libpufs.a(pufs_kdf.o)
 .text.pufs_kdf_module_init
                0x0000000000003e20       0x24 ../sdk/platform/drivers/lib\libpufs.a(pufs_kdf.o)
                0x0000000000003e20                pufs_kdf_module_init
 .text._pufs_kdf
                0x0000000000003e44       0x4e ../sdk/platform/drivers/lib\libpufs.a(pufs_kdf.o)
                0x0000000000003e44                _pufs_kdf
 .text.be2le    0x0000000000003e92        0x4 ../sdk/platform/drivers/lib\libpufs.a(pufs_reg_ctrl.o)
                0x0000000000003e92                be2le
 .text.puf_slot_check
                0x0000000000003e96       0x10 ../sdk/platform/drivers/lib\libpufs.a(pufs_rt.o)
                0x0000000000003e96                puf_slot_check
 .text.otpkey_slot_check
                0x0000000000003ea6       0x34 ../sdk/platform/drivers/lib\libpufs.a(pufs_rt.o)
                0x0000000000003ea6                otpkey_slot_check
 *fill*         0x0000000000003eda        0x2 
 .text.pufs_rt_module_init
                0x0000000000003edc       0x28 ../sdk/platform/drivers/lib\libpufs.a(pufs_rt.o)
                0x0000000000003edc                pufs_rt_module_init
 .text.pufs_rt_cde_init
                0x0000000000003f04       0x18 ../sdk/platform/drivers/lib\libpufs.a(pufs_rt_cde.o)
                0x0000000000003f04                pufs_rt_cde_init
 .text.pufs_sp38a_module_init
                0x0000000000003f1c       0x24 ../sdk/platform/drivers/lib\libpufs.a(pufs_sp38a.o)
                0x0000000000003f1c                pufs_sp38a_module_init
 .text.pufs_sp38c_module_init
                0x0000000000003f40       0x24 ../sdk/platform/drivers/lib\libpufs.a(pufs_sp38c.o)
                0x0000000000003f40                pufs_sp38c_module_init
 .text.pufs_sp38d_module_init
                0x0000000000003f64       0x24 ../sdk/platform/drivers/lib\libpufs.a(pufs_sp38d.o)
                0x0000000000003f64                pufs_sp38d_module_init
 .text.pufs_sp38e_module_init
                0x0000000000003f88       0x24 ../sdk/platform/drivers/lib\libpufs.a(pufs_sp38e.o)
                0x0000000000003f88                pufs_sp38e_module_init
 .text.pufs_drbg_module_init
                0x0000000000003fac       0x24 ../sdk/platform/drivers/lib\libpufs.a(pufs_sp90a.o)
                0x0000000000003fac                pufs_drbg_module_init
 .text.pufs_pal_init
                0x0000000000003fd0        0x2 ../sdk/platform/drivers/lib\libpufs.a(dummy_pal.o)
                0x0000000000003fd0                pufs_pal_init
 .text.pufs_pal_mmap
                0x0000000000003fd2        0x4 ../sdk/platform/drivers/lib\libpufs.a(dummy_pal.o)
                0x0000000000003fd2                pufs_pal_mmap
 .text.pufs_pal_config_dma
                0x0000000000003fd6        0x4 ../sdk/platform/drivers/lib\libpufs.a(dummy_pal.o)
                0x0000000000003fd6                pufs_pal_config_dma
 .text.pufs_pal_dma_write_addr
                0x0000000000003fda        0x2 ../sdk/platform/drivers/lib\libpufs.a(dummy_pal.o)
                0x0000000000003fda                pufs_pal_dma_write_addr
 .text.pufs_pal_dma_read_addr
                0x0000000000003fdc        0x2 ../sdk/platform/drivers/lib\libpufs.a(dummy_pal.o)
                0x0000000000003fdc                pufs_pal_dma_read_addr
 *fill*         0x0000000000003fde        0x2 
 .text.pufs_chacha_module_init
                0x0000000000003fe0       0x24 ../sdk/platform/drivers/lib\libpufs.a(pufs_chacha.o)
                0x0000000000003fe0                pufs_chacha_module_init
 .text.pufs_cmac_module_init
                0x0000000000004004       0x24 ../sdk/platform/drivers/lib\libpufs.a(pufs_cmac.o)
                0x0000000000004004                pufs_cmac_module_init
 .text.reverse  0x0000000000004028       0x12 ../sdk/platform/drivers/lib\libpufs.a(pufs_ecc.o)
                0x0000000000004028                reverse
 *fill*         0x000000000000403a        0x2 
 .text.malloc   0x000000000000403c       0x14 d:/alan/chipwon/tool/xpack-arm-none-eabi-gcc-10.3.1-2.3/bin/../lib/gcc/arm-none-eabi/10.3.1/../../../../arm-none-eabi/lib/thumb/v6-m/nofp\libg_nano.a(lib_a-malloc.o)
                0x000000000000403c                malloc
 .text.free     0x0000000000004050       0x14 d:/alan/chipwon/tool/xpack-arm-none-eabi-gcc-10.3.1-2.3/bin/../lib/gcc/arm-none-eabi/10.3.1/../../../../arm-none-eabi/lib/thumb/v6-m/nofp\libg_nano.a(lib_a-malloc.o)
                0x0000000000004050                free
 .text.memcpy   0x0000000000004064       0x12 d:/alan/chipwon/tool/xpack-arm-none-eabi-gcc-10.3.1-2.3/bin/../lib/gcc/arm-none-eabi/10.3.1/../../../../arm-none-eabi/lib/thumb/v6-m/nofp\libg_nano.a(lib_a-memcpy-stub.o)
                0x0000000000004064                memcpy
 .text.memmove  0x0000000000004076       0x26 d:/alan/chipwon/tool/xpack-arm-none-eabi-gcc-10.3.1-2.3/bin/../lib/gcc/arm-none-eabi/10.3.1/../../../../arm-none-eabi/lib/thumb/v6-m/nofp\libg_nano.a(lib_a-memmove.o)
                0x0000000000004076                memmove
 .text._free_r  0x000000000000409c       0x94 d:/alan/chipwon/tool/xpack-arm-none-eabi-gcc-10.3.1-2.3/bin/../lib/gcc/arm-none-eabi/10.3.1/../../../../arm-none-eabi/lib/thumb/v6-m/nofp\libg_nano.a(lib_a-nano-freer.o)
                0x000000000000409c                _free_r
 .text.sbrk_aligned
                0x0000000000004130       0x44 d:/alan/chipwon/tool/xpack-arm-none-eabi-gcc-10.3.1-2.3/bin/../lib/gcc/arm-none-eabi/10.3.1/../../../../arm-none-eabi/lib/thumb/v6-m/nofp\libg_nano.a(lib_a-nano-mallocr.o)
 .text._malloc_r
                0x0000000000004174       0xec d:/alan/chipwon/tool/xpack-arm-none-eabi-gcc-10.3.1-2.3/bin/../lib/gcc/arm-none-eabi/10.3.1/../../../../arm-none-eabi/lib/thumb/v6-m/nofp\libg_nano.a(lib_a-nano-mallocr.o)
                0x0000000000004174                _malloc_r
 .text.printf   0x0000000000004260       0x34 d:/alan/chipwon/tool/xpack-arm-none-eabi-gcc-10.3.1-2.3/bin/../lib/gcc/arm-none-eabi/10.3.1/../../../../arm-none-eabi/lib/thumb/v6-m/nofp\libg_nano.a(lib_a-printf.o)
                0x0000000000004260                iprintf
                0x0000000000004260                printf
 .text._sbrk_r  0x0000000000004294       0x24 d:/alan/chipwon/tool/xpack-arm-none-eabi-gcc-10.3.1-2.3/bin/../lib/gcc/arm-none-eabi/10.3.1/../../../../arm-none-eabi/lib/thumb/v6-m/nofp\libg_nano.a(lib_a-sbrkr.o)
                0x0000000000004294                _sbrk_r
 .text.sprintf  0x00000000000042b8       0x40 d:/alan/chipwon/tool/xpack-arm-none-eabi-gcc-10.3.1-2.3/bin/../lib/gcc/arm-none-eabi/10.3.1/../../../../arm-none-eabi/lib/thumb/v6-m/nofp\libg_nano.a(lib_a-sprintf.o)
                0x00000000000042b8                siprintf
                0x00000000000042b8                sprintf
 .text.__swbuf_r
                0x00000000000042f8       0xac d:/alan/chipwon/tool/xpack-arm-none-eabi-gcc-10.3.1-2.3/bin/../lib/gcc/arm-none-eabi/10.3.1/../../../../arm-none-eabi/lib/thumb/v6-m/nofp\libg_nano.a(lib_a-wbuf.o)
                0x00000000000042f8                __swbuf_r
 .text.__swsetup_r
                0x00000000000043a4       0xf0 d:/alan/chipwon/tool/xpack-arm-none-eabi-gcc-10.3.1-2.3/bin/../lib/gcc/arm-none-eabi/10.3.1/../../../../arm-none-eabi/lib/thumb/v6-m/nofp\libg_nano.a(lib_a-wsetup.o)
                0x00000000000043a4                __swsetup_r
 .text.__sflush_r
                0x0000000000004494      0x118 d:/alan/chipwon/tool/xpack-arm-none-eabi-gcc-10.3.1-2.3/bin/../lib/gcc/arm-none-eabi/10.3.1/../../../../arm-none-eabi/lib/thumb/v6-m/nofp\libg_nano.a(lib_a-fflush.o)
                0x0000000000004494                __sflush_r
 .text._fflush_r
                0x00000000000045ac       0x80 d:/alan/chipwon/tool/xpack-arm-none-eabi-gcc-10.3.1-2.3/bin/../lib/gcc/arm-none-eabi/10.3.1/../../../../arm-none-eabi/lib/thumb/v6-m/nofp\libg_nano.a(lib_a-fflush.o)
                0x00000000000045ac                _fflush_r
 .text.std      0x000000000000462c       0x48 d:/alan/chipwon/tool/xpack-arm-none-eabi-gcc-10.3.1-2.3/bin/../lib/gcc/arm-none-eabi/10.3.1/../../../../arm-none-eabi/lib/thumb/v6-m/nofp\libg_nano.a(lib_a-findfp.o)
 .text._cleanup_r
                0x0000000000004674       0x10 d:/alan/chipwon/tool/xpack-arm-none-eabi-gcc-10.3.1-2.3/bin/../lib/gcc/arm-none-eabi/10.3.1/../../../../arm-none-eabi/lib/thumb/v6-m/nofp\libg_nano.a(lib_a-findfp.o)
                0x0000000000004674                _cleanup_r
 .text.__sfmoreglue
                0x0000000000004684       0x2c d:/alan/chipwon/tool/xpack-arm-none-eabi-gcc-10.3.1-2.3/bin/../lib/gcc/arm-none-eabi/10.3.1/../../../../arm-none-eabi/lib/thumb/v6-m/nofp\libg_nano.a(lib_a-findfp.o)
                0x0000000000004684                __sfmoreglue
 .text.__sfp_lock_acquire
                0x00000000000046b0       0x10 d:/alan/chipwon/tool/xpack-arm-none-eabi-gcc-10.3.1-2.3/bin/../lib/gcc/arm-none-eabi/10.3.1/../../../../arm-none-eabi/lib/thumb/v6-m/nofp\libg_nano.a(lib_a-findfp.o)
                0x00000000000046b0                __sfp_lock_acquire
 .text.__sfp_lock_release
                0x00000000000046c0       0x10 d:/alan/chipwon/tool/xpack-arm-none-eabi-gcc-10.3.1-2.3/bin/../lib/gcc/arm-none-eabi/10.3.1/../../../../arm-none-eabi/lib/thumb/v6-m/nofp\libg_nano.a(lib_a-findfp.o)
                0x00000000000046c0                __sfp_lock_release
 .text.__sinit_lock_acquire
                0x00000000000046d0       0x10 d:/alan/chipwon/tool/xpack-arm-none-eabi-gcc-10.3.1-2.3/bin/../lib/gcc/arm-none-eabi/10.3.1/../../../../arm-none-eabi/lib/thumb/v6-m/nofp\libg_nano.a(lib_a-findfp.o)
                0x00000000000046d0                __sinit_lock_acquire
 .text.__sinit_lock_release
                0x00000000000046e0       0x10 d:/alan/chipwon/tool/xpack-arm-none-eabi-gcc-10.3.1-2.3/bin/../lib/gcc/arm-none-eabi/10.3.1/../../../../arm-none-eabi/lib/thumb/v6-m/nofp\libg_nano.a(lib_a-findfp.o)
                0x00000000000046e0                __sinit_lock_release
 .text.__sinit  0x00000000000046f0       0x70 d:/alan/chipwon/tool/xpack-arm-none-eabi-gcc-10.3.1-2.3/bin/../lib/gcc/arm-none-eabi/10.3.1/../../../../arm-none-eabi/lib/thumb/v6-m/nofp\libg_nano.a(lib_a-findfp.o)
                0x00000000000046f0                __sinit
 .text.__sfp    0x0000000000004760       0x90 d:/alan/chipwon/tool/xpack-arm-none-eabi-gcc-10.3.1-2.3/bin/../lib/gcc/arm-none-eabi/10.3.1/../../../../arm-none-eabi/lib/thumb/v6-m/nofp\libg_nano.a(lib_a-findfp.o)
                0x0000000000004760                __sfp
 .text._fwalk_reent
                0x00000000000047f0       0x40 d:/alan/chipwon/tool/xpack-arm-none-eabi-gcc-10.3.1-2.3/bin/../lib/gcc/arm-none-eabi/10.3.1/../../../../arm-none-eabi/lib/thumb/v6-m/nofp\libg_nano.a(lib_a-fwalk.o)
                0x00000000000047f0                _fwalk_reent
 .text.__retarget_lock_init_recursive
                0x0000000000004830        0x2 d:/alan/chipwon/tool/xpack-arm-none-eabi-gcc-10.3.1-2.3/bin/../lib/gcc/arm-none-eabi/10.3.1/../../../../arm-none-eabi/lib/thumb/v6-m/nofp\libg_nano.a(lib_a-lock.o)
                0x0000000000004830                __retarget_lock_init_recursive
 .text.__retarget_lock_acquire_recursive
                0x0000000000004832        0x2 d:/alan/chipwon/tool/xpack-arm-none-eabi-gcc-10.3.1-2.3/bin/../lib/gcc/arm-none-eabi/10.3.1/../../../../arm-none-eabi/lib/thumb/v6-m/nofp\libg_nano.a(lib_a-lock.o)
                0x0000000000004832                __retarget_lock_acquire_recursive
 .text.__retarget_lock_release_recursive
                0x0000000000004834        0x2 d:/alan/chipwon/tool/xpack-arm-none-eabi-gcc-10.3.1-2.3/bin/../lib/gcc/arm-none-eabi/10.3.1/../../../../arm-none-eabi/lib/thumb/v6-m/nofp\libg_nano.a(lib_a-lock.o)
                0x0000000000004834                __retarget_lock_release_recursive
 *fill*         0x0000000000004836        0x2 
 .text.__swhatbuf_r
                0x0000000000004838       0x50 d:/alan/chipwon/tool/xpack-arm-none-eabi-gcc-10.3.1-2.3/bin/../lib/gcc/arm-none-eabi/10.3.1/../../../../arm-none-eabi/lib/thumb/v6-m/nofp\libg_nano.a(lib_a-makebuf.o)
                0x0000000000004838                __swhatbuf_r
 .text.__smakebuf_r
                0x0000000000004888       0x88 d:/alan/chipwon/tool/xpack-arm-none-eabi-gcc-10.3.1-2.3/bin/../lib/gcc/arm-none-eabi/10.3.1/../../../../arm-none-eabi/lib/thumb/v6-m/nofp\libg_nano.a(lib_a-makebuf.o)
                0x0000000000004888                __smakebuf_r
 .text.__malloc_lock
                0x0000000000004910       0x10 d:/alan/chipwon/tool/xpack-arm-none-eabi-gcc-10.3.1-2.3/bin/../lib/gcc/arm-none-eabi/10.3.1/../../../../arm-none-eabi/lib/thumb/v6-m/nofp\libg_nano.a(lib_a-mlock.o)
                0x0000000000004910                __malloc_lock
 .text.__malloc_unlock
                0x0000000000004920       0x10 d:/alan/chipwon/tool/xpack-arm-none-eabi-gcc-10.3.1-2.3/bin/../lib/gcc/arm-none-eabi/10.3.1/../../../../arm-none-eabi/lib/thumb/v6-m/nofp\libg_nano.a(lib_a-mlock.o)
                0x0000000000004920                __malloc_unlock
 .text.__ssputs_r
                0x0000000000004930       0xc4 d:/alan/chipwon/tool/xpack-arm-none-eabi-gcc-10.3.1-2.3/bin/../lib/gcc/arm-none-eabi/10.3.1/../../../../arm-none-eabi/lib/thumb/v6-m/nofp\libg_nano.a(lib_a-nano-svfprintf.o)
                0x0000000000004930                __ssputs_r
 .text._svfprintf_r
                0x00000000000049f4      0x200 d:/alan/chipwon/tool/xpack-arm-none-eabi-gcc-10.3.1-2.3/bin/../lib/gcc/arm-none-eabi/10.3.1/../../../../arm-none-eabi/lib/thumb/v6-m/nofp\libg_nano.a(lib_a-nano-svfprintf.o)
                0x00000000000049f4                _svfiprintf_r
                0x00000000000049f4                _svfprintf_r
 .text._printf_common
                0x0000000000004bf4       0xde d:/alan/chipwon/tool/xpack-arm-none-eabi-gcc-10.3.1-2.3/bin/../lib/gcc/arm-none-eabi/10.3.1/../../../../arm-none-eabi/lib/thumb/v6-m/nofp\libg_nano.a(lib_a-nano-vfprintf_i.o)
                0x0000000000004bf4                _printf_common
 *fill*         0x0000000000004cd2        0x2 
 .text._printf_i
                0x0000000000004cd4      0x224 d:/alan/chipwon/tool/xpack-arm-none-eabi-gcc-10.3.1-2.3/bin/../lib/gcc/arm-none-eabi/10.3.1/../../../../arm-none-eabi/lib/thumb/v6-m/nofp\libg_nano.a(lib_a-nano-vfprintf_i.o)
                0x0000000000004cd4                _printf_i
 .text.__sfputc_r
                0x0000000000004ef8       0x2a d:/alan/chipwon/tool/xpack-arm-none-eabi-gcc-10.3.1-2.3/bin/../lib/gcc/arm-none-eabi/10.3.1/../../../../arm-none-eabi/lib/thumb/v6-m/nofp\libg_nano.a(lib_a-nano-vfprintf.o)
 .text.__sfputs_r
                0x0000000000004f22       0x24 d:/alan/chipwon/tool/xpack-arm-none-eabi-gcc-10.3.1-2.3/bin/../lib/gcc/arm-none-eabi/10.3.1/../../../../arm-none-eabi/lib/thumb/v6-m/nofp\libg_nano.a(lib_a-nano-vfprintf.o)
                0x0000000000004f22                __sfputs_r
 *fill*         0x0000000000004f46        0x2 
 .text._vfprintf_r
                0x0000000000004f48      0x274 d:/alan/chipwon/tool/xpack-arm-none-eabi-gcc-10.3.1-2.3/bin/../lib/gcc/arm-none-eabi/10.3.1/../../../../arm-none-eabi/lib/thumb/v6-m/nofp\libg_nano.a(lib_a-nano-vfprintf.o)
                0x0000000000004f48                _vfprintf_r
                0x0000000000004f48                _vfiprintf_r
 .text.__sread  0x00000000000051bc       0x28 d:/alan/chipwon/tool/xpack-arm-none-eabi-gcc-10.3.1-2.3/bin/../lib/gcc/arm-none-eabi/10.3.1/../../../../arm-none-eabi/lib/thumb/v6-m/nofp\libg_nano.a(lib_a-stdio.o)
                0x00000000000051bc                __sread
 .text.__swrite
                0x00000000000051e4       0x38 d:/alan/chipwon/tool/xpack-arm-none-eabi-gcc-10.3.1-2.3/bin/../lib/gcc/arm-none-eabi/10.3.1/../../../../arm-none-eabi/lib/thumb/v6-m/nofp\libg_nano.a(lib_a-stdio.o)
                0x00000000000051e4                __swrite
 .text.__sseek  0x000000000000521c       0x2c d:/alan/chipwon/tool/xpack-arm-none-eabi-gcc-10.3.1-2.3/bin/../lib/gcc/arm-none-eabi/10.3.1/../../../../arm-none-eabi/lib/thumb/v6-m/nofp\libg_nano.a(lib_a-stdio.o)
                0x000000000000521c                __sseek
 .text.__sclose
                0x0000000000005248        0xc d:/alan/chipwon/tool/xpack-arm-none-eabi-gcc-10.3.1-2.3/bin/../lib/gcc/arm-none-eabi/10.3.1/../../../../arm-none-eabi/lib/thumb/v6-m/nofp\libg_nano.a(lib_a-stdio.o)
                0x0000000000005248                __sclose
 .text._write_r
                0x0000000000005254       0x28 d:/alan/chipwon/tool/xpack-arm-none-eabi-gcc-10.3.1-2.3/bin/../lib/gcc/arm-none-eabi/10.3.1/../../../../arm-none-eabi/lib/thumb/v6-m/nofp\libg_nano.a(lib_a-writer.o)
                0x0000000000005254                _write_r
 .text._close_r
                0x000000000000527c       0x24 d:/alan/chipwon/tool/xpack-arm-none-eabi-gcc-10.3.1-2.3/bin/../lib/gcc/arm-none-eabi/10.3.1/../../../../arm-none-eabi/lib/thumb/v6-m/nofp\libg_nano.a(lib_a-closer.o)
                0x000000000000527c                _close_r
 .text._fstat_r
                0x00000000000052a0       0x24 d:/alan/chipwon/tool/xpack-arm-none-eabi-gcc-10.3.1-2.3/bin/../lib/gcc/arm-none-eabi/10.3.1/../../../../arm-none-eabi/lib/thumb/v6-m/nofp\libg_nano.a(lib_a-fstatr.o)
                0x00000000000052a0                _fstat_r
 .text._isatty_r
                0x00000000000052c4       0x24 d:/alan/chipwon/tool/xpack-arm-none-eabi-gcc-10.3.1-2.3/bin/../lib/gcc/arm-none-eabi/10.3.1/../../../../arm-none-eabi/lib/thumb/v6-m/nofp\libg_nano.a(lib_a-isattyr.o)
                0x00000000000052c4                _isatty_r
 .text._lseek_r
                0x00000000000052e8       0x28 d:/alan/chipwon/tool/xpack-arm-none-eabi-gcc-10.3.1-2.3/bin/../lib/gcc/arm-none-eabi/10.3.1/../../../../arm-none-eabi/lib/thumb/v6-m/nofp\libg_nano.a(lib_a-lseekr.o)
                0x00000000000052e8                _lseek_r
 .text.memchr   0x0000000000005310       0x16 d:/alan/chipwon/tool/xpack-arm-none-eabi-gcc-10.3.1-2.3/bin/../lib/gcc/arm-none-eabi/10.3.1/../../../../arm-none-eabi/lib/thumb/v6-m/nofp\libg_nano.a(lib_a-memchr-stub.o)
                0x0000000000005310                memchr
 .text._realloc_r
                0x0000000000005326       0x5e d:/alan/chipwon/tool/xpack-arm-none-eabi-gcc-10.3.1-2.3/bin/../lib/gcc/arm-none-eabi/10.3.1/../../../../arm-none-eabi/lib/thumb/v6-m/nofp\libg_nano.a(lib_a-nano-reallocr.o)
                0x0000000000005326                _realloc_r
 .text._read_r  0x0000000000005384       0x28 d:/alan/chipwon/tool/xpack-arm-none-eabi-gcc-10.3.1-2.3/bin/../lib/gcc/arm-none-eabi/10.3.1/../../../../arm-none-eabi/lib/thumb/v6-m/nofp\libg_nano.a(lib_a-readr.o)
                0x0000000000005384                _read_r
 .text._malloc_usable_size_r
                0x00000000000053ac       0x10 d:/alan/chipwon/tool/xpack-arm-none-eabi-gcc-10.3.1-2.3/bin/../lib/gcc/arm-none-eabi/10.3.1/../../../../arm-none-eabi/lib/thumb/v6-m/nofp\libg_nano.a(lib_a-nano-msizer.o)
                0x00000000000053ac                _malloc_usable_size_r
 .text._close   0x00000000000053bc       0x10 d:/alan/chipwon/tool/xpack-arm-none-eabi-gcc-10.3.1-2.3/bin/../lib/gcc/arm-none-eabi/10.3.1/../../../../arm-none-eabi/lib/thumb/v6-m/nofp\libnosys.a(close.o)
                0x00000000000053bc                _close
 .text._fstat   0x00000000000053cc       0x10 d:/alan/chipwon/tool/xpack-arm-none-eabi-gcc-10.3.1-2.3/bin/../lib/gcc/arm-none-eabi/10.3.1/../../../../arm-none-eabi/lib/thumb/v6-m/nofp\libnosys.a(fstat.o)
                0x00000000000053cc                _fstat
 .text._isatty  0x00000000000053dc       0x10 d:/alan/chipwon/tool/xpack-arm-none-eabi-gcc-10.3.1-2.3/bin/../lib/gcc/arm-none-eabi/10.3.1/../../../../arm-none-eabi/lib/thumb/v6-m/nofp\libnosys.a(isatty.o)
                0x00000000000053dc                _isatty
 .text._lseek   0x00000000000053ec       0x10 d:/alan/chipwon/tool/xpack-arm-none-eabi-gcc-10.3.1-2.3/bin/../lib/gcc/arm-none-eabi/10.3.1/../../../../arm-none-eabi/lib/thumb/v6-m/nofp\libnosys.a(lseek.o)
                0x00000000000053ec                _lseek
 .text._read    0x00000000000053fc       0x10 d:/alan/chipwon/tool/xpack-arm-none-eabi-gcc-10.3.1-2.3/bin/../lib/gcc/arm-none-eabi/10.3.1/../../../../arm-none-eabi/lib/thumb/v6-m/nofp\libnosys.a(read.o)
                0x00000000000053fc                _read
 .text._sbrk    0x000000000000540c       0x1c d:/alan/chipwon/tool/xpack-arm-none-eabi-gcc-10.3.1-2.3/bin/../lib/gcc/arm-none-eabi/10.3.1/../../../../arm-none-eabi/lib/thumb/v6-m/nofp\libnosys.a(sbrk.o)
                0x000000000000540c                _sbrk
 .text._write   0x0000000000005428       0x10 d:/alan/chipwon/tool/xpack-arm-none-eabi-gcc-10.3.1-2.3/bin/../lib/gcc/arm-none-eabi/10.3.1/../../../../arm-none-eabi/lib/thumb/v6-m/nofp\libnosys.a(write.o)
                0x0000000000005428                _write
 *(.rodata)
 .rodata        0x0000000000005438       0x1c src\main.o
 .rodata        0x0000000000005454     0x720a ../sdk/platform/drivers/lib\libpufs.a(pufs_ecp_mprog.o)
 .rodata        0x000000000000c65e      0x7a5 ../sdk/platform/drivers/lib\libpufs.a(pufs_ecc.o)
 *(.rodata*)
 *fill*         0x000000000000ce03        0x1 
 .rodata._global_impure_ptr
                0x000000000000ce04        0x4 d:/alan/chipwon/tool/xpack-arm-none-eabi-gcc-10.3.1-2.3/bin/../lib/gcc/arm-none-eabi/10.3.1/../../../../arm-none-eabi/lib/thumb/v6-m/nofp\libc_nano.a(lib_a-impure.o)
                0x000000000000ce04                _global_impure_ptr
 .rodata.clock_get_sim_clk_out_freq
                0x000000000000ce08       0x3c sdk\platform\drivers\src\clock_tw9001.o
 .rodata.clock_get_scg_clock_freq
                0x000000000000ce44       0x40 sdk\platform\drivers\src\clock_tw9001.o
 .rodata.clock_get_other_sim_clock_freq
                0x000000000000ce84       0x18 sdk\platform\drivers\src\clock_tw9001.o
 .rodata.g_clock_name_mappings
                0x000000000000ce9c       0x96 sdk\platform\drivers\src\clock_tw9001.o
                0x000000000000ce9c                g_clock_name_mappings
 *fill*         0x000000000000cf32        0x2 
 .rodata.g_peripheral_features_list
                0x000000000000cf34       0x4b sdk\platform\drivers\src\clock_tw9001.o
                0x000000000000cf34                g_peripheral_features_list
 *fill*         0x000000000000cf7f        0x1 
 .rodata.max_sys_clks_in_usb.5
                0x000000000000cf80       0x38 sdk\platform\drivers\src\clock_tw9001.o
 .rodata.max_sys_clks_in_vlpr.4
                0x000000000000cfb8       0x38 sdk\platform\drivers\src\clock_tw9001.o
 .rodata.s_lpuart_clk_names
                0x000000000000cff0        0x2 sdk\platform\drivers\src\lpuart_driver.o
 *fill*         0x000000000000cff2        0x2 
 .rodata.s_lpuart_irq_id
                0x000000000000cff4        0x2 sdk\platform\drivers\src\lpuart_driver.o
 *fill*         0x000000000000cff6        0x2 
 .rodata.sp_lpuart_base
                0x000000000000cff8        0x8 sdk\platform\drivers\src\lpuart_driver.o
 .rodata.main.str1.4
                0x000000000000d000       0xdd src\main.o
 .rodata.pufs_module_init.str1.1
                0x000000000000d0dd       0x25 ../sdk/platform/drivers/lib\libpufs.a(pufs_common.o)
 .rodata.__func__.0
                0x000000000000d102       0x11 ../sdk/platform/drivers/lib\libpufs.a(pufs_common.o)
 .rodata.str1.1
                0x000000000000d113      0xa5c ../sdk/platform/drivers/lib\libpufs.a(pufs_ecp_mprog.o)
 .rodata.__hmac_ctx_update.part.0.str1.1
                0x000000000000db6f       0x55 ../sdk/platform/drivers/lib\libpufs.a(pufs_hmac.o)
                                         0x5b (size before relaxing)
 .rodata.__func__.0
                0x000000000000dbc4       0x12 ../sdk/platform/drivers/lib\libpufs.a(pufs_hmac.o)
 .rodata.version_check.str1.1
                0x000000000000dbd6       0x4a ../sdk/platform/drivers/lib\libpufs.a(pufs_internal.o)
                                         0x50 (size before relaxing)
 .rodata.__func__.0
                0x000000000000dc20        0xe ../sdk/platform/drivers/lib\libpufs.a(pufs_internal.o)
 .rodata._pufs_kdf_base.str1.1
                0x000000000000dc2e       0x44 ../sdk/platform/drivers/lib\libpufs.a(pufs_kdf.o)
                                         0x4a (size before relaxing)
 .rodata.__func__.0
                0x000000000000dc72        0xf ../sdk/platform/drivers/lib\libpufs.a(pufs_kdf.o)
 .rodata.str1.1
                0x000000000000dc81      0x63d ../sdk/platform/drivers/lib\libpufs.a(pufs_ecc.o)
 *fill*         0x000000000000e2be        0x2 
 .rodata.__sf_fake_stderr
                0x000000000000e2c0       0x20 d:/alan/chipwon/tool/xpack-arm-none-eabi-gcc-10.3.1-2.3/bin/../lib/gcc/arm-none-eabi/10.3.1/../../../../arm-none-eabi/lib/thumb/v6-m/nofp\libg_nano.a(lib_a-findfp.o)
                0x000000000000e2c0                __sf_fake_stderr
 .rodata.__sf_fake_stdin
                0x000000000000e2e0       0x20 d:/alan/chipwon/tool/xpack-arm-none-eabi-gcc-10.3.1-2.3/bin/../lib/gcc/arm-none-eabi/10.3.1/../../../../arm-none-eabi/lib/thumb/v6-m/nofp\libg_nano.a(lib_a-findfp.o)
                0x000000000000e2e0                __sf_fake_stdin
 .rodata.__sf_fake_stdout
                0x000000000000e300       0x20 d:/alan/chipwon/tool/xpack-arm-none-eabi-gcc-10.3.1-2.3/bin/../lib/gcc/arm-none-eabi/10.3.1/../../../../arm-none-eabi/lib/thumb/v6-m/nofp\libg_nano.a(lib_a-findfp.o)
                0x000000000000e300                __sf_fake_stdout
 .rodata._svfprintf_r.str1.1
                0x000000000000e320       0x11 d:/alan/chipwon/tool/xpack-arm-none-eabi-gcc-10.3.1-2.3/bin/../lib/gcc/arm-none-eabi/10.3.1/../../../../arm-none-eabi/lib/thumb/v6-m/nofp\libg_nano.a(lib_a-nano-svfprintf.o)
 .rodata._printf_i.str1.1
                0x000000000000e331       0x22 d:/alan/chipwon/tool/xpack-arm-none-eabi-gcc-10.3.1-2.3/bin/../lib/gcc/arm-none-eabi/10.3.1/../../../../arm-none-eabi/lib/thumb/v6-m/nofp\libg_nano.a(lib_a-nano-vfprintf_i.o)
 .rodata._vfprintf_r.str1.1
                0x000000000000e353       0x11 d:/alan/chipwon/tool/xpack-arm-none-eabi-gcc-10.3.1-2.3/bin/../lib/gcc/arm-none-eabi/10.3.1/../../../../arm-none-eabi/lib/thumb/v6-m/nofp\libg_nano.a(lib_a-nano-vfprintf.o)
 *(.init)
 *fill*         0x000000000000e353        0x1 
 .init          0x000000000000e354        0x4 d:/alan/chipwon/tool/xpack-arm-none-eabi-gcc-10.3.1-2.3/bin/../lib/gcc/arm-none-eabi/10.3.1/thumb/v6-m/nofp/crti.o
                0x000000000000e354                _init
 *(.fini)
 .fini          0x000000000000e358        0x4 d:/alan/chipwon/tool/xpack-arm-none-eabi-gcc-10.3.1-2.3/bin/../lib/gcc/arm-none-eabi/10.3.1/thumb/v6-m/nofp/crti.o
                0x000000000000e358                _fini
 *(.eh_frame)
                0x000000000000e35c                . = ALIGN (0x4)

.glue_7         0x000000000000e35c        0x0
 .glue_7        0x000000000000e35c        0x0 linker stubs

.glue_7t        0x000000000000e35c        0x0
 .glue_7t       0x000000000000e35c        0x0 linker stubs

.vfp11_veneer   0x000000000000e35c        0x0
 .vfp11_veneer  0x000000000000e35c        0x0 linker stubs

.v4_bx          0x000000000000e35c        0x0
 .v4_bx         0x000000000000e35c        0x0 linker stubs

.iplt           0x000000000000e35c        0x0
 .iplt          0x000000000000e35c        0x0 d:/alan/chipwon/tool/xpack-arm-none-eabi-gcc-10.3.1-2.3/bin/../lib/gcc/arm-none-eabi/10.3.1/../../../../arm-none-eabi/lib/thumb/v6-m/nofp\libc_nano.a(lib_a-impure.o)

.ARM            0x000000000000e35c        0x8
                0x000000000000e35c                __exidx_start = .
 *(.ARM.exidx*)
 .ARM.exidx.text._close
                0x000000000000e35c        0x8 d:/alan/chipwon/tool/xpack-arm-none-eabi-gcc-10.3.1-2.3/bin/../lib/gcc/arm-none-eabi/10.3.1/../../../../arm-none-eabi/lib/thumb/v6-m/nofp\libnosys.a(close.o)
 .ARM.exidx.text._fstat
                0x000000000000e364        0x0 d:/alan/chipwon/tool/xpack-arm-none-eabi-gcc-10.3.1-2.3/bin/../lib/gcc/arm-none-eabi/10.3.1/../../../../arm-none-eabi/lib/thumb/v6-m/nofp\libnosys.a(fstat.o)
                                          0x8 (size before relaxing)
 .ARM.exidx.text._isatty
                0x000000000000e364        0x0 d:/alan/chipwon/tool/xpack-arm-none-eabi-gcc-10.3.1-2.3/bin/../lib/gcc/arm-none-eabi/10.3.1/../../../../arm-none-eabi/lib/thumb/v6-m/nofp\libnosys.a(isatty.o)
                                          0x8 (size before relaxing)
 .ARM.exidx.text._lseek
                0x000000000000e364        0x0 d:/alan/chipwon/tool/xpack-arm-none-eabi-gcc-10.3.1-2.3/bin/../lib/gcc/arm-none-eabi/10.3.1/../../../../arm-none-eabi/lib/thumb/v6-m/nofp\libnosys.a(lseek.o)
                                          0x8 (size before relaxing)
 .ARM.exidx.text._read
                0x000000000000e364        0x0 d:/alan/chipwon/tool/xpack-arm-none-eabi-gcc-10.3.1-2.3/bin/../lib/gcc/arm-none-eabi/10.3.1/../../../../arm-none-eabi/lib/thumb/v6-m/nofp\libnosys.a(read.o)
                                          0x8 (size before relaxing)
 .ARM.exidx.text._sbrk
                0x000000000000e364        0x0 d:/alan/chipwon/tool/xpack-arm-none-eabi-gcc-10.3.1-2.3/bin/../lib/gcc/arm-none-eabi/10.3.1/../../../../arm-none-eabi/lib/thumb/v6-m/nofp\libnosys.a(sbrk.o)
                                          0x8 (size before relaxing)
 .ARM.exidx.text._write
                0x000000000000e364        0x0 d:/alan/chipwon/tool/xpack-arm-none-eabi-gcc-10.3.1-2.3/bin/../lib/gcc/arm-none-eabi/10.3.1/../../../../arm-none-eabi/lib/thumb/v6-m/nofp\libnosys.a(write.o)
                                          0x8 (size before relaxing)
                0x000000000000e364                __exidx_end = .
                0x000000000000e364                __etext = .
                0x000000000000e364                __DATA_ROM = .
                0x0000000020000000                __RAM_START = ORIGIN (RAM)

.rel.dyn        0x000000000000e364        0x0
 .rel.iplt      0x000000000000e364        0x0 d:/alan/chipwon/tool/xpack-arm-none-eabi-gcc-10.3.1-2.3/bin/../lib/gcc/arm-none-eabi/10.3.1/../../../../arm-none-eabi/lib/thumb/v6-m/nofp\libc_nano.a(lib_a-impure.o)

.data           0x0000000020000000      0xb14 load address 0x000000000000e364
                0x0000000020000000                . = ALIGN (0x4)
                0x0000000020000000                __DATA_RAM = .
                0x0000000020000000                __data_start__ = .
 *(.data)
 *(.data*)
 .data._impure_ptr
                0x0000000020000000        0x4 d:/alan/chipwon/tool/xpack-arm-none-eabi-gcc-10.3.1-2.3/bin/../lib/gcc/arm-none-eabi/10.3.1/../../../../arm-none-eabi/lib/thumb/v6-m/nofp\libc_nano.a(lib_a-impure.o)
                0x0000000020000000                _impure_ptr
 .data.impure_data
                0x0000000020000004       0x60 d:/alan/chipwon/tool/xpack-arm-none-eabi-gcc-10.3.1-2.3/bin/../lib/gcc/arm-none-eabi/10.3.1/../../../../arm-none-eabi/lib/thumb/v6-m/nofp\libc_nano.a(lib_a-impure.o)
 .data.peripheral_clk_config.8
                0x0000000020000064       0x41 sdk\platform\drivers\src\clock_tw9001.o
 .data.first_init.0
                0x00000000200000a5        0x1 sdk\platform\drivers\src\osif_driver.o
 *fill*         0x00000000200000a6        0x2 
 .data.g_clock_man1_init_config0
                0x00000000200000a8       0x58 src\clock_config.o
                0x00000000200000a8                g_clock_man1_init_config0
 .data.g_peripheral_clock_config0
                0x0000000020000100       0x41 src\clock_config.o
                0x0000000020000100                g_peripheral_clock_config0
 *fill*         0x0000000020000141        0x3 
 .data.gp_clock_man_configs_arr
                0x0000000020000144        0x4 src\clock_config.o
                0x0000000020000144                gp_clock_man_configs_arr
 .data.pufs_context
                0x0000000020000148        0x8 ../sdk/platform/drivers/lib\libpufs.a(pufs_common.o)
                0x0000000020000148                pufs_context
 .data.ecp_mprog
                0x0000000020000150       0x40 ../sdk/platform/drivers/lib\libpufs.a(pufs_ecp_mprog.o)
                0x0000000020000150                ecp_mprog
 .data.prog_ECF09303_B163
                0x0000000020000190       0x40 ../sdk/platform/drivers/lib\libpufs.a(pufs_ecp_mprog.o)
 .data.prog_ECF09303_B233
                0x00000000200001d0       0x40 ../sdk/platform/drivers/lib\libpufs.a(pufs_ecp_mprog.o)
 .data.prog_ECF09303_B283
                0x0000000020000210       0x40 ../sdk/platform/drivers/lib\libpufs.a(pufs_ecp_mprog.o)
 .data.prog_ECF09303_B409
                0x0000000020000250       0x40 ../sdk/platform/drivers/lib\libpufs.a(pufs_ecp_mprog.o)
 .data.prog_ECF09303_B571
                0x0000000020000290       0x40 ../sdk/platform/drivers/lib\libpufs.a(pufs_ecp_mprog.o)
 .data.prog_ECF09303_K163
                0x00000000200002d0       0x40 ../sdk/platform/drivers/lib\libpufs.a(pufs_ecp_mprog.o)
 .data.prog_ECF09303_K233
                0x0000000020000310       0x40 ../sdk/platform/drivers/lib\libpufs.a(pufs_ecp_mprog.o)
 .data.prog_ECF09303_K283
                0x0000000020000350       0x40 ../sdk/platform/drivers/lib\libpufs.a(pufs_ecp_mprog.o)
 .data.prog_ECF09303_K409
                0x0000000020000390       0x40 ../sdk/platform/drivers/lib\libpufs.a(pufs_ecp_mprog.o)
 .data.prog_ECF09303_K571
                0x00000000200003d0       0x40 ../sdk/platform/drivers/lib\libpufs.a(pufs_ecp_mprog.o)
 .data.prog_ECF09303_P192
                0x0000000020000410       0x40 ../sdk/platform/drivers/lib\libpufs.a(pufs_ecp_mprog.o)
 .data.prog_ECF09303_P224
                0x0000000020000450       0x40 ../sdk/platform/drivers/lib\libpufs.a(pufs_ecp_mprog.o)
 .data.prog_ECF09303_P256
                0x0000000020000490       0x40 ../sdk/platform/drivers/lib\libpufs.a(pufs_ecp_mprog.o)
 .data.prog_ECF09303_P384
                0x00000000200004d0       0x40 ../sdk/platform/drivers/lib\libpufs.a(pufs_ecp_mprog.o)
 .data.prog_ECF09303_P521
                0x0000000020000510       0x40 ../sdk/platform/drivers/lib\libpufs.a(pufs_ecp_mprog.o)
 .data.prog_ECF09303_SM2
                0x0000000020000550       0x1c ../sdk/platform/drivers/lib\libpufs.a(pufs_ecp_mprog.o)
 .data.sm2_mprog
                0x000000002000056c        0x8 ../sdk/platform/drivers/lib\libpufs.a(pufs_ecp_mprog.o)
                0x000000002000056c                sm2_mprog
 .data.sum_ECF09303_00000000_B163
                0x0000000020000574       0x3c ../sdk/platform/drivers/lib\libpufs.a(pufs_ecp_mprog.o)
 .data.sum_ECF09303_00000000_B233
                0x00000000200005b0       0x3c ../sdk/platform/drivers/lib\libpufs.a(pufs_ecp_mprog.o)
 .data.sum_ECF09303_00000000_B283
                0x00000000200005ec       0x3c ../sdk/platform/drivers/lib\libpufs.a(pufs_ecp_mprog.o)
 .data.sum_ECF09303_00000000_B409
                0x0000000020000628       0x3c ../sdk/platform/drivers/lib\libpufs.a(pufs_ecp_mprog.o)
 .data.sum_ECF09303_00000000_B571
                0x0000000020000664       0x3c ../sdk/platform/drivers/lib\libpufs.a(pufs_ecp_mprog.o)
 .data.sum_ECF09303_00000000_K163
                0x00000000200006a0       0x3c ../sdk/platform/drivers/lib\libpufs.a(pufs_ecp_mprog.o)
 .data.sum_ECF09303_00000000_K233
                0x00000000200006dc       0x3c ../sdk/platform/drivers/lib\libpufs.a(pufs_ecp_mprog.o)
 .data.sum_ECF09303_00000000_K283
                0x0000000020000718       0x3c ../sdk/platform/drivers/lib\libpufs.a(pufs_ecp_mprog.o)
 .data.sum_ECF09303_00000000_K409
                0x0000000020000754       0x3c ../sdk/platform/drivers/lib\libpufs.a(pufs_ecp_mprog.o)
 .data.sum_ECF09303_00000000_K571
                0x0000000020000790       0x3c ../sdk/platform/drivers/lib\libpufs.a(pufs_ecp_mprog.o)
 .data.sum_ECF09303_00000000_P192
                0x00000000200007cc       0x3c ../sdk/platform/drivers/lib\libpufs.a(pufs_ecp_mprog.o)
 .data.sum_ECF09303_00000000_P224
                0x0000000020000808       0x3c ../sdk/platform/drivers/lib\libpufs.a(pufs_ecp_mprog.o)
 .data.sum_ECF09303_00000000_P256
                0x0000000020000844       0x3c ../sdk/platform/drivers/lib\libpufs.a(pufs_ecp_mprog.o)
 .data.sum_ECF09303_00000000_P384
                0x0000000020000880       0x3c ../sdk/platform/drivers/lib\libpufs.a(pufs_ecp_mprog.o)
 .data.sum_ECF09303_00000000_P521
                0x00000000200008bc       0x3c ../sdk/platform/drivers/lib\libpufs.a(pufs_ecp_mprog.o)
 .data.sum_ECF09303_00000000_SM2
                0x00000000200008f8       0x1c ../sdk/platform/drivers/lib\libpufs.a(pufs_ecp_mprog.o)
 .data.g_ecc_param
                0x0000000020000914      0x200 ../sdk/platform/drivers/lib\libpufs.a(pufs_ecc.o)
                0x0000000020000914                g_ecc_param
                0x0000000020000b14                . = ALIGN (0x4)
                0x0000000020000b14                __data_end__ = .
                0x000000000000ee78                __DATA_END = (__DATA_ROM + (__data_end__ - __data_start__))
                0x000000000000ee78                __CODE_ROM = __DATA_END

.igot.plt       0x0000000020000b14        0x0 load address 0x000000000000ee78
 .igot.plt      0x0000000020000b14        0x0 d:/alan/chipwon/tool/xpack-arm-none-eabi-gcc-10.3.1-2.3/bin/../lib/gcc/arm-none-eabi/10.3.1/../../../../arm-none-eabi/lib/thumb/v6-m/nofp\libc_nano.a(lib_a-impure.o)

.code           0x0000000020000b14        0x0 load address 0x000000000000ee78
                0x0000000020000b14                . = ALIGN (0x4)
                0x0000000020000b14                __CODE_RAM = .
                0x0000000020000b14                __code_start__ = .
                0x0000000020000b14                __code_ram_start__ = .
 *(.code_ram)
                0x0000000020000b14                . = ALIGN (0x4)
                0x0000000020000b14                __code_end__ = .
                0x0000000020000b14                __code_ram_end__ = .
                0x000000000000ee78                __CODE_END = (__CODE_ROM + (__code_end__ - __code_start__))
                0x000000000000ee78                __CUSTOM_ROM = __CODE_END
                0x000000000000ee78                __customSection_start__ = __CODE_END
                0x000000000000ee78                __CUSTOM_END = __CODE_END
                0x000000000000ee78                __rom_end = __CODE_END

.bss            0x0000000020000b14      0x200 load address 0x000000000000ee78
                0x0000000020000b14                . = ALIGN (0x4)
                0x0000000020000b14                __BSS_START = .
                0x0000000020000b14                __bss_start__ = .
 *(.bss)
 *(.bss*)
 .bss.g_rtc_clk_in_freq
                0x0000000020000b14        0x4 sdk\platform\drivers\src\clock_tw9001.o
                0x0000000020000b14                g_rtc_clk_in_freq
 .bss.g_tclk_freq
                0x0000000020000b18        0xc sdk\platform\drivers\src\clock_tw9001.o
                0x0000000020000b18                g_tclk_freq
 .bss.g_xtal0_clk_freq
                0x0000000020000b24        0x4 sdk\platform\drivers\src\clock_tw9001.o
                0x0000000020000b24                g_xtal0_clk_freq
 .bss.s_clock_state
                0x0000000020000b28       0x10 sdk\platform\drivers\src\clock_tw9001.o
 .bss.sp_virt_edma_state
                0x0000000020000b38        0x4 sdk\platform\drivers\src\edma_driver.o
 .bss.s_interrupt_disable_count
                0x0000000020000b3c        0x4 sdk\platform\drivers\src\interrupt_manager.o
 .bss.sp_lpuart_state_ptr
                0x0000000020000b40        0x8 sdk\platform\drivers\src\lpuart_driver.o
 .bss.s_osif_tick_cnt
                0x0000000020000b48        0x4 sdk\platform\drivers\src\osif_driver.o
 .bss.gp_clock_man_callback_arr
                0x0000000020000b4c        0x4 src\clock_config.o
                0x0000000020000b4c                gp_clock_man_callback_arr
 .bss.g_buffer0
                0x0000000020000b50      0x100 src\main.o
                0x0000000020000b50                g_buffer0
 .bss.g_buffer0_idx
                0x0000000020000c50        0x1 src\main.o
                0x0000000020000c50                g_buffer0_idx
 *fill*         0x0000000020000c51        0x3 
 .bss.g_led_count
                0x0000000020000c54        0x4 src\main.o
                0x0000000020000c54                g_led_count
 .bss.g_led_on  0x0000000020000c58        0x1 src\main.o
                0x0000000020000c58                g_led_on
 *fill*         0x0000000020000c59        0x3 
 .bss.s_lpuart_state.0
                0x0000000020000c5c       0x40 src\main.o
 .bss.crypto_regs
                0x0000000020000c9c        0x4 ../sdk/platform/drivers/lib\libpufs.a(pufs_crypto.o)
                0x0000000020000c9c                crypto_regs
 .bss.pufs_dma  0x0000000020000ca0       0x18 ../sdk/platform/drivers/lib\libpufs.a(pufs_dma.o)
                0x0000000020000ca0                pufs_dma
 .bss.ecdp_set  0x0000000020000cb8        0xc ../sdk/platform/drivers/lib\libpufs.a(pufs_ecp.o)
                0x0000000020000cb8                ecdp_set
 .bss.ecp_regs  0x0000000020000cc4        0x4 ../sdk/platform/drivers/lib\libpufs.a(pufs_ecp.o)
                0x0000000020000cc4                ecp_regs
 .bss.hmac_regs
                0x0000000020000cc8        0x4 ../sdk/platform/drivers/lib\libpufs.a(pufs_hmac.o)
                0x0000000020000cc8                hmac_regs
 .bss.ka_regs   0x0000000020000ccc        0x4 ../sdk/platform/drivers/lib\libpufs.a(pufs_ka.o)
                0x0000000020000ccc                ka_regs
 .bss.kwp_regs  0x0000000020000cd0        0x4 ../sdk/platform/drivers/lib\libpufs.a(pufs_ka.o)
                0x0000000020000cd0                kwp_regs
 .bss.kdf_regs  0x0000000020000cd4        0x4 ../sdk/platform/drivers/lib\libpufs.a(pufs_kdf.o)
                0x0000000020000cd4                kdf_regs
 .bss.minfo     0x0000000020000cd8        0x4 ../sdk/platform/drivers/lib\libpufs.a(pufs_kdf.o)
 .bss.rt_regs   0x0000000020000cdc        0x4 ../sdk/platform/drivers/lib\libpufs.a(pufs_rt.o)
                0x0000000020000cdc                rt_regs
 .bss.rt_cde_regs
                0x0000000020000ce0        0x4 ../sdk/platform/drivers/lib\libpufs.a(pufs_rt_cde.o)
                0x0000000020000ce0                rt_cde_regs
 .bss.sp38a_regs
                0x0000000020000ce4        0x4 ../sdk/platform/drivers/lib\libpufs.a(pufs_sp38a.o)
                0x0000000020000ce4                sp38a_regs
 .bss.sp38c_regs
                0x0000000020000ce8        0x4 ../sdk/platform/drivers/lib\libpufs.a(pufs_sp38c.o)
                0x0000000020000ce8                sp38c_regs
 .bss.sp38d_regs
                0x0000000020000cec        0x4 ../sdk/platform/drivers/lib\libpufs.a(pufs_sp38d.o)
                0x0000000020000cec                sp38d_regs
 .bss.sp38e_regs
                0x0000000020000cf0        0x4 ../sdk/platform/drivers/lib\libpufs.a(pufs_sp38e.o)
                0x0000000020000cf0                sp38e_regs
 .bss.drbg_regs
                0x0000000020000cf4        0x4 ../sdk/platform/drivers/lib\libpufs.a(pufs_sp90a.o)
                0x0000000020000cf4                drbg_regs
 .bss.chacha_regs
                0x0000000020000cf8        0x4 ../sdk/platform/drivers/lib\libpufs.a(pufs_chacha.o)
                0x0000000020000cf8                chacha_regs
 .bss.cmac_regs
                0x0000000020000cfc        0x4 ../sdk/platform/drivers/lib\libpufs.a(pufs_cmac.o)
                0x0000000020000cfc                cmac_regs
 .bss.__malloc_free_list
                0x0000000020000d00        0x4 d:/alan/chipwon/tool/xpack-arm-none-eabi-gcc-10.3.1-2.3/bin/../lib/gcc/arm-none-eabi/10.3.1/../../../../arm-none-eabi/lib/thumb/v6-m/nofp\libg_nano.a(lib_a-nano-mallocr.o)
                0x0000000020000d00                __malloc_free_list
 .bss.__malloc_sbrk_start
                0x0000000020000d04        0x4 d:/alan/chipwon/tool/xpack-arm-none-eabi-gcc-10.3.1-2.3/bin/../lib/gcc/arm-none-eabi/10.3.1/../../../../arm-none-eabi/lib/thumb/v6-m/nofp\libg_nano.a(lib_a-nano-mallocr.o)
                0x0000000020000d04                __malloc_sbrk_start
 .bss.__lock___malloc_recursive_mutex
                0x0000000020000d08        0x1 d:/alan/chipwon/tool/xpack-arm-none-eabi-gcc-10.3.1-2.3/bin/../lib/gcc/arm-none-eabi/10.3.1/../../../../arm-none-eabi/lib/thumb/v6-m/nofp\libg_nano.a(lib_a-lock.o)
                0x0000000020000d08                __lock___malloc_recursive_mutex
 .bss.__lock___sfp_recursive_mutex
                0x0000000020000d09        0x1 d:/alan/chipwon/tool/xpack-arm-none-eabi-gcc-10.3.1-2.3/bin/../lib/gcc/arm-none-eabi/10.3.1/../../../../arm-none-eabi/lib/thumb/v6-m/nofp\libg_nano.a(lib_a-lock.o)
                0x0000000020000d09                __lock___sfp_recursive_mutex
 .bss.__lock___sinit_recursive_mutex
                0x0000000020000d0a        0x1 d:/alan/chipwon/tool/xpack-arm-none-eabi-gcc-10.3.1-2.3/bin/../lib/gcc/arm-none-eabi/10.3.1/../../../../arm-none-eabi/lib/thumb/v6-m/nofp\libg_nano.a(lib_a-lock.o)
                0x0000000020000d0a                __lock___sinit_recursive_mutex
 *fill*         0x0000000020000d0b        0x1 
 .bss.errno     0x0000000020000d0c        0x4 d:/alan/chipwon/tool/xpack-arm-none-eabi-gcc-10.3.1-2.3/bin/../lib/gcc/arm-none-eabi/10.3.1/../../../../arm-none-eabi/lib/thumb/v6-m/nofp\libg_nano.a(lib_a-reent.o)
                0x0000000020000d0c                errno
 .bss.heap_end.0
                0x0000000020000d10        0x4 d:/alan/chipwon/tool/xpack-arm-none-eabi-gcc-10.3.1-2.3/bin/../lib/gcc/arm-none-eabi/10.3.1/../../../../arm-none-eabi/lib/thumb/v6-m/nofp\libnosys.a(sbrk.o)
 *(COMMON)
                0x0000000020000d14                . = ALIGN (0x4)
                0x0000000020000d14                __bss_end__ = .
                0x0000000020000d14                __BSS_END = .

.heap           0x0000000020000d14      0x404 load address 0x000000000000f078
                0x0000000020000d18                . = ALIGN (0x8)
 *fill*         0x0000000020000d14        0x4 
                0x0000000020000d18                __end__ = .
                0x0000000020000d18                __heap_start__ = .
                0x0000000020000d18                PROVIDE (end = .)
                [!provide]                        PROVIDE (_end = .)
                [!provide]                        PROVIDE (__end = .)
                0x0000000020000d18                __HeapBase = .
                0x0000000020001118                . = (. + HEAP_SIZE)
 *fill*         0x0000000020000d18      0x400 
                0x0000000020001118                __HeapLimit = .
                0x0000000020001118                __heap_limit = .
                0x0000000020001118                __heap_end__ = .
                0x0000000020010000                __StackTop = (ORIGIN (RAM) + LENGTH (RAM))
                0x000000002000fc00                __StackLimit = (__StackTop - STACK_SIZE)
                0x0000000020010000                PROVIDE (__stack = __StackTop)
                0x0000000020010000                __RAM_END = __StackTop

.stack          0x000000002000fc00      0x400 load address 0x000000000001df64
                0x000000002000fc00                . = ALIGN (0x8)
                0x000000002000fc00                __stack_start__ = .
                0x0000000020010000                . = (. + STACK_SIZE)
 *fill*         0x000000002000fc00      0x400 
                0x0000000020010000                __stack_end__ = .

.ARM.attributes
                0x0000000000000000       0x28
 *(.ARM.attributes)
 .ARM.attributes
                0x0000000000000000       0x1e d:/alan/chipwon/tool/xpack-arm-none-eabi-gcc-10.3.1-2.3/bin/../lib/gcc/arm-none-eabi/10.3.1/thumb/v6-m/nofp/crti.o
 .ARM.attributes
                0x000000000000001e       0x2c d:/alan/chipwon/tool/xpack-arm-none-eabi-gcc-10.3.1-2.3/bin/../lib/gcc/arm-none-eabi/10.3.1/../../../../arm-none-eabi/lib/thumb/v6-m/nofp\libc_nano.a(lib_a-impure.o)
 .ARM.attributes
                0x000000000000004a       0x2c d:/alan/chipwon/tool/xpack-arm-none-eabi-gcc-10.3.1-2.3/bin/../lib/gcc/arm-none-eabi/10.3.1/../../../../arm-none-eabi/lib/thumb/v6-m/nofp\libc_nano.a(lib_a-memset.o)
 .ARM.attributes
                0x0000000000000076       0x1b project_settings\startup_code\startup_tw9001.o
 .ARM.attributes
                0x0000000000000091       0x2c sdk\platform\devices\startup.o
 .ARM.attributes
                0x00000000000000bd       0x2c sdk\platform\devices\tw9001\startup\system_tw9001.o
 .ARM.attributes
                0x00000000000000e9       0x2c sdk\platform\drivers\src\clock_tw9001.o
 .ARM.attributes
                0x0000000000000115       0x2c sdk\platform\drivers\src\edma_driver.o
 .ARM.attributes
                0x0000000000000141       0x2c sdk\platform\drivers\src\interrupt_manager.o
 .ARM.attributes
                0x000000000000016d       0x2c sdk\platform\drivers\src\lptmr_driver.o
 .ARM.attributes
                0x0000000000000199       0x2c sdk\platform\drivers\src\lpuart_driver.o
 .ARM.attributes
                0x00000000000001c5       0x2c sdk\platform\drivers\src\osif_driver.o
 .ARM.attributes
                0x00000000000001f1       0x2c sdk\platform\drivers\src\pins_driver.o
 .ARM.attributes
                0x000000000000021d       0x2c src\clock_config.o
 .ARM.attributes
                0x0000000000000249       0x2c src\main.o
 .ARM.attributes
                0x0000000000000275       0x2c ../sdk/platform/drivers/lib\libpufs.a(pufs_common.o)
 .ARM.attributes
                0x00000000000002a1       0x2c ../sdk/platform/drivers/lib\libpufs.a(pufs_crypto.o)
 .ARM.attributes
                0x00000000000002cd       0x2c ../sdk/platform/drivers/lib\libpufs.a(pufs_dma.o)
 .ARM.attributes
                0x00000000000002f9       0x2c ../sdk/platform/drivers/lib\libpufs.a(pufs_ecp.o)
 .ARM.attributes
                0x0000000000000325       0x2c ../sdk/platform/drivers/lib\libpufs.a(pufs_ecp_mprog.o)
 .ARM.attributes
                0x0000000000000351       0x2c ../sdk/platform/drivers/lib\libpufs.a(pufs_hmac.o)
 .ARM.attributes
                0x000000000000037d       0x2c ../sdk/platform/drivers/lib\libpufs.a(pufs_internal.o)
 .ARM.attributes
                0x00000000000003a9       0x2c ../sdk/platform/drivers/lib\libpufs.a(pufs_ka.o)
 .ARM.attributes
                0x00000000000003d5       0x2c ../sdk/platform/drivers/lib\libpufs.a(pufs_kdf.o)
 .ARM.attributes
                0x0000000000000401       0x2c ../sdk/platform/drivers/lib\libpufs.a(pufs_reg_ctrl.o)
 .ARM.attributes
                0x000000000000042d       0x2c ../sdk/platform/drivers/lib\libpufs.a(pufs_rt.o)
 .ARM.attributes
                0x0000000000000459       0x2c ../sdk/platform/drivers/lib\libpufs.a(pufs_rt_cde.o)
 .ARM.attributes
                0x0000000000000485       0x2c ../sdk/platform/drivers/lib\libpufs.a(pufs_sp38a.o)
 .ARM.attributes
                0x00000000000004b1       0x2c ../sdk/platform/drivers/lib\libpufs.a(pufs_sp38c.o)
 .ARM.attributes
                0x00000000000004dd       0x2c ../sdk/platform/drivers/lib\libpufs.a(pufs_sp38d.o)
 .ARM.attributes
                0x0000000000000509       0x2c ../sdk/platform/drivers/lib\libpufs.a(pufs_sp38e.o)
 .ARM.attributes
                0x0000000000000535       0x2c ../sdk/platform/drivers/lib\libpufs.a(pufs_sp90a.o)
 .ARM.attributes
                0x0000000000000561       0x2c ../sdk/platform/drivers/lib\libpufs.a(dummy_pal.o)
 .ARM.attributes
                0x000000000000058d       0x2c ../sdk/platform/drivers/lib\libpufs.a(pufs_chacha.o)
 .ARM.attributes
                0x00000000000005b9       0x2c ../sdk/platform/drivers/lib\libpufs.a(pufs_cmac.o)
 .ARM.attributes
                0x00000000000005e5       0x2c ../sdk/platform/drivers/lib\libpufs.a(pufs_ecc.o)
 .ARM.attributes
                0x0000000000000611       0x1e d:/alan/chipwon/tool/xpack-arm-none-eabi-gcc-10.3.1-2.3/bin/../lib/gcc/arm-none-eabi/10.3.1/thumb/v6-m/nofp\libgcc.a(_thumb1_case_uqi.o)
 .ARM.attributes
                0x000000000000062f       0x1e d:/alan/chipwon/tool/xpack-arm-none-eabi-gcc-10.3.1-2.3/bin/../lib/gcc/arm-none-eabi/10.3.1/thumb/v6-m/nofp\libgcc.a(_thumb1_case_uhi.o)
 .ARM.attributes
                0x000000000000064d       0x1e d:/alan/chipwon/tool/xpack-arm-none-eabi-gcc-10.3.1-2.3/bin/../lib/gcc/arm-none-eabi/10.3.1/thumb/v6-m/nofp\libgcc.a(_udivsi3.o)
 .ARM.attributes
                0x000000000000066b       0x1e d:/alan/chipwon/tool/xpack-arm-none-eabi-gcc-10.3.1-2.3/bin/../lib/gcc/arm-none-eabi/10.3.1/thumb/v6-m/nofp\libgcc.a(_dvmd_tls.o)
 .ARM.attributes
                0x0000000000000689       0x2c d:/alan/chipwon/tool/xpack-arm-none-eabi-gcc-10.3.1-2.3/bin/../lib/gcc/arm-none-eabi/10.3.1/../../../../arm-none-eabi/lib/thumb/v6-m/nofp\libg_nano.a(lib_a-malloc.o)
 .ARM.attributes
                0x00000000000006b5       0x2c d:/alan/chipwon/tool/xpack-arm-none-eabi-gcc-10.3.1-2.3/bin/../lib/gcc/arm-none-eabi/10.3.1/../../../../arm-none-eabi/lib/thumb/v6-m/nofp\libg_nano.a(lib_a-memcpy-stub.o)
 .ARM.attributes
                0x00000000000006e1       0x2c d:/alan/chipwon/tool/xpack-arm-none-eabi-gcc-10.3.1-2.3/bin/../lib/gcc/arm-none-eabi/10.3.1/../../../../arm-none-eabi/lib/thumb/v6-m/nofp\libg_nano.a(lib_a-memmove.o)
 .ARM.attributes
                0x000000000000070d       0x2c d:/alan/chipwon/tool/xpack-arm-none-eabi-gcc-10.3.1-2.3/bin/../lib/gcc/arm-none-eabi/10.3.1/../../../../arm-none-eabi/lib/thumb/v6-m/nofp\libg_nano.a(lib_a-nano-freer.o)
 .ARM.attributes
                0x0000000000000739       0x2c d:/alan/chipwon/tool/xpack-arm-none-eabi-gcc-10.3.1-2.3/bin/../lib/gcc/arm-none-eabi/10.3.1/../../../../arm-none-eabi/lib/thumb/v6-m/nofp\libg_nano.a(lib_a-nano-mallocr.o)
 .ARM.attributes
                0x0000000000000765       0x2c d:/alan/chipwon/tool/xpack-arm-none-eabi-gcc-10.3.1-2.3/bin/../lib/gcc/arm-none-eabi/10.3.1/../../../../arm-none-eabi/lib/thumb/v6-m/nofp\libg_nano.a(lib_a-printf.o)
 .ARM.attributes
                0x0000000000000791       0x2c d:/alan/chipwon/tool/xpack-arm-none-eabi-gcc-10.3.1-2.3/bin/../lib/gcc/arm-none-eabi/10.3.1/../../../../arm-none-eabi/lib/thumb/v6-m/nofp\libg_nano.a(lib_a-sbrkr.o)
 .ARM.attributes
                0x00000000000007bd       0x2c d:/alan/chipwon/tool/xpack-arm-none-eabi-gcc-10.3.1-2.3/bin/../lib/gcc/arm-none-eabi/10.3.1/../../../../arm-none-eabi/lib/thumb/v6-m/nofp\libg_nano.a(lib_a-sprintf.o)
 .ARM.attributes
                0x00000000000007e9       0x1c d:/alan/chipwon/tool/xpack-arm-none-eabi-gcc-10.3.1-2.3/bin/../lib/gcc/arm-none-eabi/10.3.1/../../../../arm-none-eabi/lib/thumb/v6-m/nofp\libg_nano.a(lib_a-strlen.o)
 .ARM.attributes
                0x0000000000000805       0x2c d:/alan/chipwon/tool/xpack-arm-none-eabi-gcc-10.3.1-2.3/bin/../lib/gcc/arm-none-eabi/10.3.1/../../../../arm-none-eabi/lib/thumb/v6-m/nofp\libg_nano.a(lib_a-wbuf.o)
 .ARM.attributes
                0x0000000000000831       0x2c d:/alan/chipwon/tool/xpack-arm-none-eabi-gcc-10.3.1-2.3/bin/../lib/gcc/arm-none-eabi/10.3.1/../../../../arm-none-eabi/lib/thumb/v6-m/nofp\libg_nano.a(lib_a-wsetup.o)
 .ARM.attributes
                0x000000000000085d       0x2c d:/alan/chipwon/tool/xpack-arm-none-eabi-gcc-10.3.1-2.3/bin/../lib/gcc/arm-none-eabi/10.3.1/../../../../arm-none-eabi/lib/thumb/v6-m/nofp\libg_nano.a(lib_a-fflush.o)
 .ARM.attributes
                0x0000000000000889       0x2c d:/alan/chipwon/tool/xpack-arm-none-eabi-gcc-10.3.1-2.3/bin/../lib/gcc/arm-none-eabi/10.3.1/../../../../arm-none-eabi/lib/thumb/v6-m/nofp\libg_nano.a(lib_a-findfp.o)
 .ARM.attributes
                0x00000000000008b5       0x2c d:/alan/chipwon/tool/xpack-arm-none-eabi-gcc-10.3.1-2.3/bin/../lib/gcc/arm-none-eabi/10.3.1/../../../../arm-none-eabi/lib/thumb/v6-m/nofp\libg_nano.a(lib_a-fwalk.o)
 .ARM.attributes
                0x00000000000008e1       0x2c d:/alan/chipwon/tool/xpack-arm-none-eabi-gcc-10.3.1-2.3/bin/../lib/gcc/arm-none-eabi/10.3.1/../../../../arm-none-eabi/lib/thumb/v6-m/nofp\libg_nano.a(lib_a-lock.o)
 .ARM.attributes
                0x000000000000090d       0x2c d:/alan/chipwon/tool/xpack-arm-none-eabi-gcc-10.3.1-2.3/bin/../lib/gcc/arm-none-eabi/10.3.1/../../../../arm-none-eabi/lib/thumb/v6-m/nofp\libg_nano.a(lib_a-makebuf.o)
 .ARM.attributes
                0x0000000000000939       0x2c d:/alan/chipwon/tool/xpack-arm-none-eabi-gcc-10.3.1-2.3/bin/../lib/gcc/arm-none-eabi/10.3.1/../../../../arm-none-eabi/lib/thumb/v6-m/nofp\libg_nano.a(lib_a-mlock.o)
 .ARM.attributes
                0x0000000000000965       0x2c d:/alan/chipwon/tool/xpack-arm-none-eabi-gcc-10.3.1-2.3/bin/../lib/gcc/arm-none-eabi/10.3.1/../../../../arm-none-eabi/lib/thumb/v6-m/nofp\libg_nano.a(lib_a-nano-svfprintf.o)
 .ARM.attributes
                0x0000000000000991       0x2c d:/alan/chipwon/tool/xpack-arm-none-eabi-gcc-10.3.1-2.3/bin/../lib/gcc/arm-none-eabi/10.3.1/../../../../arm-none-eabi/lib/thumb/v6-m/nofp\libg_nano.a(lib_a-nano-vfprintf_i.o)
 .ARM.attributes
                0x00000000000009bd       0x2c d:/alan/chipwon/tool/xpack-arm-none-eabi-gcc-10.3.1-2.3/bin/../lib/gcc/arm-none-eabi/10.3.1/../../../../arm-none-eabi/lib/thumb/v6-m/nofp\libg_nano.a(lib_a-nano-vfprintf.o)
 .ARM.attributes
                0x00000000000009e9       0x2c d:/alan/chipwon/tool/xpack-arm-none-eabi-gcc-10.3.1-2.3/bin/../lib/gcc/arm-none-eabi/10.3.1/../../../../arm-none-eabi/lib/thumb/v6-m/nofp\libg_nano.a(lib_a-reent.o)
 .ARM.attributes
                0x0000000000000a15       0x2c d:/alan/chipwon/tool/xpack-arm-none-eabi-gcc-10.3.1-2.3/bin/../lib/gcc/arm-none-eabi/10.3.1/../../../../arm-none-eabi/lib/thumb/v6-m/nofp\libg_nano.a(lib_a-stdio.o)
 .ARM.attributes
                0x0000000000000a41       0x2c d:/alan/chipwon/tool/xpack-arm-none-eabi-gcc-10.3.1-2.3/bin/../lib/gcc/arm-none-eabi/10.3.1/../../../../arm-none-eabi/lib/thumb/v6-m/nofp\libg_nano.a(lib_a-writer.o)
 .ARM.attributes
                0x0000000000000a6d       0x2c d:/alan/chipwon/tool/xpack-arm-none-eabi-gcc-10.3.1-2.3/bin/../lib/gcc/arm-none-eabi/10.3.1/../../../../arm-none-eabi/lib/thumb/v6-m/nofp\libg_nano.a(lib_a-closer.o)
 .ARM.attributes
                0x0000000000000a99       0x2c d:/alan/chipwon/tool/xpack-arm-none-eabi-gcc-10.3.1-2.3/bin/../lib/gcc/arm-none-eabi/10.3.1/../../../../arm-none-eabi/lib/thumb/v6-m/nofp\libg_nano.a(lib_a-fstatr.o)
 .ARM.attributes
                0x0000000000000ac5       0x2c d:/alan/chipwon/tool/xpack-arm-none-eabi-gcc-10.3.1-2.3/bin/../lib/gcc/arm-none-eabi/10.3.1/../../../../arm-none-eabi/lib/thumb/v6-m/nofp\libg_nano.a(lib_a-isattyr.o)
 .ARM.attributes
                0x0000000000000af1       0x2c d:/alan/chipwon/tool/xpack-arm-none-eabi-gcc-10.3.1-2.3/bin/../lib/gcc/arm-none-eabi/10.3.1/../../../../arm-none-eabi/lib/thumb/v6-m/nofp\libg_nano.a(lib_a-lseekr.o)
 .ARM.attributes
                0x0000000000000b1d       0x2c d:/alan/chipwon/tool/xpack-arm-none-eabi-gcc-10.3.1-2.3/bin/../lib/gcc/arm-none-eabi/10.3.1/../../../../arm-none-eabi/lib/thumb/v6-m/nofp\libg_nano.a(lib_a-memchr-stub.o)
 .ARM.attributes
                0x0000000000000b49       0x2c d:/alan/chipwon/tool/xpack-arm-none-eabi-gcc-10.3.1-2.3/bin/../lib/gcc/arm-none-eabi/10.3.1/../../../../arm-none-eabi/lib/thumb/v6-m/nofp\libg_nano.a(lib_a-nano-reallocr.o)
 .ARM.attributes
                0x0000000000000b75       0x2c d:/alan/chipwon/tool/xpack-arm-none-eabi-gcc-10.3.1-2.3/bin/../lib/gcc/arm-none-eabi/10.3.1/../../../../arm-none-eabi/lib/thumb/v6-m/nofp\libg_nano.a(lib_a-readr.o)
 .ARM.attributes
                0x0000000000000ba1       0x2c d:/alan/chipwon/tool/xpack-arm-none-eabi-gcc-10.3.1-2.3/bin/../lib/gcc/arm-none-eabi/10.3.1/../../../../arm-none-eabi/lib/thumb/v6-m/nofp\libg_nano.a(lib_a-nano-msizer.o)
 .ARM.attributes
                0x0000000000000bcd       0x1e d:/alan/chipwon/tool/xpack-arm-none-eabi-gcc-10.3.1-2.3/bin/../lib/gcc/arm-none-eabi/10.3.1/thumb/v6-m/nofp\libgcc.a(_thumb1_case_shi.o)
 .ARM.attributes
                0x0000000000000beb       0x2c d:/alan/chipwon/tool/xpack-arm-none-eabi-gcc-10.3.1-2.3/bin/../lib/gcc/arm-none-eabi/10.3.1/../../../../arm-none-eabi/lib/thumb/v6-m/nofp\libnosys.a(close.o)
 .ARM.attributes
                0x0000000000000c17       0x2c d:/alan/chipwon/tool/xpack-arm-none-eabi-gcc-10.3.1-2.3/bin/../lib/gcc/arm-none-eabi/10.3.1/../../../../arm-none-eabi/lib/thumb/v6-m/nofp\libnosys.a(fstat.o)
 .ARM.attributes
                0x0000000000000c43       0x2c d:/alan/chipwon/tool/xpack-arm-none-eabi-gcc-10.3.1-2.3/bin/../lib/gcc/arm-none-eabi/10.3.1/../../../../arm-none-eabi/lib/thumb/v6-m/nofp\libnosys.a(isatty.o)
 .ARM.attributes
                0x0000000000000c6f       0x2c d:/alan/chipwon/tool/xpack-arm-none-eabi-gcc-10.3.1-2.3/bin/../lib/gcc/arm-none-eabi/10.3.1/../../../../arm-none-eabi/lib/thumb/v6-m/nofp\libnosys.a(lseek.o)
 .ARM.attributes