Archive member included to satisfy reference by file (symbol)

d:/cq9008/xpack-arm-none-eabi-gcc-10.3.1-2.3/bin/../lib/gcc/arm-none-eabi/10.3.1/../../../../arm-none-eabi/lib/thumb/v6-m/nofp\libc_nano.a(lib_a-exit.o)
                              d:/cq9008/xpack-arm-none-eabi-gcc-10.3.1-2.3/bin/../lib/gcc/arm-none-eabi/10.3.1/../../../../arm-none-eabi/lib/thumb/v6-m/nofp/crt0.o (exit)
d:/cq9008/xpack-arm-none-eabi-gcc-10.3.1-2.3/bin/../lib/gcc/arm-none-eabi/10.3.1/../../../../arm-none-eabi/lib/thumb/v6-m/nofp\libc_nano.a(lib_a-impure.o)
                              d:/cq9008/xpack-arm-none-eabi-gcc-10.3.1-2.3/bin/../lib/gcc/arm-none-eabi/10.3.1/../../../../arm-none-eabi/lib/thumb/v6-m/nofp\libc_nano.a(lib_a-exit.o) (_global_impure_ptr)
d:/cq9008/xpack-arm-none-eabi-gcc-10.3.1-2.3/bin/../lib/gcc/arm-none-eabi/10.3.1/../../../../arm-none-eabi/lib/thumb/v6-m/nofp\libc_nano.a(lib_a-init.o)
                              d:/cq9008/xpack-arm-none-eabi-gcc-10.3.1-2.3/bin/../lib/gcc/arm-none-eabi/10.3.1/../../../../arm-none-eabi/lib/thumb/v6-m/nofp/crt0.o (__libc_init_array)
d:/cq9008/xpack-arm-none-eabi-gcc-10.3.1-2.3/bin/../lib/gcc/arm-none-eabi/10.3.1/../../../../arm-none-eabi/lib/thumb/v6-m/nofp\libc_nano.a(lib_a-memset.o)
                              d:/cq9008/xpack-arm-none-eabi-gcc-10.3.1-2.3/bin/../lib/gcc/arm-none-eabi/10.3.1/../../../../arm-none-eabi/lib/thumb/v6-m/nofp/crt0.o (memset)
d:/cq9008/xpack-arm-none-eabi-gcc-10.3.1-2.3/bin/../lib/gcc/arm-none-eabi/10.3.1/thumb/v6-m/nofp\libgcc.a(_udivsi3.o)
                              ./sdk/platform/drivers/src/clock_tw9001.o (__aeabi_uidiv)
d:/cq9008/xpack-arm-none-eabi-gcc-10.3.1-2.3/bin/../lib/gcc/arm-none-eabi/10.3.1/thumb/v6-m/nofp\libgcc.a(_divsi3.o)
                              ./sdk/platform/drivers/src/lpspi_interface.o (__aeabi_idivmod)
d:/cq9008/xpack-arm-none-eabi-gcc-10.3.1-2.3/bin/../lib/gcc/arm-none-eabi/10.3.1/thumb/v6-m/nofp\libgcc.a(_dvmd_tls.o)
                              d:/cq9008/xpack-arm-none-eabi-gcc-10.3.1-2.3/bin/../lib/gcc/arm-none-eabi/10.3.1/thumb/v6-m/nofp\libgcc.a(_udivsi3.o) (__aeabi_idiv0)
d:/cq9008/xpack-arm-none-eabi-gcc-10.3.1-2.3/bin/../lib/gcc/arm-none-eabi/10.3.1/../../../../arm-none-eabi/lib/thumb/v6-m/nofp\libg_nano.a(lib_a-memcpy-stub.o)
                              ./sdk/platform/drivers/src/usbd_hid_ex.o (memcpy)
d:/cq9008/xpack-arm-none-eabi-gcc-10.3.1-2.3/bin/../lib/gcc/arm-none-eabi/10.3.1/../../../../arm-none-eabi/lib/thumb/v6-m/nofp\libg_nano.a(lib_a-printf.o)
                              ./sdk/platform/drivers/src/usbd_hid_ex.o (printf)
d:/cq9008/xpack-arm-none-eabi-gcc-10.3.1-2.3/bin/../lib/gcc/arm-none-eabi/10.3.1/../../../../arm-none-eabi/lib/thumb/v6-m/nofp\libg_nano.a(lib_a-puts.o)
                              ./sdk/platform/drivers/src/usbd_hid_ex.o (puts)
d:/cq9008/xpack-arm-none-eabi-gcc-10.3.1-2.3/bin/../lib/gcc/arm-none-eabi/10.3.1/../../../../arm-none-eabi/lib/thumb/v6-m/nofp\libg_nano.a(lib_a-strlen.o)
                              ./src/main.o (strlen)
d:/cq9008/xpack-arm-none-eabi-gcc-10.3.1-2.3/bin/../lib/gcc/arm-none-eabi/10.3.1/../../../../arm-none-eabi/lib/thumb/v6-m/nofp\libg_nano.a(lib_a-wbuf.o)
                              d:/cq9008/xpack-arm-none-eabi-gcc-10.3.1-2.3/bin/../lib/gcc/arm-none-eabi/10.3.1/../../../../arm-none-eabi/lib/thumb/v6-m/nofp\libg_nano.a(lib_a-puts.o) (__swbuf_r)
d:/cq9008/xpack-arm-none-eabi-gcc-10.3.1-2.3/bin/../lib/gcc/arm-none-eabi/10.3.1/../../../../arm-none-eabi/lib/thumb/v6-m/nofp\libg_nano.a(lib_a-wsetup.o)
                              d:/cq9008/xpack-arm-none-eabi-gcc-10.3.1-2.3/bin/../lib/gcc/arm-none-eabi/10.3.1/../../../../arm-none-eabi/lib/thumb/v6-m/nofp\libg_nano.a(lib_a-puts.o) (__swsetup_r)
d:/cq9008/xpack-arm-none-eabi-gcc-10.3.1-2.3/bin/../lib/gcc/arm-none-eabi/10.3.1/../../../../arm-none-eabi/lib/thumb/v6-m/nofp\libg_nano.a(lib_a-fflush.o)
                              d:/cq9008/xpack-arm-none-eabi-gcc-10.3.1-2.3/bin/../lib/gcc/arm-none-eabi/10.3.1/../../../../arm-none-eabi/lib/thumb/v6-m/nofp\libg_nano.a(lib_a-wbuf.o) (_fflush_r)
d:/cq9008/xpack-arm-none-eabi-gcc-10.3.1-2.3/bin/../lib/gcc/arm-none-eabi/10.3.1/../../../../arm-none-eabi/lib/thumb/v6-m/nofp\libg_nano.a(lib_a-findfp.o)
                              d:/cq9008/xpack-arm-none-eabi-gcc-10.3.1-2.3/bin/../lib/gcc/arm-none-eabi/10.3.1/../../../../arm-none-eabi/lib/thumb/v6-m/nofp\libg_nano.a(lib_a-printf.o) (__sinit)
d:/cq9008/xpack-arm-none-eabi-gcc-10.3.1-2.3/bin/../lib/gcc/arm-none-eabi/10.3.1/../../../../arm-none-eabi/lib/thumb/v6-m/nofp\libg_nano.a(lib_a-fwalk.o)
                              d:/cq9008/xpack-arm-none-eabi-gcc-10.3.1-2.3/bin/../lib/gcc/arm-none-eabi/10.3.1/../../../../arm-none-eabi/lib/thumb/v6-m/nofp\libg_nano.a(lib_a-findfp.o) (_fwalk)
d:/cq9008/xpack-arm-none-eabi-gcc-10.3.1-2.3/bin/../lib/gcc/arm-none-eabi/10.3.1/../../../../arm-none-eabi/lib/thumb/v6-m/nofp\libg_nano.a(lib_a-lock.o)
[...]
Memory Configuration

Name             Origin             Length             Attributes
FLASH            0x0000000000000000 0x0000000000040000 xr
RAM              0x0000000020000000 0x0000000000010000 rw
*default*        0x0000000000000000 0xffffffffffffffff

Linker script and memory map

LOAD d:/cq9008/xpack-arm-none-eabi-gcc-10.3.1-2.3/bin/../lib/gcc/arm-none-eabi/10.3.1/thumb/v6-m/nofp/crti.o
LOAD d:/cq9008/xpack-arm-none-eabi-gcc-10.3.1-2.3/bin/../lib/gcc/arm-none-eabi/10.3.1/thumb/v6-m/nofp/crtbegin.o
LOAD d:/cq9008/xpack-arm-none-eabi-gcc-10.3.1-2.3/bin/../lib/gcc/arm-none-eabi/10.3.1/../../../../arm-none-eabi/lib/thumb/v6-m/nofp/crt0.o
START GROUP
LOAD d:/cq9008/xpack-arm-none-eabi-gcc-10.3.1-2.3/bin/../lib/gcc/arm-none-eabi/10.3.1/thumb/v6-m/nofp\libgcc.a
LOAD d:/cq9008/xpack-arm-none-eabi-gcc-10.3.1-2.3/bin/../lib/gcc/arm-none-eabi/10.3.1/../../../../arm-none-eabi/lib/thumb/v6-m/nofp\libc_nano.a
LOAD d:/cq9008/xpack-arm-none-eabi-gcc-10.3.1-2.3/bin/../lib/gcc/arm-none-eabi/10.3.1/../../../../arm-none-eabi/lib/thumb/v6-m/nofp\libm.a
END GROUP
LOAD ./src/clock_config.o
LOAD ./src/main.o
LOAD ./sdk/platform/drivers/src/clock_tw9001.o
LOAD ./sdk/platform/drivers/src/crc_driver.o
LOAD ./sdk/platform/drivers/src/edma_driver.o
LOAD ./sdk/platform/drivers/src/flash_driver.o
LOAD ./sdk/platform/drivers/src/fsusb_driver.o
LOAD ./sdk/platform/drivers/src/ftm_driver.o
LOAD ./sdk/platform/drivers/src/hsspi_driver.o
LOAD ./sdk/platform/drivers/src/interrupt_manager.o
LOAD ./sdk/platform/drivers/src/lpi2c_driver.o
LOAD ./sdk/platform/drivers/src/lpi2c_interface.o
LOAD ./sdk/platform/drivers/src/lpspi_driver.o
LOAD ./sdk/platform/drivers/src/lpspi_interface.o
LOAD ./sdk/platform/drivers/src/lptmr_driver.o
LOAD ./sdk/platform/drivers/src/lpuart_driver.o
LOAD ./sdk/platform/drivers/src/osif_driver.o
LOAD ./sdk/platform/drivers/src/pins_driver.o
LOAD ./sdk/platform/drivers/src/power_manager.o
LOAD ./sdk/platform/drivers/src/rcm_driver.o
LOAD ./sdk/platform/drivers/src/smc_driver.o
LOAD ./sdk/platform/drivers/src/tpm_interface.o
LOAD ./sdk/platform/drivers/src/trgmux_driver.o
LOAD ./sdk/platform/drivers/src/uart_driver.o
LOAD ./sdk/platform/drivers/src/usbd_hid_ex.o
LOAD ./sdk/platform/drivers/src/wdg_driver.o
LOAD ./sdk/platform/devices/tw9001/startup/system_tw9001.o
LOAD ./sdk/platform/devices/startup.o
LOAD ./project_settings/startup_code/startup_tw9001.o
LOAD ../sdk/platform/drivers/lib\libpufs.a
START GROUP
LOAD d:/cq9008/xpack-arm-none-eabi-gcc-10.3.1-2.3/bin/../lib/gcc/arm-none-eabi/10.3.1/thumb/v6-m/nofp\libgcc.a
LOAD d:/cq9008/xpack-arm-none-eabi-gcc-10.3.1-2.3/bin/../lib/gcc/arm-none-eabi/10.3.1/../../../../arm-none-eabi/lib/thumb/v6-m/nofp\libg_nano.a
LOAD d:/cq9008/xpack-arm-none-eabi-gcc-10.3.1-2.3/bin/../lib/gcc/arm-none-eabi/10.3.1/../../../../arm-none-eabi/lib/thumb/v6-m/nofp\libc_nano.a
END GROUP
START GROUP
LOAD d:/cq9008/xpack-arm-none-eabi-gcc-10.3.1-2.3/bin/../lib/gcc/arm-none-eabi/10.3.1/thumb/v6-m/nofp\libgcc.a
LOAD d:/cq9008/xpack-arm-none-eabi-gcc-10.3.1-2.3/bin/../lib/gcc/arm-none-eabi/10.3.1/../../../../arm-none-eabi/lib/thumb/v6-m/nofp\libc_nano.a
LOAD d:/cq9008/xpack-arm-none-eabi-gcc-10.3.1-2.3/bin/../lib/gcc/arm-none-eabi/10.3.1/../../../../arm-none-eabi/lib/thumb/v6-m/nofp\libnosys.a
END GROUP
START GROUP
LOAD d:/cq9008/xpack-arm-none-eabi-gcc-10.3.1-2.3/bin/../lib/gcc/arm-none-eabi/10.3.1/thumb/v6-m/nofp\libgcc.a
LOAD d:/cq9008/xpack-arm-none-eabi-gcc-10.3.1-2.3/bin/../lib/gcc/arm-none-eabi/10.3.1/../../../../arm-none-eabi/lib/thumb/v6-m/nofp\libc_nano.a
LOAD d:/cq9008/xpack-arm-none-eabi-gcc-10.3.1-2.3/bin/../lib/gcc/arm-none-eabi/10.3.1/../../../../arm-none-eabi/lib/thumb/v6-m/nofp\libnosys.a
END GROUP
LOAD d:/cq9008/xpack-arm-none-eabi-gcc-10.3.1-2.3/bin/../lib/gcc/arm-none-eabi/10.3.1/thumb/v6-m/nofp/crtend.o
LOAD d:/cq9008/xpack-arm-none-eabi-gcc-10.3.1-2.3/bin/../lib/gcc/arm-none-eabi/10.3.1/thumb/v6-m/nofp/crtn.o
                0x0000000000000400                HEAP_SIZE = DEFINED (__heap_size__)?__heap_size__:0x400
                0x0000000000000400                STACK_SIZE = DEFINED (__stack_size__)?__stack_size__:0x400

.interrupts     0x0000000000000000       0xc0
                0x0000000000000000                __VECTOR_TABLE = .
                0x0000000000000000                __interrupts_start__ = .
                0x0000000000000000                . = ALIGN (0x4)
 *(.isr_vector)
 .isr_vector    0x0000000000000000       0xc0 ./project_settings/startup_code/startup_tw9001.o
                0x0000000000000000                __isr_vector
                0x00000000000000c0                __interrupts_end__ = .
                0x00000000000000c0                . = ALIGN (0x4)

.text           0x00000000000000c0     0x40ac
                0x00000000000000c0                . = ALIGN (0x4)
 *(.text)
 .text          0x00000000000000c0       0x60 ./project_settings/startup_code/startup_tw9001.o
                0x00000000000000c0                Reset_Handler
                0x000000000000011c                FTM0_Ovf_Reload_IRQHandler
                0x000000000000011c                FTM1_Ch0_7_IRQHandler
                0x000000000000011c                DefaultISR
                0x000000000000011c                FTM0_Ch0_7_IRQHandler
                0x000000000000011c                NMI_Handler
                0x000000000000011c                PendSV_Handler
                0x000000000000011c                FTFC_IRQHandler
                0x000000000000011c                FTM0_Fault_IRQHandler
                0x000000000000011c                SVC_Handler
                0x000000000000011c                RCM_IRQHandler
                0x000000000000011c                FTM1_Fault_IRQHandler
                0x000000000000011c                PUF_IRQHandler
                0x000000000000011c                WDOG_IRQHandler
                0x000000000000011c                LPTMR0_IRQHandler
                0x000000000000011c                FTM1_Ovf_Reload_IRQHandler
 .text          0x0000000000000120      0x114 d:/cq9008/xpack-arm-none-eabi-gcc-10.3.1-2.3/bin/../lib/gcc/arm-none-eabi/10.3.1/thumb/v6-m/nofp\libgcc.a(_udivsi3.o)
                0x0000000000000120                __aeabi_uidiv
                0x0000000000000120                __udivsi3
                0x000000000000022c                __aeabi_uidivmod
 .text          0x0000000000000234      0x1d4 d:/cq9008/xpack-arm-none-eabi-gcc-10.3.1-2.3/bin/../lib/gcc/arm-none-eabi/10.3.1/thumb/v6-m/nofp\libgcc.a(_divsi3.o)
                0x0000000000000234                __divsi3
                0x0000000000000234                __aeabi_idiv
                0x0000000000000400                __aeabi_idivmod
 .text          0x0000000000000408        0x4 d:/cq9008/xpack-arm-none-eabi-gcc-10.3.1-2.3/bin/../lib/gcc/arm-none-eabi/10.3.1/thumb/v6-m/nofp\libgcc.a(_dvmd_tls.o)
                0x0000000000000408                __aeabi_idiv0
                0x0000000000000408                __aeabi_ldiv0
 .text          0x000000000000040c        0xe d:/cq9008/xpack-arm-none-eabi-gcc-10.3.1-2.3/bin/../lib/gcc/arm-none-eabi/10.3.1/../../../../arm-none-eabi/lib/thumb/v6-m/nofp\libg_nano.a(lib_a-strlen.o)
                0x000000000000040c                strlen
 *(.text*)
 .text.memset   0x000000000000041a       0x10 d:/cq9008/xpack-arm-none-eabi-gcc-10.3.1-2.3/bin/../lib/gcc/arm-none-eabi/10.3.1/../../../../arm-none-eabi/lib/thumb/v6-m/nofp\libc_nano.a(lib_a-memset.o)
                0x000000000000041a                memset
 *fill*         0x000000000000042a        0x2 
 .text.rx0_callback
                0x000000000000042c       0x38 ./src/main.o
                0x000000000000042c                rx0_callback
 .text.HardFault_Handler
                0x0000000000000464        0x2 ./src/main.o
                0x0000000000000464                HardFault_Handler
 *fill*         0x0000000000000466        0x2 
 .text.PORT_IRQHandler
                0x0000000000000468       0x24 ./src/main.o
                0x0000000000000468                PORT_IRQHandler
 .text.print    0x000000000000048c       0x16 ./src/main.o
                0x000000000000048c                print
 *fill*         0x00000000000004a2        0x2 
 .text.init_pins
                0x00000000000004a4       0x7c ./src/main.o
                0x00000000000004a4                init_pins
 .text.init_uart
                0x0000000000000520       0x34 ./src/main.o
                0x0000000000000520                init_uart
 .text.gpio_test
                0x0000000000000554       0xac ./src/main.o
                0x0000000000000554                gpio_test
 .text.main     0x0000000000000600       0x40 ./src/main.o
                0x0000000000000600                main
 .text.clcok_set_pcc_config
                0x0000000000000640       0x88 ./sdk/platform/drivers/src/clock_tw9001.o
 .text.clock_set_sim_config
                0x00000000000006c8      0x130 ./sdk/platform/drivers/src/clock_tw9001.o
 .text.clock_get_default_config
                0x00000000000007f8       0x94 ./sdk/platform/drivers/src/clock_tw9001.o
 .text.clock_check_pcc_clock
                0x000000000000088c       0x54 ./sdk/platform/drivers/src/clock_tw9001.o
 .text.clock_get_current_run_mode
                0x00000000000008e0       0x28 ./sdk/platform/drivers/src/clock_tw9001.o
 .text.clock_get_sys_osc_freq
                0x0000000000000908        0xc ./sdk/platform/drivers/src/clock_tw9001.o
 .text.clock_configure_sosc
                0x0000000000000914       0x70 ./sdk/platform/drivers/src/clock_tw9001.o
 .text.clock_get_sirc_freq
                0x0000000000000984        0x8 ./sdk/platform/drivers/src/clock_tw9001.o
 .text.clock_configure_sirc
                0x000000000000098c       0x58 ./sdk/platform/drivers/src/clock_tw9001.o
 .text.clock_get_firc_freq
                0x00000000000009e4        0x8 ./sdk/platform/drivers/src/clock_tw9001.o
 .text.clock_configure_firc
                0x00000000000009ec       0x58 ./sdk/platform/drivers/src/clock_tw9001.o
 .text.clock_get_src_freq
                0x0000000000000a44       0x24 ./sdk/platform/drivers/src/clock_tw9001.o
 .text.clock_set_sys_clk_config
                0x0000000000000a68       0xe4 ./sdk/platform/drivers/src/clock_tw9001.o
 .text.clock_transition_system_clcok
                0x0000000000000b4c       0x50 ./sdk/platform/drivers/src/clock_tw9001.o
 .text.clock_configure_modules_from_scg
                0x0000000000000b9c       0xcc ./sdk/platform/drivers/src/clock_tw9001.o
 .text.clock_configure_tmp_sys_clk
                0x0000000000000c68       0x44 ./sdk/platform/drivers/src/clock_tw9001.o
 .text.clock_set_scg_config
                0x0000000000000cac       0x84 ./sdk/platform/drivers/src/clock_tw9001.o
 .text.clock_get_system_clock_freq
                0x0000000000000d30       0x68 ./sdk/platform/drivers/src/clock_tw9001.o
 .text.clock_get_scg_clk_out_freq
                0x0000000000000d98       0x44 ./sdk/platform/drivers/src/clock_tw9001.o
 .text.clock_get_sys_async_freq
                0x0000000000000ddc       0xc0 ./sdk/platform/drivers/src/clock_tw9001.o
 .text.clock_get_sim_rtc_clk_freq
                0x0000000000000e9c       0x5c ./sdk/platform/drivers/src/clock_tw9001.o
 .text.clock_get_lpo_freq
                0x0000000000000ef8       0x64 ./sdk/platform/drivers/src/clock_tw9001.o
 .text.clock_get_sim_clk_out_freq
                0x0000000000000f5c       0x8c ./sdk/platform/drivers/src/clock_tw9001.o
 .text.clock_get_scg_clock_freq
                0x0000000000000fe8       0xd8 ./sdk/platform/drivers/src/clock_tw9001.o
 .text.clock_get_other_sim_clock_freq
                0x00000000000010c0       0x78 ./sdk/platform/drivers/src/clock_tw9001.o
 .text.clock_get_sim_clock_freq
                0x0000000000001138       0x90 ./sdk/platform/drivers/src/clock_tw9001.o
 .text.clock_get_ftm_option_freq
                0x00000000000011c8       0x1e ./sdk/platform/drivers/src/clock_tw9001.o
 *fill*         0x00000000000011e6        0x2 
 .text.clock_get_peripheral_clock
                0x00000000000011e8       0x88 ./sdk/platform/drivers/src/clock_tw9001.o
 .text.clock_get_pcc_clock_freq
                0x0000000000001270       0x9c ./sdk/platform/drivers/src/clock_tw9001.o
 .text.clock_init
                0x000000000000130c       0x42 ./sdk/platform/drivers/src/clock_tw9001.o
                0x000000000000130c                clock_init
 .text.clock_get_freq
                0x000000000000134e       0x24 ./sdk/platform/drivers/src/clock_tw9001.o
                0x000000000000134e                clock_get_freq
 *fill*         0x0000000000001372        0x2 
 .text.clock_init_config
                0x0000000000001374       0x28 ./sdk/platform/drivers/src/clock_tw9001.o
                0x0000000000001374                clock_init_config
 .text.clock_update_config
                0x000000000000139c      0x104 ./sdk/platform/drivers/src/clock_tw9001.o
                0x000000000000139c                clock_update_config
 .text.edma_tcd_set_major_complete_int
                0x00000000000014a0       0x3c ./sdk/platform/drivers/src/edma_driver.o
 .text.edma_clear_int_status
                0x00000000000014dc       0x10 ./sdk/platform/drivers/src/edma_driver.o
 .text.edma_valid_transfer_size
                0x00000000000014ec        0xc ./sdk/platform/drivers/src/edma_driver.o
 .text.edma_set_dma_request
                0x00000000000014f8        0xc ./sdk/platform/drivers/src/edma_driver.o
                0x00000000000014f8                edma_set_dma_request
 .text.edma_tcd_clear_reg
                0x0000000000001504       0x68 ./sdk/platform/drivers/src/edma_driver.o
                0x0000000000001504                edma_tcd_clear_reg
 .text.edma_tcd_set_attribute
                0x000000000000156c       0x38 ./sdk/platform/drivers/src/edma_driver.o
                0x000000000000156c                edma_tcd_set_attribute
 .text.edma_tcd_set_nbytes
                0x00000000000015a4       0x68 ./sdk/platform/drivers/src/edma_driver.o
                0x00000000000015a4                edma_tcd_set_nbytes
 .text.edma_tcd_set_major_count
                0x000000000000160c       0x74 ./sdk/platform/drivers/src/edma_driver.o
                0x000000000000160c                edma_tcd_set_major_count
 .text.edma_install_callback
                0x0000000000001680       0x34 ./sdk/platform/drivers/src/edma_driver.o
                0x0000000000001680                edma_install_callback
 .text.edma_irq_handler
                0x00000000000016b4       0x28 ./sdk/platform/drivers/src/edma_driver.o
                0x00000000000016b4                edma_irq_handler
 .text.edma_config_single_block_transfer
                0x00000000000016dc      0x1b8 ./sdk/platform/drivers/src/edma_driver.o
                0x00000000000016dc                edma_config_single_block_transfer
 .text.edma_config_multi_block_transfer
                0x0000000000001894       0xb4 ./sdk/platform/drivers/src/edma_driver.o
                0x0000000000001894                edma_config_multi_block_transfer
 .text.edma_start_channel
                0x0000000000001948       0x3c ./sdk/platform/drivers/src/edma_driver.o
                0x0000000000001948                edma_start_channel
 .text.edma_stop_channel
                0x0000000000001984       0x3c ./sdk/platform/drivers/src/edma_driver.o
                0x0000000000001984                edma_stop_channel
 .text.edma_set_channel_request_and_trigger
                0x00000000000019c0       0x88 ./sdk/platform/drivers/src/edma_driver.o
                0x00000000000019c0                edma_set_channel_request_and_trigger
 .text.edma_set_src_addr
                0x0000000000001a48       0x38 ./sdk/platform/drivers/src/edma_driver.o
                0x0000000000001a48                edma_set_src_addr
 .text.edma_set_src_last_addr_adjust
                0x0000000000001a80       0x38 ./sdk/platform/drivers/src/edma_driver.o
                0x0000000000001a80                edma_set_src_last_addr_adjust
 .text.edma_set_major_loop_iteration_count
                0x0000000000001ab8       0x3c ./sdk/platform/drivers/src/edma_driver.o
                0x0000000000001ab8                edma_set_major_loop_iteration_count
 .text.DMA0_IRQHandler
                0x0000000000001af4        0xa ./sdk/platform/drivers/src/edma_driver.o
                0x0000000000001af4                DMA0_IRQHandler
 .text.DMA1_IRQHandler
                0x0000000000001afe        0xa ./sdk/platform/drivers/src/edma_driver.o
                0x0000000000001afe                DMA1_IRQHandler
 .text.DMA2_IRQHandler
                0x0000000000001b08        0xa ./sdk/platform/drivers/src/edma_driver.o
                0x0000000000001b08                DMA2_IRQHandler
 .text.DMA3_IRQHandler
                0x0000000000001b12        0xa ./sdk/platform/drivers/src/edma_driver.o
                0x0000000000001b12                DMA3_IRQHandler
 .text.fsusb_get_status_bm
                0x0000000000001b1c        0x4 ./sdk/platform/drivers/src/fsusb_driver.o
                0x0000000000001b1c                fsusb_get_status_bm
 .text.fsusb_clear_status_bm
                0x0000000000001b20        0x4 ./sdk/platform/drivers/src/fsusb_driver.o
                0x0000000000001b20                fsusb_clear_status_bm
 .text.fsusb_set_ep0_stall
                0x0000000000001b24        0xe ./sdk/platform/drivers/src/fsusb_driver.o
                0x0000000000001b24                fsusb_set_ep0_stall
 .text.fsusb_clear_ep0_latched_st
                0x0000000000001b32        0xa ./sdk/platform/drivers/src/fsusb_driver.o
                0x0000000000001b32                fsusb_clear_ep0_latched_st
 .text.fsusb_get_ep0_rx_pkt_len
                0x0000000000001b3c        0x6 ./sdk/platform/drivers/src/fsusb_driver.o
                0x0000000000001b3c                fsusb_get_ep0_rx_pkt_len
 .text.fsusb_get_usb_dev_req_data_byte
                0x0000000000001b42        0xc ./sdk/platform/drivers/src/fsusb_driver.o
                0x0000000000001b42                fsusb_get_usb_dev_req_data_byte
 .text.fsusb_get_ep4_stall_st
                0x0000000000001b4e        0xa ./sdk/platform/drivers/src/fsusb_driver.o
                0x0000000000001b4e                fsusb_get_ep4_stall_st
 .text.fsusb_clear_ep4_latched_st
                0x0000000000001b58        0xc ./sdk/platform/drivers/src/fsusb_driver.o
                0x0000000000001b58                fsusb_clear_ep4_latched_st
 .text.fsusb_get_ep4_pkt_fetched_rdy
                0x0000000000001b64        0xa ./sdk/platform/drivers/src/fsusb_driver.o
                0x0000000000001b64                fsusb_get_ep4_pkt_fetched_rdy
 .text.fsusb_get_ep4_rx_pkt_len
                0x0000000000001b6e        0x8 ./sdk/platform/drivers/src/fsusb_driver.o
                0x0000000000001b6e                fsusb_get_ep4_rx_pkt_len
 .text.fsusb_get_ep6_stall_st
                0x0000000000001b76       0x10 ./sdk/platform/drivers/src/fsusb_driver.o
                0x0000000000001b76                fsusb_get_ep6_stall_st
 .text.fsusb_clear_ep6_latched_st
                0x0000000000001b86        0xa ./sdk/platform/drivers/src/fsusb_driver.o
                0x0000000000001b86                fsusb_clear_ep6_latched_st
 .text.fsusb_get_ep6_pkt_fetched_rdy
                0x0000000000001b90       0x10 ./sdk/platform/drivers/src/fsusb_driver.o
                0x0000000000001b90                fsusb_get_ep6_pkt_fetched_rdy
 .text.fsusb_get_ep6_rx_pkt_len
                0x0000000000001ba0        0xc ./sdk/platform/drivers/src/fsusb_driver.o
                0x0000000000001ba0                fsusb_get_ep6_rx_pkt_len
 .text.int_enable_irq
                0x0000000000001bac       0x34 ./sdk/platform/drivers/src/interrupt_manager.o
                0x0000000000001bac                int_enable_irq
 .text.int_disable_irq
                0x0000000000001be0       0x34 ./sdk/platform/drivers/src/interrupt_manager.o
                0x0000000000001be0                int_disable_irq
 .text.int_enable_irq_global
                0x0000000000001c14       0x1c ./sdk/platform/drivers/src/interrupt_manager.o
                0x0000000000001c14                int_enable_irq_global
 .text.int_disable_irq_global
                0x0000000000001c30       0x10 ./sdk/platform/drivers/src/interrupt_manager.o
                0x0000000000001c30                int_disable_irq_global
 .text.lpi2c_init
                0x0000000000001c40       0x1e ./sdk/platform/drivers/src/lpi2c_driver.o
                0x0000000000001c40                lpi2c_init
 *fill*         0x0000000000001c5e        0x2 
 .text.lpi2cif_master_set_operating_mode
                0x0000000000001c60       0x44 ./sdk/platform/drivers/src/lpi2c_interface.o
 .text.lpi2cif_master_queue_data
                0x0000000000001ca4       0x62 ./sdk/platform/drivers/src/lpi2c_interface.o
 *fill*         0x0000000000001d06        0x2 
 .text.lpi2cif_slave_handle_xmt_data_req
                0x0000000000001d08       0x54 ./sdk/platform/drivers/src/lpi2c_interface.o
 .text.lpi2cif_slave_handle_rcv_data_rdy
                0x0000000000001d5c       0x44 ./sdk/platform/drivers/src/lpi2c_interface.o
 .text.lpi2cif_slave_end_xfer
                0x0000000000001da0       0x64 ./sdk/platform/drivers/src/lpi2c_interface.o
 .text.lpi2cif_master_end_xfer
                0x0000000000001e04       0x94 ./sdk/platform/drivers/src/lpi2c_interface.o
 .text.lpi2cif_master_handle_xmt_data_req
                0x0000000000001e98       0xd0 ./sdk/platform/drivers/src/lpi2c_interface.o
 .text.lpi2cif_master_handle_rcv_data_rdy
                0x0000000000001f68       0x8c ./sdk/platform/drivers/src/lpi2c_interface.o
 .text.lpi2cif_slave_handle_end_xfer
                0x0000000000001ff4       0x48 ./sdk/platform/drivers/src/lpi2c_interface.o
 .text.lpi2cif_configure_dma_xfer
                0x000000000000203c       0x68 ./sdk/platform/drivers/src/lpi2c_interface.o
 .text.lpi2cif_slave_start_dma_xfer
                0x00000000000020a4       0xa0 ./sdk/platform/drivers/src/lpi2c_interface.o
 .text.lpi2cif_slave_handle_dev_id_addr_valid
                0x0000000000002144       0x84 ./sdk/platform/drivers/src/lpi2c_interface.o
 .text.lpi2cif_slave_isr
                0x00000000000021c8      0x118 ./sdk/platform/drivers/src/lpi2c_interface.o
 .text.lpi2cif_master_set_baud_rate
                0x00000000000022e0      0x174 ./sdk/platform/drivers/src/lpi2c_interface.o
                0x00000000000022e0                lpi2cif_master_set_baud_rate
 .text.lpi2cif_master_set_dev_id_addr
                0x0000000000002454       0x24 ./sdk/platform/drivers/src/lpi2c_interface.o
                0x0000000000002454                lpi2cif_master_set_dev_id_addr
 .text.lpi2cif_master_reinit
                0x0000000000002478       0x60 ./sdk/platform/drivers/src/lpi2c_interface.o
 .text.lpi2cif_master_isr
                0x00000000000024d8      0x12c ./sdk/platform/drivers/src/lpi2c_interface.o
 .text.LPI2C0_IRQHandler
                0x0000000000002604       0x28 ./sdk/platform/drivers/src/lpi2c_interface.o
                0x0000000000002604                LPI2C0_IRQHandler
 .text.LPI2C1_IRQHandler
                0x000000000000262c       0x28 ./sdk/platform/drivers/src/lpi2c_interface.o
                0x000000000000262c                LPI2C1_IRQHandler
 .text.lpspi_set_flush_fifo_cmd
                0x0000000000002654        0xe ./sdk/platform/drivers/src/lpspi_driver.o
                0x0000000000002654                lpspi_set_flush_fifo_cmd
 .text.lpspi_clear_status_flag
                0x0000000000002662       0x1e ./sdk/platform/drivers/src/lpspi_driver.o
                0x0000000000002662                lpspi_clear_status_flag
 .text.lpspiif_fillup_tx_buffer
                0x0000000000002680       0xb8 ./sdk/platform/drivers/src/lpspi_interface.o
 .text.lpspiif_read_rx_buffer
                0x0000000000002738       0x7c ./sdk/platform/drivers/src/lpspi_interface.o
 .text.lpspiif_disable_teie_intrpts
                0x00000000000027b4       0x38 ./sdk/platform/drivers/src/lpspi_interface.o
 .text.lpspiif_master_complete_xfer
                0x00000000000027ec       0x80 ./sdk/platform/drivers/src/lpspi_interface.o
 .text.lpspiif_master_abort_xfer
                0x000000000000286c       0x44 ./sdk/platform/drivers/src/lpspi_interface.o
 .text.lpspiif_master_isr
                0x00000000000028b0       0xb8 ./sdk/platform/drivers/src/lpspi_interface.o
 .text.lpspiif_slave_abort_xfer
                0x0000000000002968       0x84 ./sdk/platform/drivers/src/lpspi_interface.o
 .text.lpspiif_slave_isr
                0x00000000000029ec       0xe4 ./sdk/platform/drivers/src/lpspi_interface.o
 .text.lpspiif_isr
                0x0000000000002ad0       0x24 ./sdk/platform/drivers/src/lpspi_interface.o
 .text.LPSPI0_IRQHandler
                0x0000000000002af4        0xa ./sdk/platform/drivers/src/lpspi_interface.o
                0x0000000000002af4                LPSPI0_IRQHandler
 .text.LPSPI1_IRQHandler
                0x0000000000002afe        0xa ./sdk/platform/drivers/src/lpspi_interface.o
                0x0000000000002afe                LPSPI1_IRQHandler
 .text.LPSPI2_IRQHandler
                0x0000000000002b08        0xa ./sdk/platform/drivers/src/lpspi_interface.o
                0x0000000000002b08                LPSPI2_IRQHandler
 *fill*         0x0000000000002b12        0x2 
 .text.lpaurt_start_send_data_using_dma
                0x0000000000002b14       0xb8 ./sdk/platform/drivers/src/lpuart_driver.o
 .text.lpuart_init_set
                0x0000000000002bcc       0x20 ./sdk/platform/drivers/src/lpuart_driver.o
                0x0000000000002bcc                lpuart_init_set
 .text.lpuart_set_bit_count_per_char
                0x0000000000002bec       0x34 ./sdk/platform/drivers/src/lpuart_driver.o
                0x0000000000002bec                lpuart_set_bit_count_per_char
 .text.lpuart_set_parity_mode
                0x0000000000002c20       0x1e ./sdk/platform/drivers/src/lpuart_driver.o
                0x0000000000002c20                lpuart_set_parity_mode
 *fill*         0x0000000000002c3e        0x2 
 .text.lpuart_set_int_mode
                0x0000000000002c40       0x68 ./sdk/platform/drivers/src/lpuart_driver.o
                0x0000000000002c40                lpuart_set_int_mode
 .text.lpuart_start_send_data_using_int
                0x0000000000002ca8       0x88 ./sdk/platform/drivers/src/lpuart_driver.o
 .text.lpuart_complete_send_data_using_int
                0x0000000000002d30       0x70 ./sdk/platform/drivers/src/lpuart_driver.o
 .text.lpuart_stop_tx_dma
                0x0000000000002da0       0x6c ./sdk/platform/drivers/src/lpuart_driver.o
 .text.lpaurt_tx_complete_irq_handler
                0x0000000000002e0c       0x34 ./sdk/platform/drivers/src/lpuart_driver.o
 .text.lpuart_tx_dma_callback
                0x0000000000002e40       0x74 ./sdk/platform/drivers/src/lpuart_driver.o
 .text.lpuart_get_int_mode
                0x0000000000002eb4       0x3c ./sdk/platform/drivers/src/lpuart_driver.o
                0x0000000000002eb4                lpuart_get_int_mode
 .text.lpuart_put_char9
                0x0000000000002ef0       0x20 ./sdk/platform/drivers/src/lpuart_driver.o
                0x0000000000002ef0                lpuart_put_char9
 .text.lpuart_put_char10
                0x0000000000002f10       0x2c ./sdk/platform/drivers/src/lpuart_driver.o
                0x0000000000002f10                lpuart_put_char10
 .text.lpuart_put_data
                0x0000000000002f3c       0x44 ./sdk/platform/drivers/src/lpuart_driver.o
 .text.lpuart_tx_empty_irq_handler
                0x0000000000002f80       0x7c ./sdk/platform/drivers/src/lpuart_driver.o
 .text.lpuart_get_char9
                0x0000000000002ffc       0x1a ./sdk/platform/drivers/src/lpuart_driver.o
                0x0000000000002ffc                lpuart_get_char9
 .text.lpuart_get_char10
                0x0000000000003016       0x2a ./sdk/platform/drivers/src/lpuart_driver.o
                0x0000000000003016                lpuart_get_char10
 .text.lpuart_get_data
                0x0000000000003040       0x64 ./sdk/platform/drivers/src/lpuart_driver.o
 .text.lpuart_get_status_flag
                0x00000000000030a4       0x3c ./sdk/platform/drivers/src/lpuart_driver.o
                0x00000000000030a4                lpuart_get_status_flag
 .text.lpuart_set_error_interrupts
                0x00000000000030e0       0x40 ./sdk/platform/drivers/src/lpuart_driver.o
                0x00000000000030e0                lpuart_set_error_interrupts
 .text.lpuart_complete_receive_data_using_int
                0x0000000000003120       0x70 ./sdk/platform/drivers/src/lpuart_driver.o
 .text.lpuart_rx_irq_handler
                0x0000000000003190       0x68 ./sdk/platform/drivers/src/lpuart_driver.o
 .text.lpuart_stop_rx_dma
                0x00000000000031f8       0x6c ./sdk/platform/drivers/src/lpuart_driver.o
 .text.lpuart_err_irq_handler
                0x0000000000003264      0x144 ./sdk/platform/drivers/src/lpuart_driver.o
 .text.lpuart_install_rx_callback
                0x00000000000033a8       0x1c ./sdk/platform/drivers/src/lpuart_driver.o
                0x00000000000033a8                lpuart_install_rx_callback
 .text.lpuart_send_data_blocking
                0x00000000000033c4       0x7c ./sdk/platform/drivers/src/lpuart_driver.o
                0x00000000000033c4                lpuart_send_data_blocking
 .text.lpuart_set_baud_rate
                0x0000000000003440      0x15c ./sdk/platform/drivers/src/lpuart_driver.o
                0x0000000000003440                lpuart_set_baud_rate
 .text.lpuart_init
                0x000000000000359c      0x140 ./sdk/platform/drivers/src/lpuart_driver.o
                0x000000000000359c                lpuart_init
 .text.lpuart_set_rx_buffer
                0x00000000000036dc       0x2c ./sdk/platform/drivers/src/lpuart_driver.o
                0x00000000000036dc                lpuart_set_rx_buffer
 .text.lpuart_irq_handler
                0x0000000000003708       0x94 ./sdk/platform/drivers/src/lpuart_driver.o
                0x0000000000003708                lpuart_irq_handler
 .text.LPUART0_IRQHandler
                0x000000000000379c        0xa ./sdk/platform/drivers/src/lpuart_driver.o
                0x000000000000379c                LPUART0_IRQHandler
 .text.LPUART1_IRQHandler
                0x00000000000037a6        0xa ./sdk/platform/drivers/src/lpuart_driver.o
                0x00000000000037a6                LPUART1_IRQHandler
 .text.SysTick_Handler
                0x00000000000037b0       0x10 ./sdk/platform/drivers/src/osif_driver.o
                0x00000000000037b0                SysTick_Handler
 .text.osif_time_delay
                0x00000000000037c0       0x74 ./sdk/platform/drivers/src/osif_driver.o
                0x00000000000037c0                osif_time_delay
 .text.osif_sema_wait
                0x0000000000003834       0xb0 ./sdk/platform/drivers/src/osif_driver.o
                0x0000000000003834                osif_sema_wait
 .text.osif_sema_post
                0x00000000000038e4       0x2c ./sdk/platform/drivers/src/osif_driver.o
                0x00000000000038e4                osif_sema_post
 .text.osif_sema_create
                0x0000000000003910       0x1c ./sdk/platform/drivers/src/osif_driver.o
                0x0000000000003910                osif_sema_create
 .text.pins_init_set
                0x000000000000392c      0x124 ./sdk/platform/drivers/src/pins_driver.o
 .text.pins_chip_init
                0x0000000000003a50       0x4c ./sdk/platform/drivers/src/pins_driver.o
                0x0000000000003a50                pins_chip_init
 .text.pins_init
                0x0000000000003a9c       0x20 ./sdk/platform/drivers/src/pins_driver.o
                0x0000000000003a9c                pins_init
 .text.pins_config_digital_filter
                0x0000000000003abc       0x20 ./sdk/platform/drivers/src/pins_driver.o
                0x0000000000003abc                pins_config_digital_filter
 .text.pins_set_pins
                0x0000000000003adc        0x8 ./sdk/platform/drivers/src/pins_driver.o
                0x0000000000003adc                pins_set_pins
 .text.pins_clear_pins
                0x0000000000003ae4        0x8 ./sdk/platform/drivers/src/pins_driver.o
                0x0000000000003ae4                pins_clear_pins
 .text.get_tpm_wr_cmd_flag
                0x0000000000003aec       0x10 ./sdk/platform/drivers/src/tpm_interface.o
                0x0000000000003aec                get_tpm_wr_cmd_flag
 .text.clear_tpm_wr_cmd_flag
                0x0000000000003afc       0x10 ./sdk/platform/drivers/src/tpm_interface.o
                0x0000000000003afc                clear_tpm_wr_cmd_flag
 .text.get_tpm_rd_cmd_flag
                0x0000000000003b0c       0x14 ./sdk/platform/drivers/src/tpm_interface.o
                0x0000000000003b0c                get_tpm_rd_cmd_flag
 .text.clear_tpm_rd_cmd_flag
                0x0000000000003b20       0x10 ./sdk/platform/drivers/src/tpm_interface.o
                0x0000000000003b20                clear_tpm_rd_cmd_flag
 .text.get_tpm_rd_cmd_ok_flag
                0x0000000000003b30       0x14 ./sdk/platform/drivers/src/tpm_interface.o
                0x0000000000003b30                get_tpm_rd_cmd_ok_flag
 .text.clear_tpm_rd_cmd_ok_flag
                0x0000000000003b44       0x10 ./sdk/platform/drivers/src/tpm_interface.o
                0x0000000000003b44                clear_tpm_rd_cmd_ok_flag
 .text.get_tpm_wr_fifo_flag
                0x0000000000003b54       0x14 ./sdk/platform/drivers/src/tpm_interface.o
                0x0000000000003b54                get_tpm_wr_fifo_flag
 .text.clear_tpm_wr_fifo_flag
                0x0000000000003b68       0x10 ./sdk/platform/drivers/src/tpm_interface.o
                0x0000000000003b68                clear_tpm_wr_fifo_flag
 .text.get_tpm_busy_flag
                0x0000000000003b78       0x14 ./sdk/platform/drivers/src/tpm_interface.o
                0x0000000000003b78                get_tpm_busy_flag
 .text.get_tpm_last_addr_rec
                0x0000000000003b8c       0x10 ./sdk/platform/drivers/src/tpm_interface.o
                0x0000000000003b8c                get_tpm_last_addr_rec
 .text.get_tpm_last_cmd_is_read
                0x0000000000003b9c       0x14 ./sdk/platform/drivers/src/tpm_interface.o
                0x0000000000003b9c                get_tpm_last_cmd_is_read
 .text.get_tpm_last_len_rec
                0x0000000000003bb0       0x10 ./sdk/platform/drivers/src/tpm_interface.o
                0x0000000000003bb0                get_tpm_last_len_rec
 .text.HSSPI_IRQHandler
                0x0000000000003bc0       0x8c ./sdk/platform/drivers/src/tpm_interface.o
                0x0000000000003bc0                HSSPI_IRQHandler
 .text.usbd_ctrl_ep0_set_stall
                0x0000000000003c4c       0x14 ./sdk/platform/drivers/src/usbd_hid_ex.o
 .text.FSUSB_IRQHandler
                0x0000000000003c60      0x1d4 ./sdk/platform/drivers/src/usbd_hid_ex.o
                0x0000000000003c60                FSUSB_IRQHandler
 .text.SystemInit
                0x0000000000003e34       0x24 ./sdk/platform/devices/tw9001/startup/system_tw9001.o
                0x0000000000003e34                SystemInit
 .text.init_data_bss
                0x0000000000003e58       0x7c ./sdk/platform/devices/startup.o
                0x0000000000003e58                init_data_bss
 .text.memcpy   0x0000000000003ed4       0x12 d:/cq9008/xpack-arm-none-eabi-gcc-10.3.1-2.3/bin/../lib/gcc/arm-none-eabi/10.3.1/../../../../arm-none-eabi/lib/thumb/v6-m/nofp\libg_nano.a(lib_a-memcpy-stub.o)
                0x0000000000003ed4                memcpy
 *(.rodata)
 *fill*         0x0000000000003ee6        0x2 
 .rodata        0x0000000000003ee8       0x10 ./src/main.o
 *(.rodata*)
 .rodata.gpio_test.str1.4
                0x0000000000003ef8       0x55 ./src/main.o
 *fill*         0x0000000000003f4d        0x3 
 .rodata.clock_get_sim_clk_out_freq
                0x0000000000003f50       0x3c ./sdk/platform/drivers/src/clock_tw9001.o
 .rodata.clock_get_scg_clock_freq
                0x0000000000003f8c       0x40 ./sdk/platform/drivers/src/clock_tw9001.o
 .rodata.clock_get_other_sim_clock_freq
                0x0000000000003fcc       0x18 ./sdk/platform/drivers/src/clock_tw9001.o
 .rodata.g_clock_name_mappings
                0x0000000000003fe4       0x96 ./sdk/platform/drivers/src/clock_tw9001.o
                0x0000000000003fe4                g_clock_name_mappings
 *fill*         0x000000000000407a        0x2 
 .rodata.g_peripheral_features_list
                0x000000000000407c       0x4b ./sdk/platform/drivers/src/clock_tw9001.o
                0x000000000000407c                g_peripheral_features_list
 *fill*         0x00000000000040c7        0x1 
 .rodata.max_sys_clks_in_usb.5
                0x00000000000040c8       0x38 ./sdk/platform/drivers/src/clock_tw9001.o
 .rodata.max_sys_clks_in_vlpr.4
                0x0000000000004100       0x38 ./sdk/platform/drivers/src/clock_tw9001.o
 .rodata.gp_hsspi_base
                0x0000000000004138        0x4 ./sdk/platform/drivers/src/hsspi_driver.o
                0x0000000000004138                gp_hsspi_base
 .rodata.gp_lpi2c_base
                0x000000000000413c        0x8 ./sdk/platform/drivers/src/lpi2c_driver.o
                0x000000000000413c                gp_lpi2c_base
 .rodata.s_lpi2cif_dma_src
                0x0000000000004144        0x4 ./sdk/platform/drivers/src/lpi2c_interface.o
 .rodata.gp_lpspi_base
                0x0000000000004148        0xc ./sdk/platform/drivers/src/lpspi_driver.o
                0x0000000000004148                gp_lpspi_base
 .rodata.s_lpuart_clk_names
                0x0000000000004154        0x2 ./sdk/platform/drivers/src/lpuart_driver.o
 *fill*         0x0000000000004156        0x2 
 .rodata.s_lpuart_irq_id
                0x0000000000004158        0x2 ./sdk/platform/drivers/src/lpuart_driver.o
 *fill*         0x000000000000415a        0x2 
 .rodata.sp_lpuart_base
                0x000000000000415c        0x8 ./sdk/platform/drivers/src/lpuart_driver.o
 *(.init)
 .init          0x0000000000004164        0x4 d:/cq9008/xpack-arm-none-eabi-gcc-10.3.1-2.3/bin/../lib/gcc/arm-none-eabi/10.3.1/thumb/v6-m/nofp/crti.o
                0x0000000000004164                _init
 *(.fini)
 .fini          0x0000000000004168        0x4 d:/cq9008/xpack-arm-none-eabi-gcc-10.3.1-2.3/bin/../lib/gcc/arm-none-eabi/10.3.1/thumb/v6-m/nofp/crti.o
                0x0000000000004168                _fini
 *(.eh_frame)
                0x000000000000416c                . = ALIGN (0x4)

.glue_7         0x000000000000416c        0x0
 .glue_7        0x000000000000416c        0x0 linker stubs

.glue_7t        0x000000000000416c        0x0
 .glue_7t       0x000000000000416c        0x0 linker stubs

.vfp11_veneer   0x000000000000416c        0x0
 .vfp11_veneer  0x000000000000416c        0x0 linker stubs

.v4_bx          0x000000000000416c        0x0
 .v4_bx         0x000000000000416c        0x0 linker stubs

.iplt           0x000000000000416c        0x0
 .iplt          0x000000000000416c        0x0 ./src/clock_config.o

.rel.dyn        0x000000000000416c        0x0
 .rel.iplt      0x000000000000416c        0x0 ./src/clock_config.o

.ARM            0x000000000000416c        0x0
                0x000000000000416c                __exidx_start = .
 *(.ARM.exidx*)
                0x000000000000416c                __exidx_end = .
                0x000000000000416c                __etext = .
                0x000000000000416c                __DATA_ROM = .
                0x0000000020000000                __RAM_START = ORIGIN (RAM)

.data           0x0000000020000000       0xe4 load address 0x000000000000416c
                0x0000000020000000                . = ALIGN (0x4)
                0x0000000020000000                __DATA_RAM = .
                0x0000000020000000                __data_start__ = .
 *(.data)
 *(.data*)
 .data.g_clock_man1_init_config0
                0x0000000020000000       0x58 ./src/clock_config.o
                0x0000000020000000                g_clock_man1_init_config0
 .data.g_peripheral_clock_config0
                0x0000000020000058       0x41 ./src/clock_config.o
                0x0000000020000058                g_peripheral_clock_config0
 *fill*         0x0000000020000099        0x3 
 .data.gp_clock_man_configs_arr
                0x000000002000009c        0x4 ./src/clock_config.o
                0x000000002000009c                gp_clock_man_configs_arr
 .data.peripheral_clk_config.8
                0x00000000200000a0       0x41 ./sdk/platform/drivers/src/clock_tw9001.o
 .data.first_init.0
                0x00000000200000e1        0x1 ./sdk/platform/drivers/src/osif_driver.o
                0x00000000200000e4                . = ALIGN (0x4)
 *fill*         0x00000000200000e2        0x2 
                0x00000000200000e4                __data_end__ = .
                0x0000000000004250                __DATA_END = (__DATA_ROM + (__data_end__ - __data_start__))
                0x0000000000004250                __CODE_ROM = __DATA_END

.igot.plt       0x00000000200000e4        0x0 load address 0x0000000000004250
 .igot.plt      0x00000000200000e4        0x0 ./src/clock_config.o

.code           0x00000000200000e4        0x0 load address 0x0000000000004250
                0x00000000200000e4                . = ALIGN (0x4)
                0x00000000200000e4                __CODE_RAM = .
                0x00000000200000e4                __code_start__ = .
                0x00000000200000e4                __code_ram_start__ = .
 *(.code_ram)
                0x00000000200000e4                . = ALIGN (0x4)
                0x00000000200000e4                __code_end__ = .
                0x00000000200000e4                __code_ram_end__ = .
                0x0000000000004250                __CODE_END = (__CODE_ROM + (__code_end__ - __code_start__))
                0x0000000000004250                __CUSTOM_ROM = __CODE_END
                0x0000000000004250                __customSection_start__ = __CODE_END
                0x0000000000004250                __CUSTOM_END = __CODE_END
                0x0000000000004250                __rom_end = __CODE_END

.bss            0x00000000200000e4      0x19c load address 0x0000000000004250
                0x00000000200000e4                . = ALIGN (0x4)
                0x00000000200000e4                __BSS_START = .
                0x00000000200000e4                __bss_start__ = .
 *(.bss)
 *(.bss*)
 .bss.gp_clock_man_callback_arr
                0x00000000200000e4        0x4 ./src/clock_config.o
                0x00000000200000e4                gp_clock_man_callback_arr
 .bss.g_buffer0
                0x00000000200000e8      0x100 ./src/main.o
                0x00000000200000e8                g_buffer0
 .bss.g_buffer0_idx
                0x00000000200001e8        0x1 ./src/main.o
                0x00000000200001e8                g_buffer0_idx
 .bss.g_led_on  0x00000000200001e9        0x1 ./src/main.o
                0x00000000200001e9                g_led_on
 .bss.g_pte4    0x00000000200001ea        0x1 ./src/main.o
                0x00000000200001ea                g_pte4
 *fill*         0x00000000200001eb        0x1 
 .bss.s_lpuart_state.0
                0x00000000200001ec       0x40 ./src/main.o
 .bss.g_rtc_clk_in_freq
                0x000000002000022c        0x4 ./sdk/platform/drivers/src/clock_tw9001.o
                0x000000002000022c                g_rtc_clk_in_freq
 .bss.g_tclk_freq
                0x0000000020000230        0xc ./sdk/platform/drivers/src/clock_tw9001.o
                0x0000000020000230                g_tclk_freq
 .bss.g_xtal0_clk_freq
                0x000000002000023c        0x4 ./sdk/platform/drivers/src/clock_tw9001.o
                0x000000002000023c                g_xtal0_clk_freq
 .bss.s_clock_state
                0x0000000020000240       0x10 ./sdk/platform/drivers/src/clock_tw9001.o
 .bss.sp_virt_edma_state
                0x0000000020000250        0x4 ./sdk/platform/drivers/src/edma_driver.o
 .bss.s_interrupt_disable_count
                0x0000000020000254        0x4 ./sdk/platform/drivers/src/interrupt_manager.o
 .bss.sp_lpi2cif_state_ptr
                0x0000000020000258        0x8 ./sdk/platform/drivers/src/lpi2c_interface.o
 .bss.sp_lpspiif_state_ptr
                0x0000000020000260        0xc ./sdk/platform/drivers/src/lpspi_interface.o
 .bss.sp_lpuart_state_ptr
                0x000000002000026c        0x8 ./sdk/platform/drivers/src/lpuart_driver.o
 .bss.s_osif_tick_cnt
                0x0000000020000274        0x4 ./sdk/platform/drivers/src/osif_driver.o
 .bss.sp_tpm_state_ptr
                0x0000000020000278        0x4 ./sdk/platform/drivers/src/tpm_interface.o
 .bss.sp_usbd_state_ptr
                0x000000002000027c        0x4 ./sdk/platform/drivers/src/usbd_hid_ex.o
 *(COMMON)
                0x0000000020000280                . = ALIGN (0x4)
                0x0000000020000280                __bss_end__ = .
                0x0000000020000280                __BSS_END = .

.heap           0x0000000020000280      0x400 load address 0x00000000000043ec
                0x0000000020000280                . = ALIGN (0x8)
                0x0000000020000280                __end__ = .
                0x0000000020000280                __heap_start__ = .
                0x0000000020000280                PROVIDE (end = .)
                [!provide]                        PROVIDE (_end = .)
                [!provide]                        PROVIDE (__end = .)
                0x0000000020000280                __HeapBase = .
                0x0000000020000680                . = (. + HEAP_SIZE)
 *fill*         0x0000000020000280      0x400 
                0x0000000020000680                __HeapLimit = .
                0x0000000020000680                __heap_limit = .
                0x0000000020000680                __heap_end__ = .
                0x0000000020010000                __StackTop = (ORIGIN (RAM) + LENGTH (RAM))
                0x000000002000fc00                __StackLimit = (__StackTop - STACK_SIZE)
                0x0000000020010000                PROVIDE (__stack = __StackTop)
                0x0000000020010000                __RAM_END = __StackTop

.stack          0x000000002000fc00      0x400 load address 0x0000000000013d6c
                0x000000002000fc00                . = ALIGN (0x8)
                0x000000002000fc00                __stack_start__ = .
                0x0000000020010000                . = (. + STACK_SIZE)
 *fill*         0x000000002000fc00      0x400 
                0x0000000020010000                __stack_end__ = .

.ARM.attributes
                0x0000000000000000       0x28
 *(.ARM.attributes)
 .ARM.attributes
                0x0000000000000000       0x1e d:/cq9008/xpack-arm-none-eabi-gcc-10.3.1-2.3/bin/../lib/gcc/arm-none-eabi/10.3.1/thumb/v6-m/nofp/crti.o
 .ARM.attributes
                0x000000000000001e       0x2c d:/cq9008/xpack-arm-none-eabi-gcc-10.3.1-2.3/bin/../lib/gcc/arm-none-eabi/10.3.1/../../../../arm-none-eabi/lib/thumb/v6-m/nofp\libc_nano.a(lib_a-memset.o)
 .ARM.attributes
                0x000000000000004a       0x2c ./src/clock_config.o
 .ARM.attributes
                0x0000000000000076       0x2c ./src/main.o
 .ARM.attributes
                0x00000000000000a2       0x2c ./sdk/platform/drivers/src/clock_tw9001.o
 .ARM.attributes
                0x00000000000000ce       0x2c ./sdk/platform/drivers/src/edma_driver.o
 .ARM.attributes
                0x00000000000000fa       0x2c ./sdk/platform/drivers/src/fsusb_driver.o
 .ARM.attributes
                0x0000000000000126       0x2c ./sdk/platform/drivers/src/hsspi_driver.o
 .ARM.attributes
                0x0000000000000152       0x2c ./sdk/platform/drivers/src/interrupt_manager.o
 .ARM.attributes
                0x000000000000017e       0x2c ./sdk/platform/drivers/src/lpi2c_driver.o
 .ARM.attributes
                0x00000000000001aa       0x2c ./sdk/platform/drivers/src/lpi2c_interface.o
 .ARM.attributes
                0x00000000000001d6       0x2c ./sdk/platform/drivers/src/lpspi_driver.o
 .ARM.attributes
                0x0000000000000202       0x2c ./sdk/platform/drivers/src/lpspi_interface.o
 .ARM.attributes
                0x000000000000022e       0x2c ./sdk/platform/drivers/src/lpuart_driver.o
 .ARM.attributes
                0x000000000000025a       0x2c ./sdk/platform/drivers/src/osif_driver.o
 .ARM.attributes
                0x0000000000000286       0x2c ./sdk/platform/drivers/src/pins_driver.o
 .ARM.attributes
                0x00000000000002b2       0x2c ./sdk/platform/drivers/src/tpm_interface.o
 .ARM.attributes
                0x00000000000002de       0x2c ./sdk/platform/drivers/src/usbd_hid_ex.o
 .ARM.attributes
                0x000000000000030a       0x2c ./sdk/platform/devices/tw9001/startup/system_tw9001.o
 .ARM.attributes
                0x0000000000000336       0x2c ./sdk/platform/devices/startup.o
 .ARM.attributes
                0x0000000000000362       0x1b ./project_settings/startup_code/startup_tw9001.o
 .ARM.attributes
                0x000000000000037d       0x1e d:/cq9008/xpack-arm-none-eabi-gcc-10.3.1-2.3/bin/../lib/gcc/arm-none-eabi/10.3.1/thumb/v6-m/nofp\libgcc.a(_udivsi3.o)
 .ARM.attributes
                0x000000000000039b       0x1e d:/cq9008/xpack-arm-none-eabi-gcc-10.3.1-2.3/bin/../lib/gcc/arm-none-eabi/10.3.1/thumb/v6-m/nofp\libgcc.a(_divsi3.o)
 .ARM.attributes
                0x00000000000003b9       0x1e d:/cq9008/xpack-arm-none-eabi-gcc-10.3.1-2.3/bin/../lib/gcc/arm-none-eabi/10.3.1/thumb/v6-m/nofp\libgcc.a(_dvmd_tls.o)
 .ARM.attributes
                0x00000000000003d7       0x2c d:/cq9008/xpack-arm-none-eabi-gcc-10.3.1-2.3/bin/../lib/gcc/arm-none-eabi/10.3.1/../../../../arm-none-eabi/lib/thumb/v6-m/nofp\libg_nano.a(lib_a-memcpy-stub.o)
 .ARM.attributes
                0x0000000000000403       0x1c d:/cq9008/xpack-arm-none-eabi-gcc-10.3.1-2.3/bin/../lib/gcc/arm-none-eabi/10.3.1/../../../../arm-none-eabi/lib/thumb/v6-m/nofp\libg_nano.a(lib_a-strlen.o)
                0x0000000000000001                ASSERT ((__rom_end <= (ORIGIN (FLASH) + LENGTH (FLASH))), region FLASH overflowed!)
                0x0000000000000001                ASSERT ((__StackLimit >= __HeapLimit), region RAM overflowed with stack and heap)
OUTPUT(sdk-example-gpio.elf elf32-littlearm)
LOAD linker stubs

.comment        0x0000000000000000       0x43
 .comment       0x0000000000000000       0x43 d:/cq9008/xpack-arm-none-eabi-gcc-10.3.1-2.3/bin/../lib/gcc/arm-none-eabi/10.3.1/../../../../arm-none-eabi/lib/thumb/v6-m/nofp\libc_nano.a(lib_a-memset.o)
                                         0x44 (size before relaxing)
 .comment       0x0000000000000043       0x44 ./src/clock_config.o
 .comment       0x0000000000000043       0x44 ./src/main.o
 .comment       0x0000000000000043       0x44 ./sdk/platform/drivers/src/clock_tw9001.o
 .comment       0x0000000000000043       0x44 ./sdk/platform/drivers/src/edma_driver.o
 .comment       0x0000000000000043       0x44 ./sdk/platform/drivers/src/fsusb_driver.o
 .comment       0x0000000000000043       0x44 ./sdk/platform/drivers/src/hsspi_driver.o
 .comment       0x0000000000000043       0x44 ./sdk/platform/drivers/src/interrupt_manager.o
 .comment       0x0000000000000043       0x44 ./sdk/platform/drivers/src/lpi2c_driver.o
 .comment       0x0000000000000043       0x44 ./sdk/platform/drivers/src/lpi2c_interface.o
 .comment       0x0000000000000043       0x44 ./sdk/platform/drivers/src/lpspi_driver.o
 .comment       0x0000000000000043       0x44 ./sdk/platform/drivers/src/lpspi_interface.o
 .comment       0x0000000000000043       0x44 ./sdk/platform/drivers/src/lpuart_driver.o
 .comment       0x0000000000000043       0x44 ./sdk/platform/drivers/src/osif_driver.o
 .comment       0x0000000000000043       0x44 ./sdk/platform/drivers/src/pins_driver.o
 .comment       0x0000000000000043       0x44 ./sdk/platform/drivers/src/tpm_interface.o
 .comment       0x0000000000000043       0x44 ./sdk/platform/drivers/src/usbd_hid_ex.o
 .comment       0x0000000000000043       0x44 ./sdk/platform/devices/tw9001/startup/system_tw9001.o
 .comment       0x0000000000000043       0x44 ./sdk/platform/devices/startup.o
 .comment       0x0000000000000043       0x44 d:/cq9008/xpack-arm-none-eabi-gcc-10.3.1-2.3/bin/../lib/gcc/arm-none-eabi/10.3.1/../../../../arm-none-eabi/lib/thumb/v6-m/nofp\libg_nano.a(lib_a-memcpy-stub.o)

.debug_info     0x0000000000000000    0x2b429
 .debug_info    0x0000000000000000      0xc89 ./src/clock_config.o
 .debug_info    0x0000000000000c89     0x19bb ./src/main.o
 .debug_info    0x0000000000002644     0x464e ./sdk/platform/drivers/src/clock_tw9001.o
 .debug_info    0x0000000000006c92     0x59de ./sdk/platform/drivers/src/edma_driver.o
 .debug_info    0x000000000000c670     0x1a42 ./sdk/platform/drivers/src/fsusb_driver.o
 .debug_info    0x000000000000e0b2     0x2ab5 ./sdk/platform/drivers/src/hsspi_driver.o
 .debug_info    0x0000000000010b67      0x9b9 ./sdk/platform/drivers/src/interrupt_manager.o
 .debug_info    0x0000000000011520      0x7b1 ./sdk/platform/drivers/src/lpi2c_driver.o
 .debug_info    0x0000000000011cd1     0x77b0 ./sdk/platform/drivers/src/lpi2c_interface.o
 .debug_info    0x0000000000019481      0xfae ./sdk/platform/drivers/src/lpspi_driver.o
 .debug_info    0x000000000001a42f     0x3dc9 ./sdk/platform/drivers/src/lpspi_interface.o
 .debug_info    0x000000000001e1f8     0x4167 ./sdk/platform/drivers/src/lpuart_driver.o
 .debug_info    0x000000000002235f      0xb2f ./sdk/platform/drivers/src/osif_driver.o
 .debug_info    0x0000000000022e8e     0x17cc ./sdk/platform/drivers/src/pins_driver.o
 .debug_info    0x000000000002465a     0x34bc ./sdk/platform/drivers/src/tpm_interface.o
 .debug_info    0x0000000000027b16     0x3280 ./sdk/platform/drivers/src/usbd_hid_ex.o
 .debug_info    0x000000000002ad96      0x45e ./sdk/platform/devices/tw9001/startup/system_tw9001.o
 .debug_info    0x000000000002b1f4      0x20f ./sdk/platform/devices/startup.o
 .debug_info    0x000000000002b403       0x26 ./project_settings/startup_code/startup_tw9001.o

.debug_abbrev   0x0000000000000000     0x35a5
 .debug_abbrev  0x0000000000000000      0x143 ./src/clock_config.o
 .debug_abbrev  0x0000000000000143      0x27d ./src/main.o
 .debug_abbrev  0x00000000000003c0      0x449 ./sdk/platform/drivers/src/clock_tw9001.o
 .debug_abbrev  0x0000000000000809      0x51f ./sdk/platform/drivers/src/edma_driver.o
 .debug_abbrev  0x0000000000000d28      0x287 ./sdk/platform/drivers/src/fsusb_driver.o
 .debug_abbrev  0x0000000000000faf      0x269 ./sdk/platform/drivers/src/hsspi_driver.o
 .debug_abbrev  0x0000000000001218      0x2a4 ./sdk/platform/drivers/src/interrupt_manager.o
 .debug_abbrev  0x00000000000014bc      0x1c3 ./sdk/platform/drivers/src/lpi2c_driver.o
 .debug_abbrev  0x000000000000167f      0x4fd ./sdk/platform/drivers/src/lpi2c_interface.o
 .debug_abbrev  0x0000000000001b7c      0x2e2 ./sdk/platform/drivers/src/lpspi_driver.o
 .debug_abbrev  0x0000000000001e5e      0x37c ./sdk/platform/drivers/src/lpspi_interface.o
 .debug_abbrev  0x00000000000021da      0x411 ./sdk/platform/drivers/src/lpuart_driver.o
 .debug_abbrev  0x00000000000025eb      0x2f9 ./sdk/platform/drivers/src/osif_driver.o
 .debug_abbrev  0x00000000000028e4      0x3d2 ./sdk/platform/drivers/src/pins_driver.o
 .debug_abbrev  0x0000000000002cb6      0x3a2 ./sdk/platform/drivers/src/tpm_interface.o
 .debug_abbrev  0x0000000000003058      0x335 ./sdk/platform/drivers/src/usbd_hid_ex.o
 .debug_abbrev  0x000000000000338d      0x15a ./sdk/platform/devices/tw9001/startup/system_tw9001.o
 .debug_abbrev  0x00000000000034e7       0xaa ./sdk/platform/devices/startup.o
 .debug_abbrev  0x0000000000003591       0x14 ./project_settings/startup_code/startup_tw9001.o

.debug_aranges  0x0000000000000000     0x1670
 .debug_aranges
                0x0000000000000000       0x18 ./src/clock_config.o
 .debug_aranges
                0x0000000000000018       0x60 ./src/main.o
 .debug_aranges
                0x0000000000000078      0x1a8 ./sdk/platform/drivers/src/clock_tw9001.o
 .debug_aranges
                0x0000000000000220      0x1f0 ./sdk/platform/drivers/src/edma_driver.o
 .debug_aranges
                0x0000000000000410      0x208 ./sdk/platform/drivers/src/fsusb_driver.o
 .debug_aranges
                0x0000000000000618      0x488 ./sdk/platform/drivers/src/hsspi_driver.o
 .debug_aranges
                0x0000000000000aa0       0x60 ./sdk/platform/drivers/src/interrupt_manager.o
 .debug_aranges
                0x0000000000000b00       0x20 ./sdk/platform/drivers/src/lpi2c_driver.o
 .debug_aranges
                0x0000000000000b20      0x198 ./sdk/platform/drivers/src/lpi2c_interface.o
 .debug_aranges
                0x0000000000000cb8       0x78 ./sdk/platform/drivers/src/lpspi_driver.o
 .debug_aranges
                0x0000000000000d30       0xf8 ./sdk/platform/drivers/src/lpspi_interface.o
 .debug_aranges
                0x0000000000000e28      0x1b8 ./sdk/platform/drivers/src/lpuart_driver.o
 .debug_aranges
                0x0000000000000fe0       0x70 ./sdk/platform/drivers/src/osif_driver.o
 .debug_aranges
                0x0000000000001050       0xf0 ./sdk/platform/drivers/src/pins_driver.o
 .debug_aranges
                0x0000000000001140      0x3a0 ./sdk/platform/drivers/src/tpm_interface.o
 .debug_aranges
                0x00000000000014e0      0x120 ./sdk/platform/drivers/src/usbd_hid_ex.o
 .debug_aranges
                0x0000000000001600       0x30 ./sdk/platform/devices/tw9001/startup/system_tw9001.o
 .debug_aranges
                0x0000000000001630       0x20 ./sdk/platform/devices/startup.o
 .debug_aranges
                0x0000000000001650       0x20 ./project_settings/startup_code/startup_tw9001.o

.debug_macro    0x0000000000000000    0x12f39
 .debug_macro   0x0000000000000000       0xc2 ./src/clock_config.o
 .debug_macro   0x00000000000000c2      0xa36 ./src/clock_config.o
 .debug_macro   0x0000000000000af8       0x22 ./src/clock_config.o
 .debug_macro   0x0000000000000b1a       0x22 ./src/clock_config.o
 .debug_macro   0x0000000000000b3c       0x56 ./src/clock_config.o
 .debug_macro   0x0000000000000b92       0x51 ./src/clock_config.o
 .debug_macro   0x0000000000000be3      0x103 ./src/clock_config.o
 .debug_macro   0x0000000000000ce6       0x6a ./src/clock_config.o
 .debug_macro   0x0000000000000d50      0x1df ./src/clock_config.o
 .debug_macro   0x0000000000000f2f       0x6a ./src/clock_config.o
 .debug_macro   0x0000000000000f99     0x7975 ./src/clock_config.o
 .debug_macro   0x000000000000890e      0x316 ./src/clock_config.o
 .debug_macro   0x0000000000008c24       0x10 ./src/clock_config.o
 .debug_macro   0x0000000000008c34       0xc4 ./src/clock_config.o
 .debug_macro   0x0000000000008cf8       0x16 ./src/clock_config.o
 .debug_macro   0x0000000000008d0e      0x23b ./src/main.o
 .debug_macro   0x0000000000008f49       0x64 ./src/main.o
 .debug_macro   0x0000000000008fad       0x18 ./src/main.o
 .debug_macro   0x0000000000008fc5       0x5c ./src/main.o
 .debug_macro   0x0000000000009021       0x35 ./src/main.o
 .debug_macro   0x0000000000009056       0x34 ./src/main.o
 .debug_macro   0x000000000000908a       0x16 ./src/main.o
 .debug_macro   0x00000000000090a0       0x57 ./src/main.o
 .debug_macro   0x00000000000090f7       0x97 ./src/main.o
 .debug_macro   0x000000000000918e      0x35d ./src/main.o
 .debug_macro   0x00000000000094eb       0xf6 ./src/main.o
 .debug_macro   0x00000000000095e1       0x10 ./src/main.o
 .debug_macro   0x00000000000095f1       0x16 ./src/main.o
 .debug_macro   0x0000000000009607       0x43 ./src/main.o
 .debug_macro   0x000000000000964a       0x34 ./src/main.o
 .debug_macro   0x000000000000967e       0x10 ./src/main.o
 .debug_macro   0x000000000000968e       0x58 ./src/main.o
 .debug_macro   0x00000000000096e6      0x182 ./src/main.o
 .debug_macro   0x0000000000009868       0x10 ./src/main.o
 .debug_macro   0x0000000000009878       0xb2 ./src/main.o
 .debug_macro   0x000000000000992a       0x16 ./src/main.o
 .debug_macro   0x0000000000009940      0x129 ./src/main.o
 .debug_macro   0x0000000000009a69       0x10 ./src/main.o
 .debug_macro   0x0000000000009a79       0x16 ./src/main.o
 .debug_macro   0x0000000000009a8f       0x40 ./src/main.o
 .debug_macro   0x0000000000009acf      0x1b0 ./sdk/platform/drivers/src/clock_tw9001.o
 .debug_macro   0x0000000000009c7f      0x16d ./sdk/platform/drivers/src/clock_tw9001.o
 .debug_macro   0x0000000000009dec     0x796f ./sdk/platform/drivers/src/clock_tw9001.o
 .debug_macro   0x000000000001175b       0xdd ./sdk/platform/drivers/src/edma_driver.o
 .debug_macro   0x0000000000011838       0xca ./sdk/platform/drivers/src/edma_driver.o
 .debug_macro   0x0000000000011902       0xb3 ./sdk/platform/drivers/src/fsusb_driver.o
 .debug_macro   0x00000000000119b5       0xc1 ./sdk/platform/drivers/src/hsspi_driver.o
 .debug_macro   0x0000000000011a76       0xc4 ./sdk/platform/drivers/src/interrupt_manager.o
 .debug_macro   0x0000000000011b3a       0x40 ./sdk/platform/drivers/src/interrupt_manager.o
 .debug_macro   0x0000000000011b7a       0xc5 ./sdk/platform/drivers/src/lpi2c_driver.o
 .debug_macro   0x0000000000011c3f       0x82 ./sdk/platform/drivers/src/lpi2c_driver.o
 .debug_macro   0x0000000000011cc1       0x10 ./sdk/platform/drivers/src/lpi2c_driver.o
 .debug_macro   0x0000000000011cd1      0x1f4 ./sdk/platform/drivers/src/lpi2c_interface.o
 .debug_macro   0x0000000000011ec5       0x10 ./sdk/platform/drivers/src/lpi2c_interface.o
 .debug_macro   0x0000000000011ed5       0x35 ./sdk/platform/drivers/src/lpi2c_interface.o
 .debug_macro   0x0000000000011f0a       0xca ./sdk/platform/drivers/src/lpspi_driver.o
 .debug_macro   0x0000000000011fd4       0x16 ./sdk/platform/drivers/src/lpspi_driver.o
 .debug_macro   0x0000000000011fea      0x1bf ./sdk/platform/drivers/src/lpspi_interface.o
 .debug_macro   0x00000000000121a9      0x11b ./sdk/platform/drivers/src/lpuart_driver.o
 .debug_macro   0x00000000000122c4       0xdd ./sdk/platform/drivers/src/osif_driver.o
 .debug_macro   0x00000000000123a1       0xd2 ./sdk/platform/drivers/src/pins_driver.o
 .debug_macro   0x0000000000012473      0x17f ./sdk/platform/drivers/src/tpm_interface.o
 .debug_macro   0x00000000000125f2      0x525 ./sdk/platform/drivers/src/usbd_hid_ex.o
 .debug_macro   0x0000000000012b17       0x16 ./sdk/platform/drivers/src/usbd_hid_ex.o
 .debug_macro   0x0000000000012b2d      0x263 ./sdk/platform/drivers/src/usbd_hid_ex.o
 .debug_macro   0x0000000000012d90       0x2e ./sdk/platform/drivers/src/usbd_hid_ex.o
 .debug_macro   0x0000000000012dbe       0xa9 ./sdk/platform/devices/tw9001/startup/system_tw9001.o
 .debug_macro   0x0000000000012e67       0x22 ./sdk/platform/devices/tw9001/startup/system_tw9001.o
 .debug_macro   0x0000000000012e89       0xb0 ./sdk/platform/devices/startup.o

.debug_line     0x0000000000000000    0x185cc
 .debug_line    0x0000000000000000      0x2d8 ./src/clock_config.o
 .debug_line    0x00000000000002d8      0x617 ./src/main.o
 .debug_line    0x00000000000008ef     0x2ae6 ./sdk/platform/drivers/src/clock_tw9001.o
 .debug_line    0x00000000000033d5     0x3393 ./sdk/platform/drivers/src/edma_driver.o
 .debug_line    0x0000000000006768      0xd7d ./sdk/platform/drivers/src/fsusb_driver.o
 .debug_line    0x00000000000074e5     0x1e57 ./sdk/platform/drivers/src/hsspi_driver.o
 .debug_line    0x000000000000933c      0x784 ./sdk/platform/drivers/src/interrupt_manager.o
 .debug_line    0x0000000000009ac0      0x36b ./sdk/platform/drivers/src/lpi2c_driver.o
 .debug_line    0x0000000000009e2b     0x445e ./sdk/platform/drivers/src/lpi2c_interface.o
 .debug_line    0x000000000000e289      0x751 ./sdk/platform/drivers/src/lpspi_driver.o
 .debug_line    0x000000000000e9da     0x2208 ./sdk/platform/drivers/src/lpspi_interface.o
 .debug_line    0x0000000000010be2     0x2bc6 ./sdk/platform/drivers/src/lpuart_driver.o
 .debug_line    0x00000000000137a8      0x78f ./sdk/platform/drivers/src/osif_driver.o
 .debug_line    0x0000000000013f37      0xd30 ./sdk/platform/drivers/src/pins_driver.o
 .debug_line    0x0000000000014c67     0x170f ./sdk/platform/drivers/src/tpm_interface.o
 .debug_line    0x0000000000016376     0x1b0b ./sdk/platform/drivers/src/usbd_hid_ex.o
 .debug_line    0x0000000000017e81      0x366 ./sdk/platform/devices/tw9001/startup/system_tw9001.o
 .debug_line    0x00000000000181e7      0x354 ./sdk/platform/devices/startup.o
 .debug_line    0x000000000001853b       0x91 ./project_settings/startup_code/startup_tw9001.o

.debug_str      0x0000000000000000    0x481e3
 .debug_str     0x0000000000000000    0x3884c ./src/clock_config.o
                                      0x38aca (size before relaxing)
 .debug_str     0x000000000003884c     0x3ef5 ./src/main.o
                                      0x3ca84 (size before relaxing)
 .debug_str     0x000000000003c741     0x15d3 ./sdk/platform/drivers/src/clock_tw9001.o
                                      0x3a40a (size before relaxing)
 .debug_str     0x000000000003dd14     0x1657 ./sdk/platform/drivers/src/edma_driver.o
                                      0x39b99 (size before relaxing)
 .debug_str     0x000000000003f36b      0x9e6 ./sdk/platform/drivers/src/fsusb_driver.o
                                      0x38747 (size before relaxing)
 .debug_str     0x000000000003fd51     0x1407 ./sdk/platform/drivers/src/hsspi_driver.o
                                      0x391b2 (size before relaxing)
 .debug_str     0x0000000000041158      0x348 ./sdk/platform/drivers/src/interrupt_manager.o
                                      0x37aa4 (size before relaxing)
 .debug_str     0x00000000000414a0      0x4a2 ./sdk/platform/drivers/src/lpi2c_driver.o
                                      0x381ea (size before relaxing)
 .debug_str     0x0000000000041942     0x1941 ./sdk/platform/drivers/src/lpi2c_interface.o
                                      0x3cf6f (size before relaxing)
 .debug_str     0x0000000000043283      0x6aa ./sdk/platform/drivers/src/lpspi_driver.o
                                      0x3870b (size before relaxing)
 .debug_str     0x000000000004392d      0x7d1 ./sdk/platform/drivers/src/lpspi_interface.o
                                      0x3bc50 (size before relaxing)
 .debug_str     0x00000000000440fe      0xab7 ./sdk/platform/drivers/src/lpuart_driver.o
                                      0x39568 (size before relaxing)
 .debug_str     0x0000000000044bb5      0x1b5 ./sdk/platform/drivers/src/osif_driver.o
                                      0x3833b (size before relaxing)
 .debug_str     0x0000000000044d6a      0x49f ./sdk/platform/drivers/src/pins_driver.o
                                      0x3843b (size before relaxing)
 .debug_str     0x0000000000045209      0x53a ./sdk/platform/drivers/src/tpm_interface.o
                                      0x3c5d2 (size before relaxing)
 .debug_str     0x0000000000045743     0x281c ./sdk/platform/drivers/src/usbd_hid_ex.o
                                      0x3e3a9 (size before relaxing)
 .debug_str     0x0000000000047f5f      0x12d ./sdk/platform/devices/tw9001/startup/system_tw9001.o
                                      0x37719 (size before relaxing)
 .debug_str     0x000000000004808c      0x117 ./sdk/platform/devices/startup.o
                                      0x37821 (size before relaxing)
 .debug_str     0x00000000000481a3       0x40 ./project_settings/startup_code/startup_tw9001.o
                                         0x85 (size before relaxing)

.debug_loc      0x0000000000000000    0x1b47d
 .debug_loc     0x0000000000000000       0xfe ./src/main.o
 .debug_loc     0x00000000000000fe     0x3ac7 ./sdk/platform/drivers/src/clock_tw9001.o
 .debug_loc     0x0000000000003bc5     0x46b2 ./sdk/platform/drivers/src/edma_driver.o
 .debug_loc     0x0000000000008277      0x942 ./sdk/platform/drivers/src/fsusb_driver.o
 .debug_loc     0x0000000000008bb9     0x1a24 ./sdk/platform/drivers/src/hsspi_driver.o
 .debug_loc     0x000000000000a5dd      0x5ce ./sdk/platform/drivers/src/interrupt_manager.o
 .debug_loc     0x000000000000abab       0x80 ./sdk/platform/drivers/src/lpi2c_driver.o
 .debug_loc     0x000000000000ac2b     0x5fcf ./sdk/platform/drivers/src/lpi2c_interface.o
 .debug_loc     0x0000000000010bfa      0x77a ./sdk/platform/drivers/src/lpspi_driver.o
 .debug_loc     0x0000000000011374     0x2820 ./sdk/platform/drivers/src/lpspi_interface.o
 .debug_loc     0x0000000000013b94     0x39b7 ./sdk/platform/drivers/src/lpuart_driver.o
 .debug_loc     0x000000000001754b      0x550 ./sdk/platform/drivers/src/osif_driver.o
 .debug_loc     0x0000000000017a9b      0xece ./sdk/platform/drivers/src/pins_driver.o
 .debug_loc     0x0000000000018969     0x17a1 ./sdk/platform/drivers/src/tpm_interface.o
 .debug_loc     0x000000000001a10a     0x1232 ./sdk/platform/drivers/src/usbd_hid_ex.o
 .debug_loc     0x000000000001b33c       0xae ./sdk/platform/devices/tw9001/startup/system_tw9001.o
 .debug_loc     0x000000000001b3ea       0x93 ./sdk/platform/devices/startup.o

.debug_ranges   0x0000000000000000     0x1aa8
 .debug_ranges  0x0000000000000000       0x50 ./src/main.o
 .debug_ranges  0x0000000000000050      0x288 ./sdk/platform/drivers/src/clock_tw9001.o
 .debug_ranges  0x00000000000002d8      0x378 ./sdk/platform/drivers/src/edma_driver.o
 .debug_ranges  0x0000000000000650      0x1f8 ./sdk/platform/drivers/src/fsusb_driver.o
 .debug_ranges  0x0000000000000848      0x478 ./sdk/platform/drivers/src/hsspi_driver.o
 .debug_ranges  0x0000000000000cc0       0x80 ./sdk/platform/drivers/src/interrupt_manager.o
 .debug_ranges  0x0000000000000d40       0x10 ./sdk/platform/drivers/src/lpi2c_driver.o
 .debug_ranges  0x0000000000000d50      0x318 ./sdk/platform/drivers/src/lpi2c_interface.o
 .debug_ranges  0x0000000000001068       0x68 ./sdk/platform/drivers/src/lpspi_driver.o
 .debug_ranges  0x00000000000010d0      0x130 ./sdk/platform/drivers/src/lpspi_interface.o
 .debug_ranges  0x0000000000001200      0x238 ./sdk/platform/drivers/src/lpuart_driver.o
 .debug_ranges  0x0000000000001438       0x60 ./sdk/platform/drivers/src/osif_driver.o
 .debug_ranges  0x0000000000001498      0x110 ./sdk/platform/drivers/src/pins_driver.o
 .debug_ranges  0x00000000000015a8      0x390 ./sdk/platform/drivers/src/tpm_interface.o
 .debug_ranges  0x0000000000001938      0x140 ./sdk/platform/drivers/src/usbd_hid_ex.o
 .debug_ranges  0x0000000000001a78       0x20 ./sdk/platform/devices/tw9001/startup/system_tw9001.o
 .debug_ranges  0x0000000000001a98       0x10 ./sdk/platform/devices/startup.o

.debug_frame    0x0000000000000000     0x3994
 .debug_frame   0x0000000000000000       0xdc ./src/main.o
 .debug_frame   0x00000000000000dc      0x510 ./sdk/platform/drivers/src/clock_tw9001.o
 .debug_frame   0x00000000000005ec      0x580 ./sdk/platform/drivers/src/edma_driver.o
 .debug_frame   0x0000000000000b6c      0x3fc ./sdk/platform/drivers/src/fsusb_driver.o
 .debug_frame   0x0000000000000f68      0x968 ./sdk/platform/drivers/src/hsspi_driver.o
 .debug_frame   0x00000000000018d0       0xac ./sdk/platform/drivers/src/interrupt_manager.o
 .debug_frame   0x000000000000197c       0x20 ./sdk/platform/drivers/src/lpi2c_driver.o
 .debug_frame   0x000000000000199c      0x538 ./sdk/platform/drivers/src/lpi2c_interface.o
 .debug_frame   0x0000000000001ed4      0x100 ./sdk/platform/drivers/src/lpspi_driver.o
 .debug_frame   0x0000000000001fd4      0x344 ./sdk/platform/drivers/src/lpspi_interface.o
 .debug_frame   0x0000000000002318      0x52c ./sdk/platform/drivers/src/lpuart_driver.o
 .debug_frame   0x0000000000002844       0xf0 ./sdk/platform/drivers/src/osif_driver.o
 .debug_frame   0x0000000000002934      0x208 ./sdk/platform/drivers/src/pins_driver.o
 .debug_frame   0x0000000000002b3c      0xa48 ./sdk/platform/drivers/src/tpm_interface.o
 .debug_frame   0x0000000000003584      0x3a8 ./sdk/platform/drivers/src/usbd_hid_ex.o
 .debug_frame   0x000000000000392c       0x48 ./sdk/platform/devices/tw9001/startup/system_tw9001.o
 .debug_frame   0x0000000000003974       0x20 ./sdk/platform/devices/startup.o
