Archive member included to satisfy reference by file (symbol)

d:/cq9008/xpack-arm-none-eabi-gcc-10.3.1-2.3/bin/../lib/gcc/arm-none-eabi/10.3.1/../../../../arm-none-eabi/lib/thumb/v6-m/nofp\libc_nano.a(lib_a-exit.o)
                              d:/cq9008/xpack-arm-none-eabi-gcc-10.3.1-2.3/bin/../lib/gcc/arm-none-eabi/10.3.1/../../../../arm-none-eabi/lib/thumb/v6-m/nofp/crt0.o (exit)
d:/cq9008/xpack-arm-none-eabi-gcc-10.3.1-2.3/bin/../lib/gcc/arm-none-eabi/10.3.1/../../../../arm-none-eabi/lib/thumb/v6-m/nofp\libc_nano.a(lib_a-impure.o)
                              d:/cq9008/xpack-arm-none-eabi-gcc-10.3.1-2.3/bin/../lib/gcc/arm-none-eabi/10.3.1/../../../../arm-none-eabi/lib/thumb/v6-m/nofp\libc_nano.a(lib_a-exit.o) (_global_impure_ptr)
d:/cq9008/xpack-arm-none-eabi-gcc-10.3.1-2.3/bin/../lib/gcc/arm-none-eabi/10.3.1/../../../../arm-none-eabi/lib/thumb/v6-m/nofp\libc_nano.a(lib_a-init.o)
                              d:/cq9008/xpack-arm-none-eabi-gcc-10.3.1-2.3/bin/../lib/gcc/arm-none-eabi/10.3.1/../../../../arm-none-eabi/lib/thumb/v6-m/nofp/crt0.o (__libc_init_array)
d:/cq9008/xpack-arm-none-eabi-gcc-10.3.1-2.3/bin/../lib/gcc/arm-none-eabi/10.3.1/../../../../arm-none-eabi/lib/thumb/v6-m/nofp\libc_nano.a(lib_a-memset.o)
                              d:/cq9008/xpack-arm-none-eabi-gcc-10.3.1-2.3/bin/../lib/gcc/arm-none-eabi/10.3.1/../../../../arm-none-eabi/lib/thumb/v6-m/nofp/crt0.o (memset)
../sdk/platform/drivers/lib\libpufs.a(pufs_common.o)
                              ./src/pufs_test.o (pufs_initialize)
../sdk/platform/drivers/lib\libpufs.a(pufs_crypto.o)
                              ../sdk/platform/drivers/lib\libpufs.a(pufs_common.o) (pufs_crypto_module_init)
../sdk/platform/drivers/lib\libpufs.a(pufs_dma.o)
                              ../sdk/platform/drivers/lib\libpufs.a(pufs_common.o) (pufs_dma_module_init)
../sdk/platform/drivers/lib\libpufs.a(pufs_ecp.o)
                              ../sdk/platform/drivers/lib\libpufs.a(pufs_common.o) (pufs_pkc_module_init)
../sdk/platform/drivers/lib\libpufs.a(pufs_ecp_mprog.o)
                              ../sdk/platform/drivers/lib\libpufs.a(pufs_ecp.o) (rsa_mprog)
../sdk/platform/drivers/lib\libpufs.a(pufs_hmac.o)
                              ../sdk/platform/drivers/lib\libpufs.a(pufs_common.o) (pufs_hmac_module_init)
../sdk/platform/drivers/lib\libpufs.a(pufs_internal.o)
                              ../sdk/platform/drivers/lib\libpufs.a(pufs_hmac.o) (segment)
../sdk/platform/drivers/lib\libpufs.a(pufs_ka.o)
                              ../sdk/platform/drivers/lib\libpufs.a(pufs_ecp.o) (keyslot_check)
../sdk/platform/drivers/lib\libpufs.a(pufs_kdf.o)
                              ../sdk/platform/drivers/lib\libpufs.a(pufs_common.o) (pufs_kdf_module_init)
../sdk/platform/drivers/lib\libpufs.a(pufs_reg_ctrl.o)
                              ../sdk/platform/drivers/lib\libpufs.a(pufs_crypto.o) (be2le)
../sdk/platform/drivers/lib\libpufs.a(pufs_rt.o)
                              ../sdk/platform/drivers/lib\libpufs.a(pufs_ka.o) (puf_slot_check)
../sdk/platform/drivers/lib\libpufs.a(pufs_rt_cde.o)
                              ../sdk/platform/drivers/lib\libpufs.a(pufs_common.o) (pufs_rt_cde_init)
../sdk/platform/drivers/lib\libpufs.a(pufs_sp38a.o)
                              ../sdk/platform/drivers/lib\libpufs.a(pufs_common.o) (pufs_sp38a_module_init)
../sdk/platform/drivers/lib\libpufs.a(pufs_sp38c.o)
                              ../sdk/platform/drivers/lib\libpufs.a(pufs_common.o) (pufs_sp38c_module_init)
../sdk/platform/drivers/lib\libpufs.a(pufs_sp38d.o)
                              ../sdk/platform/drivers/lib\libpufs.a(pufs_common.o) (pufs_sp38d_module_init)
../sdk/platform/drivers/lib\libpufs.a(pufs_sp38e.o)
                              ../sdk/platform/drivers/lib\libpufs.a(pufs_common.o) (pufs_sp38e_module_init)
../sdk/platform/drivers/lib\libpufs.a(pufs_sp90a.o)
                              ../sdk/platform/drivers/lib\libpufs.a(pufs_common.o) (pufs_drbg_module_init)
../sdk/platform/drivers/lib\libpufs.a(dummy_pal.o)
                              ../sdk/platform/drivers/lib\libpufs.a(pufs_common.o) (pufs_pal_init)
../sdk/platform/drivers/lib\libpufs.a(pufs_chacha.o)
                              ../sdk/platform/drivers/lib\libpufs.a(pufs_common.o) (pufs_chacha_module_init)
../sdk/platform/drivers/lib\libpufs.a(pufs_cmac.o)
                              ../sdk/platform/drivers/lib\libpufs.a(pufs_common.o) (pufs_cmac_module_init)
../sdk/platform/drivers/lib\libpufs.a(pufs_dma_desc.o)
                              ../sdk/platform/drivers/lib\libpufs.a(pufs_hmac.o) (dma_sg_desc_write_addr)
../sdk/platform/drivers/lib\libpufs.a(pufs_ecc.o)
                              ../sdk/platform/drivers/lib\libpufs.a(pufs_ecp.o) (reverse)
d:/cq9008/xpack-arm-none-eabi-gcc-10.3.1-2.3/bin/../lib/gcc/arm-none-eabi/10.3.1/thumb/v6-m/nofp\libgcc.a(_thumb1_case_uqi.o)
[...]
Memory Configuration

Name             Origin             Length             Attributes
FLASH            0x0000000000000000 0x0000000000040000 xr
RAM              0x0000000020000000 0x0000000000010000 rw
*default*        0x0000000000000000 0xffffffffffffffff

Linker script and memory map

LOAD d:/cq9008/xpack-arm-none-eabi-gcc-10.3.1-2.3/bin/../lib/gcc/arm-none-eabi/10.3.1/thumb/v6-m/nofp/crti.o
LOAD d:/cq9008/xpack-arm-none-eabi-gcc-10.3.1-2.3/bin/../lib/gcc/arm-none-eabi/10.3.1/thumb/v6-m/nofp/crtbegin.o
LOAD d:/cq9008/xpack-arm-none-eabi-gcc-10.3.1-2.3/bin/../lib/gcc/arm-none-eabi/10.3.1/../../../../arm-none-eabi/lib/thumb/v6-m/nofp/crt0.o
START GROUP
LOAD d:/cq9008/xpack-arm-none-eabi-gcc-10.3.1-2.3/bin/../lib/gcc/arm-none-eabi/10.3.1/thumb/v6-m/nofp\libgcc.a
LOAD d:/cq9008/xpack-arm-none-eabi-gcc-10.3.1-2.3/bin/../lib/gcc/arm-none-eabi/10.3.1/../../../../arm-none-eabi/lib/thumb/v6-m/nofp\libc_nano.a
LOAD d:/cq9008/xpack-arm-none-eabi-gcc-10.3.1-2.3/bin/../lib/gcc/arm-none-eabi/10.3.1/../../../../arm-none-eabi/lib/thumb/v6-m/nofp\libm.a
END GROUP
LOAD ./src/clock_config.o
LOAD ./src/main.o
LOAD ./src/pufs_hmac_test.o
LOAD ./src/pufs_test.o
LOAD ./src/pufs_tv_hmac_sha2.o
LOAD ./src/pufs_tv_sha2.o
LOAD ./sdk/platform/drivers/src/clock_tw9001.o
LOAD ./sdk/platform/drivers/src/edma_driver.o
LOAD ./sdk/platform/drivers/src/interrupt_manager.o
LOAD ./sdk/platform/drivers/src/lptmr_driver.o
LOAD ./sdk/platform/drivers/src/lpuart_driver.o
LOAD ./sdk/platform/drivers/src/osif_driver.o
LOAD ./sdk/platform/drivers/src/pins_driver.o
LOAD ./sdk/platform/drivers/src/power_manager.o
LOAD ./sdk/platform/drivers/src/smc_driver.o
LOAD ./sdk/platform/devices/tw9001/startup/system_tw9001.o
LOAD ./sdk/platform/devices/startup.o
LOAD ./project_settings/startup_code/startup_tw9001.o
LOAD ../sdk/platform/drivers/lib\libpufs.a
START GROUP
LOAD d:/cq9008/xpack-arm-none-eabi-gcc-10.3.1-2.3/bin/../lib/gcc/arm-none-eabi/10.3.1/thumb/v6-m/nofp\libgcc.a
LOAD d:/cq9008/xpack-arm-none-eabi-gcc-10.3.1-2.3/bin/../lib/gcc/arm-none-eabi/10.3.1/../../../../arm-none-eabi/lib/thumb/v6-m/nofp\libg_nano.a
LOAD d:/cq9008/xpack-arm-none-eabi-gcc-10.3.1-2.3/bin/../lib/gcc/arm-none-eabi/10.3.1/../../../../arm-none-eabi/lib/thumb/v6-m/nofp\libc_nano.a
END GROUP
START GROUP
LOAD d:/cq9008/xpack-arm-none-eabi-gcc-10.3.1-2.3/bin/../lib/gcc/arm-none-eabi/10.3.1/thumb/v6-m/nofp\libgcc.a
LOAD d:/cq9008/xpack-arm-none-eabi-gcc-10.3.1-2.3/bin/../lib/gcc/arm-none-eabi/10.3.1/../../../../arm-none-eabi/lib/thumb/v6-m/nofp\libc_nano.a
LOAD d:/cq9008/xpack-arm-none-eabi-gcc-10.3.1-2.3/bin/../lib/gcc/arm-none-eabi/10.3.1/../../../../arm-none-eabi/lib/thumb/v6-m/nofp\libnosys.a
END GROUP
START GROUP
LOAD d:/cq9008/xpack-arm-none-eabi-gcc-10.3.1-2.3/bin/../lib/gcc/arm-none-eabi/10.3.1/thumb/v6-m/nofp\libgcc.a
LOAD d:/cq9008/xpack-arm-none-eabi-gcc-10.3.1-2.3/bin/../lib/gcc/arm-none-eabi/10.3.1/../../../../arm-none-eabi/lib/thumb/v6-m/nofp\libc_nano.a
LOAD d:/cq9008/xpack-arm-none-eabi-gcc-10.3.1-2.3/bin/../lib/gcc/arm-none-eabi/10.3.1/../../../../arm-none-eabi/lib/thumb/v6-m/nofp\libnosys.a
END GROUP
LOAD d:/cq9008/xpack-arm-none-eabi-gcc-10.3.1-2.3/bin/../lib/gcc/arm-none-eabi/10.3.1/thumb/v6-m/nofp/crtend.o
LOAD d:/cq9008/xpack-arm-none-eabi-gcc-10.3.1-2.3/bin/../lib/gcc/arm-none-eabi/10.3.1/thumb/v6-m/nofp/crtn.o
                0x0000000000000400                HEAP_SIZE = DEFINED (__heap_size__)?__heap_size__:0x400
                0x0000000000000400                STACK_SIZE = DEFINED (__stack_size__)?__stack_size__:0x400

.interrupts     0x0000000000000000       0xc0
                0x0000000000000000                __VECTOR_TABLE = .
                0x0000000000000000                __interrupts_start__ = .
                0x0000000000000000                . = ALIGN (0x4)
 *(.isr_vector)
 .isr_vector    0x0000000000000000       0xc0 ./project_settings/startup_code/startup_tw9001.o
                0x0000000000000000                __isr_vector
                0x00000000000000c0                __interrupts_end__ = .
                0x00000000000000c0                . = ALIGN (0x4)

.text           0x00000000000000c0     0x64a4
                0x00000000000000c0                . = ALIGN (0x4)
 *(.text)
 .text          0x00000000000000c0       0x60 ./project_settings/startup_code/startup_tw9001.o
                0x00000000000000c0                Reset_Handler
                0x000000000000011c                NMI_Handler
                0x000000000000011c                FSUSB_IRQHandler
                0x000000000000011c                LPI2C0_IRQHandler
                0x000000000000011c                FTM0_Ovf_Reload_IRQHandler
                0x000000000000011c                FTM1_Ch0_7_IRQHandler
                0x000000000000011c                DefaultISR
                0x000000000000011c                FTM0_Ch0_7_IRQHandler
                0x000000000000011c                PendSV_Handler
                0x000000000000011c                LPSPI1_IRQHandler
                0x000000000000011c                FTFC_IRQHandler
                0x000000000000011c                LPSPI0_IRQHandler
                0x000000000000011c                FTM0_Fault_IRQHandler
                0x000000000000011c                SVC_Handler
                0x000000000000011c                RCM_IRQHandler
                0x000000000000011c                LPI2C1_IRQHandler
                0x000000000000011c                FTM1_Fault_IRQHandler
                0x000000000000011c                PUF_IRQHandler
                0x000000000000011c                HSSPI_IRQHandler
                0x000000000000011c                LPSPI2_IRQHandler
                0x000000000000011c                WDOG_IRQHandler
                0x000000000000011c                FTM1_Ovf_Reload_IRQHandler
                0x000000000000011c                PORT_IRQHandler
 .text          0x0000000000000120       0x14 d:/cq9008/xpack-arm-none-eabi-gcc-10.3.1-2.3/bin/../lib/gcc/arm-none-eabi/10.3.1/thumb/v6-m/nofp\libgcc.a(_thumb1_case_uqi.o)
                0x0000000000000120                __gnu_thumb1_case_uqi
 .text          0x0000000000000134      0x114 d:/cq9008/xpack-arm-none-eabi-gcc-10.3.1-2.3/bin/../lib/gcc/arm-none-eabi/10.3.1/thumb/v6-m/nofp\libgcc.a(_udivsi3.o)
                0x0000000000000134                __aeabi_uidiv
                0x0000000000000134                __udivsi3
                0x0000000000000240                __aeabi_uidivmod
 .text          0x0000000000000248        0x4 d:/cq9008/xpack-arm-none-eabi-gcc-10.3.1-2.3/bin/../lib/gcc/arm-none-eabi/10.3.1/thumb/v6-m/nofp\libgcc.a(_dvmd_tls.o)
                0x0000000000000248                __aeabi_idiv0
                0x0000000000000248                __aeabi_ldiv0
 .text          0x000000000000024c       0x14 d:/cq9008/xpack-arm-none-eabi-gcc-10.3.1-2.3/bin/../lib/gcc/arm-none-eabi/10.3.1/../../../../arm-none-eabi/lib/thumb/v6-m/nofp\libg_nano.a(lib_a-strcmp.o)
                0x000000000000024c                strcmp
 .text          0x0000000000000260        0xe d:/cq9008/xpack-arm-none-eabi-gcc-10.3.1-2.3/bin/../lib/gcc/arm-none-eabi/10.3.1/../../../../arm-none-eabi/lib/thumb/v6-m/nofp\libg_nano.a(lib_a-strlen.o)
                0x0000000000000260                strlen
 *fill*         0x000000000000026e        0x2 
 .text          0x0000000000000270       0x14 d:/cq9008/xpack-arm-none-eabi-gcc-10.3.1-2.3/bin/../lib/gcc/arm-none-eabi/10.3.1/thumb/v6-m/nofp\libgcc.a(_thumb1_case_shi.o)
                0x0000000000000270                __gnu_thumb1_case_shi
 *(.text*)
 .text.memset   0x0000000000000284       0x10 d:/cq9008/xpack-arm-none-eabi-gcc-10.3.1-2.3/bin/../lib/gcc/arm-none-eabi/10.3.1/../../../../arm-none-eabi/lib/thumb/v6-m/nofp\libc_nano.a(lib_a-memset.o)
                0x0000000000000284                memset
 .text.rx0_callback
                0x0000000000000294       0x38 ./src/main.o
                0x0000000000000294                rx0_callback
 .text.HardFault_Handler
                0x00000000000002cc        0x2 ./src/main.o
                0x00000000000002cc                HardFault_Handler
 *fill*         0x00000000000002ce        0x2 
 .text.LPTMR0_IRQHandler
                0x00000000000002d0       0x4c ./src/main.o
                0x00000000000002d0                LPTMR0_IRQHandler
 .text.print    0x000000000000031c       0x16 ./src/main.o
                0x000000000000031c                print
 *fill*         0x0000000000000332        0x2 
 .text.init_pins
                0x0000000000000334       0x58 ./src/main.o
                0x0000000000000334                init_pins
 .text.init_uart
                0x000000000000038c       0x30 ./src/main.o
                0x000000000000038c                init_uart
 .text.init_lptmr
                0x00000000000003bc       0x30 ./src/main.o
                0x00000000000003bc                init_lptmr
 .text.main     0x00000000000003ec      0x144 ./src/main.o
                0x00000000000003ec                main
 .text.pufs_hash_iuf_test
                0x0000000000000530       0x74 ./src/pufs_hmac_test.o
 .text.pufs_hash_test
                0x00000000000005a4       0x46 ./src/pufs_hmac_test.o
 *fill*         0x00000000000005ea        0x2 
 .text.pufs_sha2_iuf_test
                0x00000000000005ec       0x18 ./src/pufs_hmac_test.o
                0x00000000000005ec                pufs_sha2_iuf_test
 .text.pufs_sha2_test
                0x0000000000000604       0x18 ./src/pufs_hmac_test.o
                0x0000000000000604                pufs_sha2_test
 .text.pufs_hmac_sha2_iuf_test
                0x000000000000061c       0xd4 ./src/pufs_hmac_test.o
                0x000000000000061c                pufs_hmac_sha2_iuf_test
 .text.pufs_hmac_sha2_test
                0x00000000000006f0       0xa8 ./src/pufs_hmac_test.o
                0x00000000000006f0                pufs_hmac_sha2_test
 .text.pufs_hmac_sha2_swkey_iuf_test
                0x0000000000000798       0x88 ./src/pufs_hmac_test.o
                0x0000000000000798                pufs_hmac_sha2_swkey_iuf_test
 .text.pufs_hmac_sha2_swkey_test
                0x0000000000000820       0x58 ./src/pufs_hmac_test.o
                0x0000000000000820                pufs_hmac_sha2_swkey_test
 .text.pufs_test
                0x0000000000000878       0x84 ./src/pufs_test.o
                0x0000000000000878                pufs_test
 .text.clcok_set_pcc_config
                0x00000000000008fc       0x88 ./sdk/platform/drivers/src/clock_tw9001.o
 .text.clock_set_sim_config
                0x0000000000000984      0x130 ./sdk/platform/drivers/src/clock_tw9001.o
 .text.clock_get_default_config
                0x0000000000000ab4       0x94 ./sdk/platform/drivers/src/clock_tw9001.o
 .text.clock_check_pcc_clock
                0x0000000000000b48       0x54 ./sdk/platform/drivers/src/clock_tw9001.o
 .text.clock_get_current_run_mode
                0x0000000000000b9c       0x28 ./sdk/platform/drivers/src/clock_tw9001.o
 .text.clock_get_sys_osc_freq
                0x0000000000000bc4        0xc ./sdk/platform/drivers/src/clock_tw9001.o
 .text.clock_configure_sosc
                0x0000000000000bd0       0x70 ./sdk/platform/drivers/src/clock_tw9001.o
 .text.clock_get_sirc_freq
                0x0000000000000c40        0x8 ./sdk/platform/drivers/src/clock_tw9001.o
 .text.clock_configure_sirc
                0x0000000000000c48       0x58 ./sdk/platform/drivers/src/clock_tw9001.o
 .text.clock_get_firc_freq
                0x0000000000000ca0        0x8 ./sdk/platform/drivers/src/clock_tw9001.o
 .text.clock_configure_firc
                0x0000000000000ca8       0x58 ./sdk/platform/drivers/src/clock_tw9001.o
 .text.clock_get_src_freq
                0x0000000000000d00       0x24 ./sdk/platform/drivers/src/clock_tw9001.o
 .text.clock_set_sys_clk_config
                0x0000000000000d24       0xe4 ./sdk/platform/drivers/src/clock_tw9001.o
 .text.clock_transition_system_clcok
                0x0000000000000e08       0x50 ./sdk/platform/drivers/src/clock_tw9001.o
 .text.clock_configure_modules_from_scg
                0x0000000000000e58       0xcc ./sdk/platform/drivers/src/clock_tw9001.o
 .text.clock_configure_tmp_sys_clk
                0x0000000000000f24       0x44 ./sdk/platform/drivers/src/clock_tw9001.o
 .text.clock_set_scg_config
                0x0000000000000f68       0x84 ./sdk/platform/drivers/src/clock_tw9001.o
 .text.clock_get_system_clock_freq
                0x0000000000000fec       0x68 ./sdk/platform/drivers/src/clock_tw9001.o
 .text.clock_get_scg_clk_out_freq
                0x0000000000001054       0x44 ./sdk/platform/drivers/src/clock_tw9001.o
 .text.clock_get_sys_async_freq
                0x0000000000001098       0xc0 ./sdk/platform/drivers/src/clock_tw9001.o
 .text.clock_get_sim_rtc_clk_freq
                0x0000000000001158       0x5c ./sdk/platform/drivers/src/clock_tw9001.o
 .text.clock_get_lpo_freq
                0x00000000000011b4       0x64 ./sdk/platform/drivers/src/clock_tw9001.o
 .text.clock_get_sim_clk_out_freq
                0x0000000000001218       0x8c ./sdk/platform/drivers/src/clock_tw9001.o
 .text.clock_get_scg_clock_freq
                0x00000000000012a4       0xd8 ./sdk/platform/drivers/src/clock_tw9001.o
 .text.clock_get_other_sim_clock_freq
                0x000000000000137c       0x78 ./sdk/platform/drivers/src/clock_tw9001.o
 .text.clock_get_sim_clock_freq
                0x00000000000013f4       0x90 ./sdk/platform/drivers/src/clock_tw9001.o
 .text.clock_get_ftm_option_freq
                0x0000000000001484       0x1e ./sdk/platform/drivers/src/clock_tw9001.o
 *fill*         0x00000000000014a2        0x2 
 .text.clock_get_peripheral_clock
                0x00000000000014a4       0x88 ./sdk/platform/drivers/src/clock_tw9001.o
 .text.clock_get_pcc_clock_freq
                0x000000000000152c       0x9c ./sdk/platform/drivers/src/clock_tw9001.o
 .text.clock_init
                0x00000000000015c8       0x42 ./sdk/platform/drivers/src/clock_tw9001.o
                0x00000000000015c8                clock_init
 .text.clock_get_freq
                0x000000000000160a       0x24 ./sdk/platform/drivers/src/clock_tw9001.o
                0x000000000000160a                clock_get_freq
 *fill*         0x000000000000162e        0x2 
 .text.clock_init_config
                0x0000000000001630       0x28 ./sdk/platform/drivers/src/clock_tw9001.o
                0x0000000000001630                clock_init_config
 .text.clock_update_config
                0x0000000000001658      0x104 ./sdk/platform/drivers/src/clock_tw9001.o
                0x0000000000001658                clock_update_config
 .text.edma_tcd_set_major_complete_int
                0x000000000000175c       0x3c ./sdk/platform/drivers/src/edma_driver.o
 .text.edma_clear_int_status
                0x0000000000001798       0x10 ./sdk/platform/drivers/src/edma_driver.o
 .text.edma_valid_transfer_size
                0x00000000000017a8        0xc ./sdk/platform/drivers/src/edma_driver.o
 .text.edma_set_dma_request
                0x00000000000017b4        0xc ./sdk/platform/drivers/src/edma_driver.o
                0x00000000000017b4                edma_set_dma_request
 .text.edma_tcd_clear_reg
                0x00000000000017c0       0x68 ./sdk/platform/drivers/src/edma_driver.o
                0x00000000000017c0                edma_tcd_clear_reg
 .text.edma_tcd_set_attribute
                0x0000000000001828       0x38 ./sdk/platform/drivers/src/edma_driver.o
                0x0000000000001828                edma_tcd_set_attribute
 .text.edma_tcd_set_nbytes
                0x0000000000001860       0x68 ./sdk/platform/drivers/src/edma_driver.o
                0x0000000000001860                edma_tcd_set_nbytes
 .text.edma_tcd_set_major_count
                0x00000000000018c8       0x74 ./sdk/platform/drivers/src/edma_driver.o
                0x00000000000018c8                edma_tcd_set_major_count
 .text.edma_tcd_get_current_major_count
                0x000000000000193c       0x48 ./sdk/platform/drivers/src/edma_driver.o
                0x000000000000193c                edma_tcd_get_current_major_count
 .text.edma_install_callback
                0x0000000000001984       0x34 ./sdk/platform/drivers/src/edma_driver.o
                0x0000000000001984                edma_install_callback
 .text.edma_irq_handler
                0x00000000000019b8       0x28 ./sdk/platform/drivers/src/edma_driver.o
                0x00000000000019b8                edma_irq_handler
 .text.edma_config_single_block_transfer
                0x00000000000019e0      0x1b8 ./sdk/platform/drivers/src/edma_driver.o
                0x00000000000019e0                edma_config_single_block_transfer
 .text.edma_config_multi_block_transfer
                0x0000000000001b98       0xb4 ./sdk/platform/drivers/src/edma_driver.o
                0x0000000000001b98                edma_config_multi_block_transfer
 .text.edma_start_channel
                0x0000000000001c4c       0x3c ./sdk/platform/drivers/src/edma_driver.o
                0x0000000000001c4c                edma_start_channel
 .text.edma_stop_channel
                0x0000000000001c88       0x3c ./sdk/platform/drivers/src/edma_driver.o
                0x0000000000001c88                edma_stop_channel
 .text.edma_set_src_addr
                0x0000000000001cc4       0x38 ./sdk/platform/drivers/src/edma_driver.o
                0x0000000000001cc4                edma_set_src_addr
 .text.edma_set_dest_addr
                0x0000000000001cfc       0x38 ./sdk/platform/drivers/src/edma_driver.o
                0x0000000000001cfc                edma_set_dest_addr
 .text.edma_set_major_loop_iteration_count
                0x0000000000001d34       0x3c ./sdk/platform/drivers/src/edma_driver.o
                0x0000000000001d34                edma_set_major_loop_iteration_count
 .text.edma_get_remaining_major_iterations_count
                0x0000000000001d70       0x38 ./sdk/platform/drivers/src/edma_driver.o
                0x0000000000001d70                edma_get_remaining_major_iterations_count
 .text.DMA0_IRQHandler
                0x0000000000001da8        0xa ./sdk/platform/drivers/src/edma_driver.o
                0x0000000000001da8                DMA0_IRQHandler
 .text.DMA1_IRQHandler
                0x0000000000001db2        0xa ./sdk/platform/drivers/src/edma_driver.o
                0x0000000000001db2                DMA1_IRQHandler
 .text.DMA2_IRQHandler
                0x0000000000001dbc        0xa ./sdk/platform/drivers/src/edma_driver.o
                0x0000000000001dbc                DMA2_IRQHandler
 .text.DMA3_IRQHandler
                0x0000000000001dc6        0xa ./sdk/platform/drivers/src/edma_driver.o
                0x0000000000001dc6                DMA3_IRQHandler
 .text.int_enable_irq
                0x0000000000001dd0       0x34 ./sdk/platform/drivers/src/interrupt_manager.o
                0x0000000000001dd0                int_enable_irq
 .text.int_enable_irq_global
                0x0000000000001e04       0x1c ./sdk/platform/drivers/src/interrupt_manager.o
                0x0000000000001e04                int_enable_irq_global
 .text.int_disable_irq_global
                0x0000000000001e20       0x10 ./sdk/platform/drivers/src/interrupt_manager.o
                0x0000000000001e20                int_disable_irq_global
 .text.lptmr_set_reset_value
                0x0000000000001e30       0x20 ./sdk/platform/drivers/src/lptmr_driver.o
                0x0000000000001e30                lptmr_set_reset_value
 .text.lptmr_set_config
                0x0000000000001e50      0x100 ./sdk/platform/drivers/src/lptmr_driver.o
                0x0000000000001e50                lptmr_set_config
 .text.lptmr_init
                0x0000000000001f50       0x48 ./sdk/platform/drivers/src/lptmr_driver.o
                0x0000000000001f50                lptmr_init
 .text.lpaurt_start_send_data_using_dma
                0x0000000000001f98       0xb8 ./sdk/platform/drivers/src/lpuart_driver.o
 .text.lpuart_init_set
                0x0000000000002050       0x20 ./sdk/platform/drivers/src/lpuart_driver.o
                0x0000000000002050                lpuart_init_set
 .text.lpuart_set_bit_count_per_char
                0x0000000000002070       0x34 ./sdk/platform/drivers/src/lpuart_driver.o
                0x0000000000002070                lpuart_set_bit_count_per_char
 .text.lpuart_set_parity_mode
                0x00000000000020a4       0x1e ./sdk/platform/drivers/src/lpuart_driver.o
                0x00000000000020a4                lpuart_set_parity_mode
 *fill*         0x00000000000020c2        0x2 
 .text.lpuart_set_int_mode
                0x00000000000020c4       0x68 ./sdk/platform/drivers/src/lpuart_driver.o
                0x00000000000020c4                lpuart_set_int_mode
 .text.lpuart_start_send_data_using_int
                0x000000000000212c       0x88 ./sdk/platform/drivers/src/lpuart_driver.o
 .text.lpuart_complete_send_data_using_int
                0x00000000000021b4       0x70 ./sdk/platform/drivers/src/lpuart_driver.o
 .text.lpuart_stop_tx_dma
                0x0000000000002224       0x6c ./sdk/platform/drivers/src/lpuart_driver.o
 .text.lpaurt_tx_complete_irq_handler
                0x0000000000002290       0x34 ./sdk/platform/drivers/src/lpuart_driver.o
 .text.lpuart_tx_dma_callback
                0x00000000000022c4       0x74 ./sdk/platform/drivers/src/lpuart_driver.o
 .text.lpuart_get_int_mode
                0x0000000000002338       0x3c ./sdk/platform/drivers/src/lpuart_driver.o
                0x0000000000002338                lpuart_get_int_mode
 .text.lpuart_put_char9
                0x0000000000002374       0x20 ./sdk/platform/drivers/src/lpuart_driver.o
                0x0000000000002374                lpuart_put_char9
 .text.lpuart_put_char10
                0x0000000000002394       0x2c ./sdk/platform/drivers/src/lpuart_driver.o
                0x0000000000002394                lpuart_put_char10
 .text.lpuart_put_data
                0x00000000000023c0       0x44 ./sdk/platform/drivers/src/lpuart_driver.o
 .text.lpuart_tx_empty_irq_handler
                0x0000000000002404       0x7c ./sdk/platform/drivers/src/lpuart_driver.o
 .text.lpuart_get_char9
                0x0000000000002480       0x1a ./sdk/platform/drivers/src/lpuart_driver.o
                0x0000000000002480                lpuart_get_char9
 .text.lpuart_get_char10
                0x000000000000249a       0x2a ./sdk/platform/drivers/src/lpuart_driver.o
                0x000000000000249a                lpuart_get_char10
 .text.lpuart_get_data
                0x00000000000024c4       0x64 ./sdk/platform/drivers/src/lpuart_driver.o
 .text.lpuart_get_status_flag
                0x0000000000002528       0x3c ./sdk/platform/drivers/src/lpuart_driver.o
                0x0000000000002528                lpuart_get_status_flag
 .text.lpuart_set_error_interrupts
                0x0000000000002564       0x40 ./sdk/platform/drivers/src/lpuart_driver.o
                0x0000000000002564                lpuart_set_error_interrupts
 .text.lpuart_start_receive_data_using_int
                0x00000000000025a4       0x94 ./sdk/platform/drivers/src/lpuart_driver.o
 .text.lpuart_start_receive_data_using_dma
                0x0000000000002638       0xd0 ./sdk/platform/drivers/src/lpuart_driver.o
 .text.lpuart_complete_receive_data_using_int
                0x0000000000002708       0x70 ./sdk/platform/drivers/src/lpuart_driver.o
 .text.lpuart_rx_irq_handler
                0x0000000000002778       0x68 ./sdk/platform/drivers/src/lpuart_driver.o
 .text.lpuart_stop_rx_dma
                0x00000000000027e0       0x6c ./sdk/platform/drivers/src/lpuart_driver.o
 .text.lpuart_rx_dma_callback
                0x000000000000284c       0xa4 ./sdk/platform/drivers/src/lpuart_driver.o
 .text.lpuart_err_irq_handler
                0x00000000000028f0      0x144 ./sdk/platform/drivers/src/lpuart_driver.o
 .text.lpuart_install_rx_callback
                0x0000000000002a34       0x1c ./sdk/platform/drivers/src/lpuart_driver.o
                0x0000000000002a34                lpuart_install_rx_callback
 .text.lpuart_send_data_blocking
                0x0000000000002a50       0x7c ./sdk/platform/drivers/src/lpuart_driver.o
                0x0000000000002a50                lpuart_send_data_blocking
 .text.lpuart_receive_data
                0x0000000000002acc       0x3c ./sdk/platform/drivers/src/lpuart_driver.o
                0x0000000000002acc                lpuart_receive_data
 .text.lpuart_get_receive_status
                0x0000000000002b08       0x44 ./sdk/platform/drivers/src/lpuart_driver.o
                0x0000000000002b08                lpuart_get_receive_status
 .text.lpuart_set_baud_rate
                0x0000000000002b4c      0x15c ./sdk/platform/drivers/src/lpuart_driver.o
                0x0000000000002b4c                lpuart_set_baud_rate
 .text.lpuart_init
                0x0000000000002ca8      0x140 ./sdk/platform/drivers/src/lpuart_driver.o
                0x0000000000002ca8                lpuart_init
 .text.lpuart_set_rx_buffer
                0x0000000000002de8       0x2c ./sdk/platform/drivers/src/lpuart_driver.o
                0x0000000000002de8                lpuart_set_rx_buffer
 .text.lpuart_irq_handler
                0x0000000000002e14       0x94 ./sdk/platform/drivers/src/lpuart_driver.o
                0x0000000000002e14                lpuart_irq_handler
 .text.LPUART0_IRQHandler
                0x0000000000002ea8        0xa ./sdk/platform/drivers/src/lpuart_driver.o
                0x0000000000002ea8                LPUART0_IRQHandler
 .text.LPUART1_IRQHandler
                0x0000000000002eb2        0xa ./sdk/platform/drivers/src/lpuart_driver.o
                0x0000000000002eb2                LPUART1_IRQHandler
 .text.SysTick_Handler
                0x0000000000002ebc       0x10 ./sdk/platform/drivers/src/osif_driver.o
                0x0000000000002ebc                SysTick_Handler
 .text.osif_sema_wait
                0x0000000000002ecc       0xb0 ./sdk/platform/drivers/src/osif_driver.o
                0x0000000000002ecc                osif_sema_wait
 .text.osif_sema_post
                0x0000000000002f7c       0x2c ./sdk/platform/drivers/src/osif_driver.o
                0x0000000000002f7c                osif_sema_post
 .text.osif_sema_create
                0x0000000000002fa8       0x1c ./sdk/platform/drivers/src/osif_driver.o
                0x0000000000002fa8                osif_sema_create
 .text.pins_init_set
                0x0000000000002fc4      0x124 ./sdk/platform/drivers/src/pins_driver.o
 .text.pins_chip_init
                0x00000000000030e8       0x4c ./sdk/platform/drivers/src/pins_driver.o
                0x00000000000030e8                pins_chip_init
 .text.pins_init
                0x0000000000003134       0x20 ./sdk/platform/drivers/src/pins_driver.o
                0x0000000000003134                pins_init
 .text.pins_toggle_pins
                0x0000000000003154        0x8 ./sdk/platform/drivers/src/pins_driver.o
                0x0000000000003154                pins_toggle_pins
 .text.SystemInit
                0x000000000000315c       0x24 ./sdk/platform/devices/tw9001/startup/system_tw9001.o
                0x000000000000315c                SystemInit
 .text.init_data_bss
                0x0000000000003180       0x7c ./sdk/platform/devices/startup.o
                0x0000000000003180                init_data_bss
 .text.pufs_module_init
                0x00000000000031fc       0x44 ../sdk/platform/drivers/lib\libpufs.a(pufs_common.o)
                0x00000000000031fc                pufs_module_init
 .text.pufs_initialize
                0x0000000000003240       0xd0 ../sdk/platform/drivers/lib\libpufs.a(pufs_common.o)
                0x0000000000003240                pufs_initialize
 .text.write_data
                0x0000000000003310       0x2c ../sdk/platform/drivers/lib\libpufs.a(pufs_crypto.o)
 .text.read_data
                0x000000000000333c       0x5a ../sdk/platform/drivers/lib\libpufs.a(pufs_crypto.o)
 *fill*         0x0000000000003396        0x2 
 .text.pufs_crypto_module_init
                0x0000000000003398       0x24 ../sdk/platform/drivers/lib\libpufs.a(pufs_crypto.o)
                0x0000000000003398                pufs_crypto_module_init
 .text.crypto_write_sw_key
                0x00000000000033bc       0x20 ../sdk/platform/drivers/lib\libpufs.a(pufs_crypto.o)
                0x00000000000033bc                crypto_write_sw_key
 .text.crypto_write_dgst
                0x00000000000033dc       0x20 ../sdk/platform/drivers/lib\libpufs.a(pufs_crypto.o)
                0x00000000000033dc                crypto_write_dgst
 .text.crypto_read_dgest
                0x00000000000033fc       0x1c ../sdk/platform/drivers/lib\libpufs.a(pufs_crypto.o)
                0x00000000000033fc                crypto_read_dgest
 .text.dma_write_rwcfg
                0x0000000000003418       0x24 ../sdk/platform/drivers/lib\libpufs.a(pufs_dma.o)
                0x0000000000003418                dma_write_rwcfg
 .text.dma_write_key_config_0
                0x000000000000343c       0x18 ../sdk/platform/drivers/lib\libpufs.a(pufs_dma.o)
                0x000000000000343c                dma_write_key_config_0
 .text.dma_write_config_0
                0x0000000000003454       0x1c ../sdk/platform/drivers/lib\libpufs.a(pufs_dma.o)
                0x0000000000003454                dma_write_config_0
 .text.dma_write_data_block_config
                0x0000000000003470       0x40 ../sdk/platform/drivers/lib\libpufs.a(pufs_dma.o)
                0x0000000000003470                dma_write_data_block_config
 .text.dma_write_start
                0x00000000000034b0       0x10 ../sdk/platform/drivers/lib\libpufs.a(pufs_dma.o)
                0x00000000000034b0                dma_write_start
 .text.dma_check_busy_status
                0x00000000000034c0       0x18 ../sdk/platform/drivers/lib\libpufs.a(pufs_dma.o)
                0x00000000000034c0                dma_check_busy_status
 .text.pufs_dma_module_init
                0x00000000000034d8       0x34 ../sdk/platform/drivers/lib\libpufs.a(pufs_dma.o)
                0x00000000000034d8                pufs_dma_module_init
 .text.pufs_pkc_module_init
                0x000000000000350c       0x24 ../sdk/platform/drivers/lib\libpufs.a(pufs_ecp.o)
                0x000000000000350c                pufs_pkc_module_init
 .text.hmac_set_dgst_length.isra.0
                0x0000000000003530       0x2c ../sdk/platform/drivers/lib\libpufs.a(pufs_hmac.o)
 .text.hmac_get_cfg.isra.0
                0x000000000000355c       0x4a ../sdk/platform/drivers/lib\libpufs.a(pufs_hmac.o)
 *fill*         0x00000000000035a6        0x2 
 .text.__hmac_ctx_update.part.0
                0x00000000000035a8      0x144 ../sdk/platform/drivers/lib\libpufs.a(pufs_hmac.o)
 .text.hmac_ctx_update
                0x00000000000036ec       0xbe ../sdk/platform/drivers/lib\libpufs.a(pufs_hmac.o)
 .text.hmac_ctx_final
                0x00000000000037aa       0x62 ../sdk/platform/drivers/lib\libpufs.a(pufs_hmac.o)
                0x00000000000037aa                hmac_ctx_final
 .text.pufs_hmac_module_init
                0x000000000000380c       0x24 ../sdk/platform/drivers/lib\libpufs.a(pufs_hmac.o)
                0x000000000000380c                pufs_hmac_module_init
 .text.pufs_hmac_ctx_new
                0x0000000000003830       0x18 ../sdk/platform/drivers/lib\libpufs.a(pufs_hmac.o)
                0x0000000000003830                pufs_hmac_ctx_new
 .text.pufs_hmac_ctx_free
                0x0000000000003848        0x8 ../sdk/platform/drivers/lib\libpufs.a(pufs_hmac.o)
                0x0000000000003848                pufs_hmac_ctx_free
 .text.pufs_hash_update
                0x0000000000003850       0x10 ../sdk/platform/drivers/lib\libpufs.a(pufs_hmac.o)
                0x0000000000003850                pufs_hash_update
 .text.pufs_hash_final
                0x0000000000003860        0xe ../sdk/platform/drivers/lib\libpufs.a(pufs_hmac.o)
                0x0000000000003860                pufs_hash_final
 .text.pufs_hash
                0x000000000000386e       0x3e ../sdk/platform/drivers/lib\libpufs.a(pufs_hmac.o)
                0x000000000000386e                pufs_hash
 .text.hmac_ctx_init
                0x00000000000038ac      0x108 ../sdk/platform/drivers/lib\libpufs.a(pufs_hmac.o)
 .text.pufs_hash_init
                0x00000000000039b4       0x14 ../sdk/platform/drivers/lib\libpufs.a(pufs_hmac.o)
                0x00000000000039b4                pufs_hash_init
 .text._pufs_hmac_init
                0x00000000000039c8       0x16 ../sdk/platform/drivers/lib\libpufs.a(pufs_hmac.o)
                0x00000000000039c8                _pufs_hmac_init
 .text.pufs_hmac_update
                0x00000000000039de       0x10 ../sdk/platform/drivers/lib\libpufs.a(pufs_hmac.o)
                0x00000000000039de                pufs_hmac_update
 .text.pufs_hmac_final
                0x00000000000039ee        0xe ../sdk/platform/drivers/lib\libpufs.a(pufs_hmac.o)
                0x00000000000039ee                pufs_hmac_final
 .text._pufs_hmac
                0x00000000000039fc       0x4a ../sdk/platform/drivers/lib\libpufs.a(pufs_hmac.o)
                0x00000000000039fc                _pufs_hmac
 .text.segment  0x0000000000003a46       0xe0 ../sdk/platform/drivers/lib\libpufs.a(pufs_internal.o)
                0x0000000000003a46                segment
 *fill*         0x0000000000003b26        0x2 
 .text.version_check
                0x0000000000003b28       0x28 ../sdk/platform/drivers/lib\libpufs.a(pufs_internal.o)
                0x0000000000003b28                version_check
 .text.ka_skslot_check
                0x0000000000003b50       0xf8 ../sdk/platform/drivers/lib\libpufs.a(pufs_ka.o)
 .text.pufs_kwp_start
                0x0000000000003c48       0x54 ../sdk/platform/drivers/lib\libpufs.a(pufs_ka.o)
 .text.keyslot_check
                0x0000000000003c9c       0x94 ../sdk/platform/drivers/lib\libpufs.a(pufs_ka.o)
                0x0000000000003c9c                keyslot_check
 .text.get_key_slot_idx
                0x0000000000003d30       0x66 ../sdk/platform/drivers/lib\libpufs.a(pufs_ka.o)
                0x0000000000003d30                get_key_slot_idx
 *fill*         0x0000000000003d96        0x2 
 .text.pufs_ka_module_init
                0x0000000000003d98       0x24 ../sdk/platform/drivers/lib\libpufs.a(pufs_ka.o)
                0x0000000000003d98                pufs_ka_module_init
 .text.pufs_kwp_module_init
                0x0000000000003dbc       0x24 ../sdk/platform/drivers/lib\libpufs.a(pufs_ka.o)
                0x0000000000003dbc                pufs_kwp_module_init
 .text.pufs_import_plaintext_key
                0x0000000000003de0       0x90 ../sdk/platform/drivers/lib\libpufs.a(pufs_ka.o)
                0x0000000000003de0                pufs_import_plaintext_key
 .text.pufs_clear_key
                0x0000000000003e70       0x74 ../sdk/platform/drivers/lib\libpufs.a(pufs_ka.o)
                0x0000000000003e70                pufs_clear_key
 .text.pufs_kdf_module_init
                0x0000000000003ee4       0x24 ../sdk/platform/drivers/lib\libpufs.a(pufs_kdf.o)
                0x0000000000003ee4                pufs_kdf_module_init
 .text.be2le    0x0000000000003f08        0x4 ../sdk/platform/drivers/lib\libpufs.a(pufs_reg_ctrl.o)
                0x0000000000003f08                be2le
 .text.puf_slot_check
                0x0000000000003f0c       0x10 ../sdk/platform/drivers/lib\libpufs.a(pufs_rt.o)
                0x0000000000003f0c                puf_slot_check
 .text.otpkey_slot_check
                0x0000000000003f1c       0x34 ../sdk/platform/drivers/lib\libpufs.a(pufs_rt.o)
                0x0000000000003f1c                otpkey_slot_check
 .text.pufs_rt_module_init
                0x0000000000003f50       0x28 ../sdk/platform/drivers/lib\libpufs.a(pufs_rt.o)
                0x0000000000003f50                pufs_rt_module_init
 .text.pufs_rt_cde_init
                0x0000000000003f78       0x18 ../sdk/platform/drivers/lib\libpufs.a(pufs_rt_cde.o)
                0x0000000000003f78                pufs_rt_cde_init
 .text.pufs_sp38a_module_init
                0x0000000000003f90       0x24 ../sdk/platform/drivers/lib\libpufs.a(pufs_sp38a.o)
                0x0000000000003f90                pufs_sp38a_module_init
 .text.pufs_sp38c_module_init
                0x0000000000003fb4       0x24 ../sdk/platform/drivers/lib\libpufs.a(pufs_sp38c.o)
                0x0000000000003fb4                pufs_sp38c_module_init
 .text.pufs_sp38d_module_init
                0x0000000000003fd8       0x24 ../sdk/platform/drivers/lib\libpufs.a(pufs_sp38d.o)
                0x0000000000003fd8                pufs_sp38d_module_init
 .text.pufs_sp38e_module_init
                0x0000000000003ffc       0x24 ../sdk/platform/drivers/lib\libpufs.a(pufs_sp38e.o)
                0x0000000000003ffc                pufs_sp38e_module_init
 .text.pufs_drbg_module_init
                0x0000000000004020       0x24 ../sdk/platform/drivers/lib\libpufs.a(pufs_sp90a.o)
                0x0000000000004020                pufs_drbg_module_init
 .text.pufs_pal_init
                0x0000000000004044        0x2 ../sdk/platform/drivers/lib\libpufs.a(dummy_pal.o)
                0x0000000000004044                pufs_pal_init
 .text.pufs_pal_mmap
                0x0000000000004046        0x4 ../sdk/platform/drivers/lib\libpufs.a(dummy_pal.o)
                0x0000000000004046                pufs_pal_mmap
 .text.pufs_pal_config_dma
                0x000000000000404a        0x4 ../sdk/platform/drivers/lib\libpufs.a(dummy_pal.o)
                0x000000000000404a                pufs_pal_config_dma
 .text.pufs_pal_dma_write_addr
                0x000000000000404e        0x2 ../sdk/platform/drivers/lib\libpufs.a(dummy_pal.o)
                0x000000000000404e                pufs_pal_dma_write_addr
 .text.pufs_pal_dma_read_addr
                0x0000000000004050        0x2 ../sdk/platform/drivers/lib\libpufs.a(dummy_pal.o)
                0x0000000000004050                pufs_pal_dma_read_addr
 *fill*         0x0000000000004052        0x2 
 .text.pufs_chacha_module_init
                0x0000000000004054       0x24 ../sdk/platform/drivers/lib\libpufs.a(pufs_chacha.o)
                0x0000000000004054                pufs_chacha_module_init
 .text.pufs_cmac_module_init
                0x0000000000004078       0x24 ../sdk/platform/drivers/lib\libpufs.a(pufs_cmac.o)
                0x0000000000004078                pufs_cmac_module_init
 .text.malloc   0x000000000000409c       0x14 d:/cq9008/xpack-arm-none-eabi-gcc-10.3.1-2.3/bin/../lib/gcc/arm-none-eabi/10.3.1/../../../../arm-none-eabi/lib/thumb/v6-m/nofp\libg_nano.a(lib_a-malloc.o)
                0x000000000000409c                malloc
 .text.free     0x00000000000040b0       0x14 d:/cq9008/xpack-arm-none-eabi-gcc-10.3.1-2.3/bin/../lib/gcc/arm-none-eabi/10.3.1/../../../../arm-none-eabi/lib/thumb/v6-m/nofp\libg_nano.a(lib_a-malloc.o)
                0x00000000000040b0                free
 .text.memcmp   0x00000000000040c4       0x1c d:/cq9008/xpack-arm-none-eabi-gcc-10.3.1-2.3/bin/../lib/gcc/arm-none-eabi/10.3.1/../../../../arm-none-eabi/lib/thumb/v6-m/nofp\libg_nano.a(lib_a-memcmp.o)
                0x00000000000040c4                memcmp
 .text.memcpy   0x00000000000040e0       0x12 d:/cq9008/xpack-arm-none-eabi-gcc-10.3.1-2.3/bin/../lib/gcc/arm-none-eabi/10.3.1/../../../../arm-none-eabi/lib/thumb/v6-m/nofp\libg_nano.a(lib_a-memcpy-stub.o)
                0x00000000000040e0                memcpy
 .text.memmove  0x00000000000040f2       0x26 d:/cq9008/xpack-arm-none-eabi-gcc-10.3.1-2.3/bin/../lib/gcc/arm-none-eabi/10.3.1/../../../../arm-none-eabi/lib/thumb/v6-m/nofp\libg_nano.a(lib_a-memmove.o)
                0x00000000000040f2                memmove
 .text._free_r  0x0000000000004118       0x94 d:/cq9008/xpack-arm-none-eabi-gcc-10.3.1-2.3/bin/../lib/gcc/arm-none-eabi/10.3.1/../../../../arm-none-eabi/lib/thumb/v6-m/nofp\libg_nano.a(lib_a-nano-freer.o)
                0x0000000000004118                _free_r
 .text.sbrk_aligned
                0x00000000000041ac       0x44 d:/cq9008/xpack-arm-none-eabi-gcc-10.3.1-2.3/bin/../lib/gcc/arm-none-eabi/10.3.1/../../../../arm-none-eabi/lib/thumb/v6-m/nofp\libg_nano.a(lib_a-nano-mallocr.o)
 .text._malloc_r
                0x00000000000041f0       0xec d:/cq9008/xpack-arm-none-eabi-gcc-10.3.1-2.3/bin/../lib/gcc/arm-none-eabi/10.3.1/../../../../arm-none-eabi/lib/thumb/v6-m/nofp\libg_nano.a(lib_a-nano-mallocr.o)
                0x00000000000041f0                _malloc_r
 .text.printf   0x00000000000042dc       0x34 d:/cq9008/xpack-arm-none-eabi-gcc-10.3.1-2.3/bin/../lib/gcc/arm-none-eabi/10.3.1/../../../../arm-none-eabi/lib/thumb/v6-m/nofp\libg_nano.a(lib_a-printf.o)
                0x00000000000042dc                iprintf
                0x00000000000042dc                printf
 .text._sbrk_r  0x0000000000004310       0x24 d:/cq9008/xpack-arm-none-eabi-gcc-10.3.1-2.3/bin/../lib/gcc/arm-none-eabi/10.3.1/../../../../arm-none-eabi/lib/thumb/v6-m/nofp\libg_nano.a(lib_a-sbrkr.o)
                0x0000000000004310                _sbrk_r
 .text.sprintf  0x0000000000004334       0x40 d:/cq9008/xpack-arm-none-eabi-gcc-10.3.1-2.3/bin/../lib/gcc/arm-none-eabi/10.3.1/../../../../arm-none-eabi/lib/thumb/v6-m/nofp\libg_nano.a(lib_a-sprintf.o)
                0x0000000000004334                siprintf
                0x0000000000004334                sprintf
 .text.__swbuf_r
                0x0000000000004374       0xac d:/cq9008/xpack-arm-none-eabi-gcc-10.3.1-2.3/bin/../lib/gcc/arm-none-eabi/10.3.1/../../../../arm-none-eabi/lib/thumb/v6-m/nofp\libg_nano.a(lib_a-wbuf.o)
                0x0000000000004374                __swbuf_r
 .text.__swsetup_r
                0x0000000000004420       0xf0 d:/cq9008/xpack-arm-none-eabi-gcc-10.3.1-2.3/bin/../lib/gcc/arm-none-eabi/10.3.1/../../../../arm-none-eabi/lib/thumb/v6-m/nofp\libg_nano.a(lib_a-wsetup.o)
                0x0000000000004420                __swsetup_r
 .text.__sflush_r
                0x0000000000004510      0x118 d:/cq9008/xpack-arm-none-eabi-gcc-10.3.1-2.3/bin/../lib/gcc/arm-none-eabi/10.3.1/../../../../arm-none-eabi/lib/thumb/v6-m/nofp\libg_nano.a(lib_a-fflush.o)
                0x0000000000004510                __sflush_r
 .text._fflush_r
                0x0000000000004628       0x80 d:/cq9008/xpack-arm-none-eabi-gcc-10.3.1-2.3/bin/../lib/gcc/arm-none-eabi/10.3.1/../../../../arm-none-eabi/lib/thumb/v6-m/nofp\libg_nano.a(lib_a-fflush.o)
                0x0000000000004628                _fflush_r
 .text.std      0x00000000000046a8       0x48 d:/cq9008/xpack-arm-none-eabi-gcc-10.3.1-2.3/bin/../lib/gcc/arm-none-eabi/10.3.1/../../../../arm-none-eabi/lib/thumb/v6-m/nofp\libg_nano.a(lib_a-findfp.o)
 .text._cleanup_r
                0x00000000000046f0       0x10 d:/cq9008/xpack-arm-none-eabi-gcc-10.3.1-2.3/bin/../lib/gcc/arm-none-eabi/10.3.1/../../../../arm-none-eabi/lib/thumb/v6-m/nofp\libg_nano.a(lib_a-findfp.o)
                0x00000000000046f0                _cleanup_r
 .text.__sfmoreglue
                0x0000000000004700       0x2c d:/cq9008/xpack-arm-none-eabi-gcc-10.3.1-2.3/bin/../lib/gcc/arm-none-eabi/10.3.1/../../../../arm-none-eabi/lib/thumb/v6-m/nofp\libg_nano.a(lib_a-findfp.o)
                0x0000000000004700                __sfmoreglue
 .text.__sfp_lock_acquire
                0x000000000000472c       0x10 d:/cq9008/xpack-arm-none-eabi-gcc-10.3.1-2.3/bin/../lib/gcc/arm-none-eabi/10.3.1/../../../../arm-none-eabi/lib/thumb/v6-m/nofp\libg_nano.a(lib_a-findfp.o)
                0x000000000000472c                __sfp_lock_acquire
 .text.__sfp_lock_release
                0x000000000000473c       0x10 d:/cq9008/xpack-arm-none-eabi-gcc-10.3.1-2.3/bin/../lib/gcc/arm-none-eabi/10.3.1/../../../../arm-none-eabi/lib/thumb/v6-m/nofp\libg_nano.a(lib_a-findfp.o)
                0x000000000000473c                __sfp_lock_release
 .text.__sinit_lock_acquire
                0x000000000000474c       0x10 d:/cq9008/xpack-arm-none-eabi-gcc-10.3.1-2.3/bin/../lib/gcc/arm-none-eabi/10.3.1/../../../../arm-none-eabi/lib/thumb/v6-m/nofp\libg_nano.a(lib_a-findfp.o)
                0x000000000000474c                __sinit_lock_acquire
 .text.__sinit_lock_release
                0x000000000000475c       0x10 d:/cq9008/xpack-arm-none-eabi-gcc-10.3.1-2.3/bin/../lib/gcc/arm-none-eabi/10.3.1/../../../../arm-none-eabi/lib/thumb/v6-m/nofp\libg_nano.a(lib_a-findfp.o)
                0x000000000000475c                __sinit_lock_release
 .text.__sinit  0x000000000000476c       0x70 d:/cq9008/xpack-arm-none-eabi-gcc-10.3.1-2.3/bin/../lib/gcc/arm-none-eabi/10.3.1/../../../../arm-none-eabi/lib/thumb/v6-m/nofp\libg_nano.a(lib_a-findfp.o)
                0x000000000000476c                __sinit
 .text.__sfp    0x00000000000047dc       0x90 d:/cq9008/xpack-arm-none-eabi-gcc-10.3.1-2.3/bin/../lib/gcc/arm-none-eabi/10.3.1/../../../../arm-none-eabi/lib/thumb/v6-m/nofp\libg_nano.a(lib_a-findfp.o)
                0x00000000000047dc                __sfp
 .text._fwalk_reent
                0x000000000000486c       0x40 d:/cq9008/xpack-arm-none-eabi-gcc-10.3.1-2.3/bin/../lib/gcc/arm-none-eabi/10.3.1/../../../../arm-none-eabi/lib/thumb/v6-m/nofp\libg_nano.a(lib_a-fwalk.o)
                0x000000000000486c                _fwalk_reent
 .text.__retarget_lock_init_recursive
                0x00000000000048ac        0x2 d:/cq9008/xpack-arm-none-eabi-gcc-10.3.1-2.3/bin/../lib/gcc/arm-none-eabi/10.3.1/../../../../arm-none-eabi/lib/thumb/v6-m/nofp\libg_nano.a(lib_a-lock.o)
                0x00000000000048ac                __retarget_lock_init_recursive
 .text.__retarget_lock_acquire_recursive
                0x00000000000048ae        0x2 d:/cq9008/xpack-arm-none-eabi-gcc-10.3.1-2.3/bin/../lib/gcc/arm-none-eabi/10.3.1/../../../../arm-none-eabi/lib/thumb/v6-m/nofp\libg_nano.a(lib_a-lock.o)
                0x00000000000048ae                __retarget_lock_acquire_recursive
 .text.__retarget_lock_release_recursive
                0x00000000000048b0        0x2 d:/cq9008/xpack-arm-none-eabi-gcc-10.3.1-2.3/bin/../lib/gcc/arm-none-eabi/10.3.1/../../../../arm-none-eabi/lib/thumb/v6-m/nofp\libg_nano.a(lib_a-lock.o)
                0x00000000000048b0                __retarget_lock_release_recursive
 *fill*         0x00000000000048b2        0x2 
 .text.__swhatbuf_r
                0x00000000000048b4       0x50 d:/cq9008/xpack-arm-none-eabi-gcc-10.3.1-2.3/bin/../lib/gcc/arm-none-eabi/10.3.1/../../../../arm-none-eabi/lib/thumb/v6-m/nofp\libg_nano.a(lib_a-makebuf.o)
                0x00000000000048b4                __swhatbuf_r
 .text.__smakebuf_r
                0x0000000000004904       0x88 d:/cq9008/xpack-arm-none-eabi-gcc-10.3.1-2.3/bin/../lib/gcc/arm-none-eabi/10.3.1/../../../../arm-none-eabi/lib/thumb/v6-m/nofp\libg_nano.a(lib_a-makebuf.o)
                0x0000000000004904                __smakebuf_r
 .text.__malloc_lock
                0x000000000000498c       0x10 d:/cq9008/xpack-arm-none-eabi-gcc-10.3.1-2.3/bin/../lib/gcc/arm-none-eabi/10.3.1/../../../../arm-none-eabi/lib/thumb/v6-m/nofp\libg_nano.a(lib_a-mlock.o)
                0x000000000000498c                __malloc_lock
 .text.__malloc_unlock
                0x000000000000499c       0x10 d:/cq9008/xpack-arm-none-eabi-gcc-10.3.1-2.3/bin/../lib/gcc/arm-none-eabi/10.3.1/../../../../arm-none-eabi/lib/thumb/v6-m/nofp\libg_nano.a(lib_a-mlock.o)
                0x000000000000499c                __malloc_unlock
 .text.__ssputs_r
                0x00000000000049ac       0xc4 d:/cq9008/xpack-arm-none-eabi-gcc-10.3.1-2.3/bin/../lib/gcc/arm-none-eabi/10.3.1/../../../../arm-none-eabi/lib/thumb/v6-m/nofp\libg_nano.a(lib_a-nano-svfprintf.o)
                0x00000000000049ac                __ssputs_r
 .text._svfprintf_r
                0x0000000000004a70      0x200 d:/cq9008/xpack-arm-none-eabi-gcc-10.3.1-2.3/bin/../lib/gcc/arm-none-eabi/10.3.1/../../../../arm-none-eabi/lib/thumb/v6-m/nofp\libg_nano.a(lib_a-nano-svfprintf.o)
                0x0000000000004a70                _svfiprintf_r
                0x0000000000004a70                _svfprintf_r
 .text._printf_common
                0x0000000000004c70       0xde d:/cq9008/xpack-arm-none-eabi-gcc-10.3.1-2.3/bin/../lib/gcc/arm-none-eabi/10.3.1/../../../../arm-none-eabi/lib/thumb/v6-m/nofp\libg_nano.a(lib_a-nano-vfprintf_i.o)
                0x0000000000004c70                _printf_common
 *fill*         0x0000000000004d4e        0x2 
 .text._printf_i
                0x0000000000004d50      0x224 d:/cq9008/xpack-arm-none-eabi-gcc-10.3.1-2.3/bin/../lib/gcc/arm-none-eabi/10.3.1/../../../../arm-none-eabi/lib/thumb/v6-m/nofp\libg_nano.a(lib_a-nano-vfprintf_i.o)
                0x0000000000004d50                _printf_i
 .text.__sfputc_r
                0x0000000000004f74       0x2a d:/cq9008/xpack-arm-none-eabi-gcc-10.3.1-2.3/bin/../lib/gcc/arm-none-eabi/10.3.1/../../../../arm-none-eabi/lib/thumb/v6-m/nofp\libg_nano.a(lib_a-nano-vfprintf.o)
 .text.__sfputs_r
                0x0000000000004f9e       0x24 d:/cq9008/xpack-arm-none-eabi-gcc-10.3.1-2.3/bin/../lib/gcc/arm-none-eabi/10.3.1/../../../../arm-none-eabi/lib/thumb/v6-m/nofp\libg_nano.a(lib_a-nano-vfprintf.o)
                0x0000000000004f9e                __sfputs_r
 *fill*         0x0000000000004fc2        0x2 
 .text._vfprintf_r
                0x0000000000004fc4      0x274 d:/cq9008/xpack-arm-none-eabi-gcc-10.3.1-2.3/bin/../lib/gcc/arm-none-eabi/10.3.1/../../../../arm-none-eabi/lib/thumb/v6-m/nofp\libg_nano.a(lib_a-nano-vfprintf.o)
                0x0000000000004fc4                _vfprintf_r
                0x0000000000004fc4                _vfiprintf_r
 .text.__sread  0x0000000000005238       0x28 d:/cq9008/xpack-arm-none-eabi-gcc-10.3.1-2.3/bin/../lib/gcc/arm-none-eabi/10.3.1/../../../../arm-none-eabi/lib/thumb/v6-m/nofp\libg_nano.a(lib_a-stdio.o)
                0x0000000000005238                __sread
 .text.__swrite
                0x0000000000005260       0x38 d:/cq9008/xpack-arm-none-eabi-gcc-10.3.1-2.3/bin/../lib/gcc/arm-none-eabi/10.3.1/../../../../arm-none-eabi/lib/thumb/v6-m/nofp\libg_nano.a(lib_a-stdio.o)
                0x0000000000005260                __swrite
 .text.__sseek  0x0000000000005298       0x2c d:/cq9008/xpack-arm-none-eabi-gcc-10.3.1-2.3/bin/../lib/gcc/arm-none-eabi/10.3.1/../../../../arm-none-eabi/lib/thumb/v6-m/nofp\libg_nano.a(lib_a-stdio.o)
                0x0000000000005298                __sseek
 .text.__sclose
                0x00000000000052c4        0xc d:/cq9008/xpack-arm-none-eabi-gcc-10.3.1-2.3/bin/../lib/gcc/arm-none-eabi/10.3.1/../../../../arm-none-eabi/lib/thumb/v6-m/nofp\libg_nano.a(lib_a-stdio.o)
                0x00000000000052c4                __sclose
 .text._write_r
                0x00000000000052d0       0x28 d:/cq9008/xpack-arm-none-eabi-gcc-10.3.1-2.3/bin/../lib/gcc/arm-none-eabi/10.3.1/../../../../arm-none-eabi/lib/thumb/v6-m/nofp\libg_nano.a(lib_a-writer.o)
                0x00000000000052d0                _write_r
 .text._close_r
                0x00000000000052f8       0x24 d:/cq9008/xpack-arm-none-eabi-gcc-10.3.1-2.3/bin/../lib/gcc/arm-none-eabi/10.3.1/../../../../arm-none-eabi/lib/thumb/v6-m/nofp\libg_nano.a(lib_a-closer.o)
                0x00000000000052f8                _close_r
 .text._fstat_r
                0x000000000000531c       0x24 d:/cq9008/xpack-arm-none-eabi-gcc-10.3.1-2.3/bin/../lib/gcc/arm-none-eabi/10.3.1/../../../../arm-none-eabi/lib/thumb/v6-m/nofp\libg_nano.a(lib_a-fstatr.o)
                0x000000000000531c                _fstat_r
 .text._isatty_r
                0x0000000000005340       0x24 d:/cq9008/xpack-arm-none-eabi-gcc-10.3.1-2.3/bin/../lib/gcc/arm-none-eabi/10.3.1/../../../../arm-none-eabi/lib/thumb/v6-m/nofp\libg_nano.a(lib_a-isattyr.o)
                0x0000000000005340                _isatty_r
 .text._lseek_r
                0x0000000000005364       0x28 d:/cq9008/xpack-arm-none-eabi-gcc-10.3.1-2.3/bin/../lib/gcc/arm-none-eabi/10.3.1/../../../../arm-none-eabi/lib/thumb/v6-m/nofp\libg_nano.a(lib_a-lseekr.o)
                0x0000000000005364                _lseek_r
 .text.memchr   0x000000000000538c       0x16 d:/cq9008/xpack-arm-none-eabi-gcc-10.3.1-2.3/bin/../lib/gcc/arm-none-eabi/10.3.1/../../../../arm-none-eabi/lib/thumb/v6-m/nofp\libg_nano.a(lib_a-memchr-stub.o)
                0x000000000000538c                memchr
 .text._realloc_r
                0x00000000000053a2       0x5e d:/cq9008/xpack-arm-none-eabi-gcc-10.3.1-2.3/bin/../lib/gcc/arm-none-eabi/10.3.1/../../../../arm-none-eabi/lib/thumb/v6-m/nofp\libg_nano.a(lib_a-nano-reallocr.o)
                0x00000000000053a2                _realloc_r
 .text._read_r  0x0000000000005400       0x28 d:/cq9008/xpack-arm-none-eabi-gcc-10.3.1-2.3/bin/../lib/gcc/arm-none-eabi/10.3.1/../../../../arm-none-eabi/lib/thumb/v6-m/nofp\libg_nano.a(lib_a-readr.o)
                0x0000000000005400                _read_r
 .text._malloc_usable_size_r
                0x0000000000005428       0x10 d:/cq9008/xpack-arm-none-eabi-gcc-10.3.1-2.3/bin/../lib/gcc/arm-none-eabi/10.3.1/../../../../arm-none-eabi/lib/thumb/v6-m/nofp\libg_nano.a(lib_a-nano-msizer.o)
                0x0000000000005428                _malloc_usable_size_r
 .text._close   0x0000000000005438       0x10 d:/cq9008/xpack-arm-none-eabi-gcc-10.3.1-2.3/bin/../lib/gcc/arm-none-eabi/10.3.1/../../../../arm-none-eabi/lib/thumb/v6-m/nofp\libnosys.a(close.o)
                0x0000000000005438                _close
 .text._fstat   0x0000000000005448       0x10 d:/cq9008/xpack-arm-none-eabi-gcc-10.3.1-2.3/bin/../lib/gcc/arm-none-eabi/10.3.1/../../../../arm-none-eabi/lib/thumb/v6-m/nofp\libnosys.a(fstat.o)
                0x0000000000005448                _fstat
 .text._isatty  0x0000000000005458       0x10 d:/cq9008/xpack-arm-none-eabi-gcc-10.3.1-2.3/bin/../lib/gcc/arm-none-eabi/10.3.1/../../../../arm-none-eabi/lib/thumb/v6-m/nofp\libnosys.a(isatty.o)
                0x0000000000005458                _isatty
 .text._lseek   0x0000000000005468       0x10 d:/cq9008/xpack-arm-none-eabi-gcc-10.3.1-2.3/bin/../lib/gcc/arm-none-eabi/10.3.1/../../../../arm-none-eabi/lib/thumb/v6-m/nofp\libnosys.a(lseek.o)
                0x0000000000005468                _lseek
 .text._read    0x0000000000005478       0x10 d:/cq9008/xpack-arm-none-eabi-gcc-10.3.1-2.3/bin/../lib/gcc/arm-none-eabi/10.3.1/../../../../arm-none-eabi/lib/thumb/v6-m/nofp\libnosys.a(read.o)
                0x0000000000005478                _read
 .text._sbrk    0x0000000000005488       0x1c d:/cq9008/xpack-arm-none-eabi-gcc-10.3.1-2.3/bin/../lib/gcc/arm-none-eabi/10.3.1/../../../../arm-none-eabi/lib/thumb/v6-m/nofp\libnosys.a(sbrk.o)
                0x0000000000005488                _sbrk
 .text._write   0x00000000000054a4       0x10 d:/cq9008/xpack-arm-none-eabi-gcc-10.3.1-2.3/bin/../lib/gcc/arm-none-eabi/10.3.1/../../../../arm-none-eabi/lib/thumb/v6-m/nofp\libnosys.a(write.o)
                0x00000000000054a4                _write
 *(.rodata)
 .rodata        0x00000000000054b4       0x1c ./src/main.o
 .rodata        0x00000000000054d0       0x41 ./src/pufs_tv_hmac_sha2.o
 *fill*         0x0000000000005511        0x3 
 .rodata        0x0000000000005514      0x439 ./src/pufs_tv_sha2.o
 *(.rodata*)
 *fill*         0x000000000000594d        0x3 
 .rodata._global_impure_ptr
                0x0000000000005950        0x4 d:/cq9008/xpack-arm-none-eabi-gcc-10.3.1-2.3/bin/../lib/gcc/arm-none-eabi/10.3.1/../../../../arm-none-eabi/lib/thumb/v6-m/nofp\libc_nano.a(lib_a-impure.o)
                0x0000000000005950                _global_impure_ptr
 .rodata.main.str1.4
                0x0000000000005954      0x107 ./src/main.o
                                        0x10a (size before relaxing)
 *fill*         0x0000000000005a5b        0x1 
 .rodata.pufs_test.str1.4
                0x0000000000005a5c       0xb4 ./src/pufs_test.o
 .rodata.str1.4
                0x0000000000005b10      0x279 ./src/pufs_tv_hmac_sha2.o
 *fill*         0x0000000000005d89        0x3 
 .rodata.g_hmac_sha2_tp
                0x0000000000005d8c       0xc0 ./src/pufs_tv_hmac_sha2.o
                0x0000000000005d8c                g_hmac_sha2_tp
 .rodata.str1.4
                0x0000000000005e4c      0x29c ./src/pufs_tv_sha2.o
 .rodata.g_sha2_tp
                0x00000000000060e8       0xc0 ./src/pufs_tv_sha2.o
                0x00000000000060e8                g_sha2_tp
 .rodata.clock_get_sim_clk_out_freq
                0x00000000000061a8       0x3c ./sdk/platform/drivers/src/clock_tw9001.o
 .rodata.clock_get_scg_clock_freq
                0x00000000000061e4       0x40 ./sdk/platform/drivers/src/clock_tw9001.o
 .rodata.clock_get_other_sim_clock_freq
                0x0000000000006224       0x18 ./sdk/platform/drivers/src/clock_tw9001.o
 .rodata.g_clock_name_mappings
                0x000000000000623c       0x96 ./sdk/platform/drivers/src/clock_tw9001.o
                0x000000000000623c                g_clock_name_mappings
 *fill*         0x00000000000062d2        0x2 
 .rodata.g_peripheral_features_list
                0x00000000000062d4       0x4b ./sdk/platform/drivers/src/clock_tw9001.o
                0x00000000000062d4                g_peripheral_features_list
 *fill*         0x000000000000631f        0x1 
 .rodata.max_sys_clks_in_usb.5
                0x0000000000006320       0x38 ./sdk/platform/drivers/src/clock_tw9001.o
 .rodata.max_sys_clks_in_vlpr.4
                0x0000000000006358       0x38 ./sdk/platform/drivers/src/clock_tw9001.o
 .rodata.s_lpuart_clk_names
                0x0000000000006390        0x2 ./sdk/platform/drivers/src/lpuart_driver.o
 *fill*         0x0000000000006392        0x2 
 .rodata.s_lpuart_irq_id
                0x0000000000006394        0x2 ./sdk/platform/drivers/src/lpuart_driver.o
 *fill*         0x0000000000006396        0x2 
 .rodata.sp_lpuart_base
                0x0000000000006398        0x8 ./sdk/platform/drivers/src/lpuart_driver.o
 .rodata.pufs_module_init.str1.1
                0x00000000000063a0       0x25 ../sdk/platform/drivers/lib\libpufs.a(pufs_common.o)
 .rodata.__func__.0
                0x00000000000063c5       0x11 ../sdk/platform/drivers/lib\libpufs.a(pufs_common.o)
 .rodata.__hmac_ctx_update.part.0.str1.1
                0x00000000000063d6       0x55 ../sdk/platform/drivers/lib\libpufs.a(pufs_hmac.o)
                                         0x5b (size before relaxing)
 .rodata.__func__.0
                0x000000000000642b       0x12 ../sdk/platform/drivers/lib\libpufs.a(pufs_hmac.o)
 .rodata.version_check.str1.1
                0x000000000000643d       0x4a ../sdk/platform/drivers/lib\libpufs.a(pufs_internal.o)
                                         0x50 (size before relaxing)
 .rodata.__func__.0
                0x0000000000006487        0xe ../sdk/platform/drivers/lib\libpufs.a(pufs_internal.o)
 .rodata.pufs_kwp_start.str1.1
                0x0000000000006495       0x21 ../sdk/platform/drivers/lib\libpufs.a(pufs_ka.o)
                                         0x27 (size before relaxing)
 .rodata.__func__.0
                0x00000000000064b6        0xf ../sdk/platform/drivers/lib\libpufs.a(pufs_ka.o)
 *fill*         0x00000000000064c5        0x3 
 .rodata.__sf_fake_stderr
                0x00000000000064c8       0x20 d:/cq9008/xpack-arm-none-eabi-gcc-10.3.1-2.3/bin/../lib/gcc/arm-none-eabi/10.3.1/../../../../arm-none-eabi/lib/thumb/v6-m/nofp\libg_nano.a(lib_a-findfp.o)
                0x00000000000064c8                __sf_fake_stderr
 .rodata.__sf_fake_stdin
                0x00000000000064e8       0x20 d:/cq9008/xpack-arm-none-eabi-gcc-10.3.1-2.3/bin/../lib/gcc/arm-none-eabi/10.3.1/../../../../arm-none-eabi/lib/thumb/v6-m/nofp\libg_nano.a(lib_a-findfp.o)
                0x00000000000064e8                __sf_fake_stdin
 .rodata.__sf_fake_stdout
                0x0000000000006508       0x20 d:/cq9008/xpack-arm-none-eabi-gcc-10.3.1-2.3/bin/../lib/gcc/arm-none-eabi/10.3.1/../../../../arm-none-eabi/lib/thumb/v6-m/nofp\libg_nano.a(lib_a-findfp.o)
                0x0000000000006508                __sf_fake_stdout
 .rodata._svfprintf_r.str1.1
                0x0000000000006528       0x11 d:/cq9008/xpack-arm-none-eabi-gcc-10.3.1-2.3/bin/../lib/gcc/arm-none-eabi/10.3.1/../../../../arm-none-eabi/lib/thumb/v6-m/nofp\libg_nano.a(lib_a-nano-svfprintf.o)
 .rodata._printf_i.str1.1
                0x0000000000006539       0x22 d:/cq9008/xpack-arm-none-eabi-gcc-10.3.1-2.3/bin/../lib/gcc/arm-none-eabi/10.3.1/../../../../arm-none-eabi/lib/thumb/v6-m/nofp\libg_nano.a(lib_a-nano-vfprintf_i.o)
 .rodata._vfprintf_r.str1.1
                0x000000000000655b       0x11 d:/cq9008/xpack-arm-none-eabi-gcc-10.3.1-2.3/bin/../lib/gcc/arm-none-eabi/10.3.1/../../../../arm-none-eabi/lib/thumb/v6-m/nofp\libg_nano.a(lib_a-nano-vfprintf.o)
 *(.init)
 *fill*         0x000000000000655b        0x1 
 .init          0x000000000000655c        0x4 d:/cq9008/xpack-arm-none-eabi-gcc-10.3.1-2.3/bin/../lib/gcc/arm-none-eabi/10.3.1/thumb/v6-m/nofp/crti.o
                0x000000000000655c                _init
 *(.fini)
 .fini          0x0000000000006560        0x4 d:/cq9008/xpack-arm-none-eabi-gcc-10.3.1-2.3/bin/../lib/gcc/arm-none-eabi/10.3.1/thumb/v6-m/nofp/crti.o
                0x0000000000006560                _fini
 *(.eh_frame)
                0x0000000000006564                . = ALIGN (0x4)

.glue_7         0x0000000000006564        0x0
 .glue_7        0x0000000000006564        0x0 linker stubs

.glue_7t        0x0000000000006564        0x0
 .glue_7t       0x0000000000006564        0x0 linker stubs

.vfp11_veneer   0x0000000000006564        0x0
 .vfp11_veneer  0x0000000000006564        0x0 linker stubs

.v4_bx          0x0000000000006564        0x0
 .v4_bx         0x0000000000006564        0x0 linker stubs

.iplt           0x0000000000006564        0x0
 .iplt          0x0000000000006564        0x0 d:/cq9008/xpack-arm-none-eabi-gcc-10.3.1-2.3/bin/../lib/gcc/arm-none-eabi/10.3.1/../../../../arm-none-eabi/lib/thumb/v6-m/nofp\libc_nano.a(lib_a-impure.o)

.ARM            0x0000000000006564        0x8
                0x0000000000006564                __exidx_start = .
 *(.ARM.exidx*)
 .ARM.exidx.text._close
                0x0000000000006564        0x8 d:/cq9008/xpack-arm-none-eabi-gcc-10.3.1-2.3/bin/../lib/gcc/arm-none-eabi/10.3.1/../../../../arm-none-eabi/lib/thumb/v6-m/nofp\libnosys.a(close.o)
 .ARM.exidx.text._fstat
                0x000000000000656c        0x0 d:/cq9008/xpack-arm-none-eabi-gcc-10.3.1-2.3/bin/../lib/gcc/arm-none-eabi/10.3.1/../../../../arm-none-eabi/lib/thumb/v6-m/nofp\libnosys.a(fstat.o)
                                          0x8 (size before relaxing)
 .ARM.exidx.text._isatty
                0x000000000000656c        0x0 d:/cq9008/xpack-arm-none-eabi-gcc-10.3.1-2.3/bin/../lib/gcc/arm-none-eabi/10.3.1/../../../../arm-none-eabi/lib/thumb/v6-m/nofp\libnosys.a(isatty.o)
                                          0x8 (size before relaxing)
 .ARM.exidx.text._lseek
                0x000000000000656c        0x0 d:/cq9008/xpack-arm-none-eabi-gcc-10.3.1-2.3/bin/../lib/gcc/arm-none-eabi/10.3.1/../../../../arm-none-eabi/lib/thumb/v6-m/nofp\libnosys.a(lseek.o)
                                          0x8 (size before relaxing)
 .ARM.exidx.text._read
                0x000000000000656c        0x0 d:/cq9008/xpack-arm-none-eabi-gcc-10.3.1-2.3/bin/../lib/gcc/arm-none-eabi/10.3.1/../../../../arm-none-eabi/lib/thumb/v6-m/nofp\libnosys.a(read.o)
                                          0x8 (size before relaxing)
 .ARM.exidx.text._sbrk
                0x000000000000656c        0x0 d:/cq9008/xpack-arm-none-eabi-gcc-10.3.1-2.3/bin/../lib/gcc/arm-none-eabi/10.3.1/../../../../arm-none-eabi/lib/thumb/v6-m/nofp\libnosys.a(sbrk.o)
                                          0x8 (size before relaxing)
 .ARM.exidx.text._write
                0x000000000000656c        0x0 d:/cq9008/xpack-arm-none-eabi-gcc-10.3.1-2.3/bin/../lib/gcc/arm-none-eabi/10.3.1/../../../../arm-none-eabi/lib/thumb/v6-m/nofp\libnosys.a(write.o)
                                          0x8 (size before relaxing)
                0x000000000000656c                __exidx_end = .
                0x000000000000656c                __etext = .
                0x000000000000656c                __DATA_ROM = .
                0x0000000020000000                __RAM_START = ORIGIN (RAM)

.rel.dyn        0x000000000000656c        0x0
 .rel.iplt      0x000000000000656c        0x0 d:/cq9008/xpack-arm-none-eabi-gcc-10.3.1-2.3/bin/../lib/gcc/arm-none-eabi/10.3.1/../../../../arm-none-eabi/lib/thumb/v6-m/nofp\libc_nano.a(lib_a-impure.o)

.data           0x0000000020000000      0x158 load address 0x000000000000656c
                0x0000000020000000                . = ALIGN (0x4)
                0x0000000020000000                __DATA_RAM = .
                0x0000000020000000                __data_start__ = .
 *(.data)
 *(.data*)
 .data._impure_ptr
                0x0000000020000000        0x4 d:/cq9008/xpack-arm-none-eabi-gcc-10.3.1-2.3/bin/../lib/gcc/arm-none-eabi/10.3.1/../../../../arm-none-eabi/lib/thumb/v6-m/nofp\libc_nano.a(lib_a-impure.o)
                0x0000000020000000                _impure_ptr
 .data.impure_data
                0x0000000020000004       0x60 d:/cq9008/xpack-arm-none-eabi-gcc-10.3.1-2.3/bin/../lib/gcc/arm-none-eabi/10.3.1/../../../../arm-none-eabi/lib/thumb/v6-m/nofp\libc_nano.a(lib_a-impure.o)
 .data.g_clock_man1_init_config0
                0x0000000020000064       0x58 ./src/clock_config.o
                0x0000000020000064                g_clock_man1_init_config0
 .data.g_peripheral_clock_config0
                0x00000000200000bc       0x41 ./src/clock_config.o
                0x00000000200000bc                g_peripheral_clock_config0
 *fill*         0x00000000200000fd        0x3 
 .data.gp_clock_man_configs_arr
                0x0000000020000100        0x4 ./src/clock_config.o
                0x0000000020000100                gp_clock_man_configs_arr
 .data.g_hmac_sha2_tp_count
                0x0000000020000104        0x4 ./src/pufs_tv_hmac_sha2.o
                0x0000000020000104                g_hmac_sha2_tp_count
 .data.g_sha2_tp_count
                0x0000000020000108        0x4 ./src/pufs_tv_sha2.o
                0x0000000020000108                g_sha2_tp_count
 .data.peripheral_clk_config.8
                0x000000002000010c       0x41 ./sdk/platform/drivers/src/clock_tw9001.o
 .data.first_init.0
                0x000000002000014d        0x1 ./sdk/platform/drivers/src/osif_driver.o
 *fill*         0x000000002000014e        0x2 
 .data.pufs_context
                0x0000000020000150        0x8 ../sdk/platform/drivers/lib\libpufs.a(pufs_common.o)
                0x0000000020000150                pufs_context
                0x0000000020000158                . = ALIGN (0x4)
                0x0000000020000158                __data_end__ = .
                0x00000000000066c4                __DATA_END = (__DATA_ROM + (__data_end__ - __data_start__))
                0x00000000000066c4                __CODE_ROM = __DATA_END

.igot.plt       0x0000000020000158        0x0 load address 0x00000000000066c4
 .igot.plt      0x0000000020000158        0x0 d:/cq9008/xpack-arm-none-eabi-gcc-10.3.1-2.3/bin/../lib/gcc/arm-none-eabi/10.3.1/../../../../arm-none-eabi/lib/thumb/v6-m/nofp\libc_nano.a(lib_a-impure.o)

.code           0x0000000020000158        0x0 load address 0x00000000000066c4
                0x0000000020000158                . = ALIGN (0x4)
                0x0000000020000158                __CODE_RAM = .
                0x0000000020000158                __code_start__ = .
                0x0000000020000158                __code_ram_start__ = .
 *(.code_ram)
                0x0000000020000158                . = ALIGN (0x4)
                0x0000000020000158                __code_end__ = .
                0x0000000020000158                __code_ram_end__ = .
                0x00000000000066c4                __CODE_END = (__CODE_ROM + (__code_end__ - __code_start__))
                0x00000000000066c4                __CUSTOM_ROM = __CODE_END
                0x00000000000066c4                __customSection_start__ = __CODE_END
                0x00000000000066c4                __CUSTOM_END = __CODE_END
                0x00000000000066c4                __rom_end = __CODE_END

.bss            0x0000000020000158      0x228 load address 0x00000000000066c4
                0x0000000020000158                . = ALIGN (0x4)
                0x0000000020000158                __BSS_START = .
                0x0000000020000158                __bss_start__ = .
 *(.bss)
 *(.bss*)
 .bss.gp_clock_man_callback_arr
                0x0000000020000158        0x4 ./src/clock_config.o
                0x0000000020000158                gp_clock_man_callback_arr
 .bss.g_buffer0
                0x000000002000015c      0x100 ./src/main.o
                0x000000002000015c                g_buffer0
 .bss.g_buffer0_idx
                0x000000002000025c        0x1 ./src/main.o
                0x000000002000025c                g_buffer0_idx
 *fill*         0x000000002000025d        0x3 
 .bss.g_exit_code
                0x0000000020000260        0x4 ./src/main.o
                0x0000000020000260                g_exit_code
 .bss.g_led_count
                0x0000000020000264        0x4 ./src/main.o
                0x0000000020000264                g_led_count
 .bss.g_led_on  0x0000000020000268        0x1 ./src/main.o
                0x0000000020000268                g_led_on
 *fill*         0x0000000020000269        0x3 
 .bss.g_message
                0x000000002000026c       0x32 ./src/main.o
                0x000000002000026c                g_message
 *fill*         0x000000002000029e        0x2 
 .bss.s_lpuart_state.0
                0x00000000200002a0       0x40 ./src/main.o
 .bss.g_rtc_clk_in_freq
                0x00000000200002e0        0x4 ./sdk/platform/drivers/src/clock_tw9001.o
                0x00000000200002e0                g_rtc_clk_in_freq
 .bss.g_tclk_freq
                0x00000000200002e4        0xc ./sdk/platform/drivers/src/clock_tw9001.o
                0x00000000200002e4                g_tclk_freq
 .bss.g_xtal0_clk_freq
                0x00000000200002f0        0x4 ./sdk/platform/drivers/src/clock_tw9001.o
                0x00000000200002f0                g_xtal0_clk_freq
 .bss.s_clock_state
                0x00000000200002f4       0x10 ./sdk/platform/drivers/src/clock_tw9001.o
 .bss.sp_virt_edma_state
                0x0000000020000304        0x4 ./sdk/platform/drivers/src/edma_driver.o
 .bss.s_interrupt_disable_count
                0x0000000020000308        0x4 ./sdk/platform/drivers/src/interrupt_manager.o
 .bss.sp_lpuart_state_ptr
                0x000000002000030c        0x8 ./sdk/platform/drivers/src/lpuart_driver.o
 .bss.s_osif_tick_cnt
                0x0000000020000314        0x4 ./sdk/platform/drivers/src/osif_driver.o
 .bss.crypto_regs
                0x0000000020000318        0x4 ../sdk/platform/drivers/lib\libpufs.a(pufs_crypto.o)
                0x0000000020000318                crypto_regs
 .bss.pufs_dma  0x000000002000031c       0x18 ../sdk/platform/drivers/lib\libpufs.a(pufs_dma.o)
                0x000000002000031c                pufs_dma
 .bss.ecp_regs  0x0000000020000334        0x4 ../sdk/platform/drivers/lib\libpufs.a(pufs_ecp.o)
                0x0000000020000334                ecp_regs
 .bss.hmac_regs
                0x0000000020000338        0x4 ../sdk/platform/drivers/lib\libpufs.a(pufs_hmac.o)
                0x0000000020000338                hmac_regs
 .bss.ka_regs   0x000000002000033c        0x4 ../sdk/platform/drivers/lib\libpufs.a(pufs_ka.o)
                0x000000002000033c                ka_regs
 .bss.kwp_regs  0x0000000020000340        0x4 ../sdk/platform/drivers/lib\libpufs.a(pufs_ka.o)
                0x0000000020000340                kwp_regs
 .bss.kdf_regs  0x0000000020000344        0x4 ../sdk/platform/drivers/lib\libpufs.a(pufs_kdf.o)
                0x0000000020000344                kdf_regs
 .bss.rt_regs   0x0000000020000348        0x4 ../sdk/platform/drivers/lib\libpufs.a(pufs_rt.o)
                0x0000000020000348                rt_regs
 .bss.rt_cde_regs
                0x000000002000034c        0x4 ../sdk/platform/drivers/lib\libpufs.a(pufs_rt_cde.o)
                0x000000002000034c                rt_cde_regs
 .bss.sp38a_regs
                0x0000000020000350        0x4 ../sdk/platform/drivers/lib\libpufs.a(pufs_sp38a.o)
                0x0000000020000350                sp38a_regs
 .bss.sp38c_regs
                0x0000000020000354        0x4 ../sdk/platform/drivers/lib\libpufs.a(pufs_sp38c.o)
                0x0000000020000354                sp38c_regs
 .bss.sp38d_regs
                0x0000000020000358        0x4 ../sdk/platform/drivers/lib\libpufs.a(pufs_sp38d.o)
                0x0000000020000358                sp38d_regs
 .bss.sp38e_regs
                0x000000002000035c        0x4 ../sdk/platform/drivers/lib\libpufs.a(pufs_sp38e.o)
                0x000000002000035c                sp38e_regs
 .bss.drbg_regs
                0x0000000020000360        0x4 ../sdk/platform/drivers/lib\libpufs.a(pufs_sp90a.o)
                0x0000000020000360                drbg_regs
 .bss.chacha_regs
                0x0000000020000364        0x4 ../sdk/platform/drivers/lib\libpufs.a(pufs_chacha.o)
                0x0000000020000364                chacha_regs
 .bss.cmac_regs
                0x0000000020000368        0x4 ../sdk/platform/drivers/lib\libpufs.a(pufs_cmac.o)
                0x0000000020000368                cmac_regs
 .bss.__malloc_free_list
                0x000000002000036c        0x4 d:/cq9008/xpack-arm-none-eabi-gcc-10.3.1-2.3/bin/../lib/gcc/arm-none-eabi/10.3.1/../../../../arm-none-eabi/lib/thumb/v6-m/nofp\libg_nano.a(lib_a-nano-mallocr.o)
                0x000000002000036c                __malloc_free_list
 .bss.__malloc_sbrk_start
                0x0000000020000370        0x4 d:/cq9008/xpack-arm-none-eabi-gcc-10.3.1-2.3/bin/../lib/gcc/arm-none-eabi/10.3.1/../../../../arm-none-eabi/lib/thumb/v6-m/nofp\libg_nano.a(lib_a-nano-mallocr.o)
                0x0000000020000370                __malloc_sbrk_start
 .bss.__lock___malloc_recursive_mutex
                0x0000000020000374        0x1 d:/cq9008/xpack-arm-none-eabi-gcc-10.3.1-2.3/bin/../lib/gcc/arm-none-eabi/10.3.1/../../../../arm-none-eabi/lib/thumb/v6-m/nofp\libg_nano.a(lib_a-lock.o)
                0x0000000020000374                __lock___malloc_recursive_mutex
 .bss.__lock___sfp_recursive_mutex
                0x0000000020000375        0x1 d:/cq9008/xpack-arm-none-eabi-gcc-10.3.1-2.3/bin/../lib/gcc/arm-none-eabi/10.3.1/../../../../arm-none-eabi/lib/thumb/v6-m/nofp\libg_nano.a(lib_a-lock.o)
                0x0000000020000375                __lock___sfp_recursive_mutex
 .bss.__lock___sinit_recursive_mutex
                0x0000000020000376        0x1 d:/cq9008/xpack-arm-none-eabi-gcc-10.3.1-2.3/bin/../lib/gcc/arm-none-eabi/10.3.1/../../../../arm-none-eabi/lib/thumb/v6-m/nofp\libg_nano.a(lib_a-lock.o)
                0x0000000020000376                __lock___sinit_recursive_mutex
 *fill*         0x0000000020000377        0x1 
 .bss.errno     0x0000000020000378        0x4 d:/cq9008/xpack-arm-none-eabi-gcc-10.3.1-2.3/bin/../lib/gcc/arm-none-eabi/10.3.1/../../../../arm-none-eabi/lib/thumb/v6-m/nofp\libg_nano.a(lib_a-reent.o)
                0x0000000020000378                errno
 .bss.heap_end.0
                0x000000002000037c        0x4 d:/cq9008/xpack-arm-none-eabi-gcc-10.3.1-2.3/bin/../lib/gcc/arm-none-eabi/10.3.1/../../../../arm-none-eabi/lib/thumb/v6-m/nofp\libnosys.a(sbrk.o)
 *(COMMON)
                0x0000000020000380                . = ALIGN (0x4)
                0x0000000020000380                __bss_end__ = .
                0x0000000020000380                __BSS_END = .

.heap           0x0000000020000380      0x400 load address 0x00000000000068ec
                0x0000000020000380                . = ALIGN (0x8)
                0x0000000020000380                __end__ = .
                0x0000000020000380                __heap_start__ = .
                0x0000000020000380                PROVIDE (end = .)
                [!provide]                        PROVIDE (_end = .)
                [!provide]                        PROVIDE (__end = .)
                0x0000000020000380                __HeapBase = .
                0x0000000020000780                . = (. + HEAP_SIZE)
 *fill*         0x0000000020000380      0x400 
                0x0000000020000780                __HeapLimit = .
                0x0000000020000780                __heap_limit = .
                0x0000000020000780                __heap_end__ = .
                0x0000000020010000                __StackTop = (ORIGIN (RAM) + LENGTH (RAM))
                0x000000002000fc00                __StackLimit = (__StackTop - STACK_SIZE)
                0x0000000020010000                PROVIDE (__stack = __StackTop)
                0x0000000020010000                __RAM_END = __StackTop

.stack          0x000000002000fc00      0x400 load address 0x000000000001616c
                0x000000002000fc00                . = ALIGN (0x8)
                0x000000002000fc00                __stack_start__ = .
                0x0000000020010000                . = (. + STACK_SIZE)
 *fill*         0x000000002000fc00      0x400 
                0x0000000020010000                __stack_end__ = .

.ARM.attributes
                0x0000000000000000       0x28
 *(.ARM.attributes)
 .ARM.attributes
                0x0000000000000000       0x1e d:/cq9008/xpack-arm-none-eabi-gcc-10.3.1-2.3/bin/../lib/gcc/arm-none-eabi/10.3.1/thumb/v6-m/nofp/crti.o
 .ARM.attributes
                0x000000000000001e       0x2c d:/cq9008/xpack-arm-none-eabi-gcc-10.3.1-2.3/bin/../lib/gcc/arm-none-eabi/10.3.1/../../../../arm-none-eabi/lib/thumb/v6-m/nofp\libc_nano.a(lib_a-impure.o)
 .ARM.attributes
                0x000000000000004a       0x2c d:/cq9008/xpack-arm-none-eabi-gcc-10.3.1-2.3/bin/../lib/gcc/arm-none-eabi/10.3.1/../../../../arm-none-eabi/lib/thumb/v6-m/nofp\libc_nano.a(lib_a-memset.o)
 .ARM.attributes
                0x0000000000000076       0x2c ./src/clock_config.o
 .ARM.attributes
                0x00000000000000a2       0x2c ./src/main.o
 .ARM.attributes
                0x00000000000000ce       0x2c ./src/pufs_hmac_test.o
 .ARM.attributes
                0x00000000000000fa       0x2c ./src/pufs_test.o
 .ARM.attributes
                0x0000000000000126       0x2c ./src/pufs_tv_hmac_sha2.o
 .ARM.attributes
                0x0000000000000152       0x2c ./src/pufs_tv_sha2.o
 .ARM.attributes
                0x000000000000017e       0x2c ./sdk/platform/drivers/src/clock_tw9001.o
 .ARM.attributes
                0x00000000000001aa       0x2c ./sdk/platform/drivers/src/edma_driver.o
 .ARM.attributes
                0x00000000000001d6       0x2c ./sdk/platform/drivers/src/interrupt_manager.o
 .ARM.attributes
                0x0000000000000202       0x2c ./sdk/platform/drivers/src/lptmr_driver.o
 .ARM.attributes
                0x000000000000022e       0x2c ./sdk/platform/drivers/src/lpuart_driver.o
 .ARM.attributes
                0x000000000000025a       0x2c ./sdk/platform/drivers/src/osif_driver.o
 .ARM.attributes
                0x0000000000000286       0x2c ./sdk/platform/drivers/src/pins_driver.o
 .ARM.attributes
                0x00000000000002b2       0x2c ./sdk/platform/devices/tw9001/startup/system_tw9001.o
 .ARM.attributes
                0x00000000000002de       0x2c ./sdk/platform/devices/startup.o
 .ARM.attributes
                0x000000000000030a       0x1b ./project_settings/startup_code/startup_tw9001.o
 .ARM.attributes
                0x0000000000000325       0x2c ../sdk/platform/drivers/lib\libpufs.a(pufs_common.o)
 .ARM.attributes
                0x0000000000000351       0x2c ../sdk/platform/drivers/lib\libpufs.a(pufs_crypto.o)
 .ARM.attributes
                0x000000000000037d       0x2c ../sdk/platform/drivers/lib\libpufs.a(pufs_dma.o)
 .ARM.attributes
                0x00000000000003a9       0x2c ../sdk/platform/drivers/lib\libpufs.a(pufs_ecp.o)
 .ARM.attributes
                0x00000000000003d5       0x2c ../sdk/platform/drivers/lib\libpufs.a(pufs_hmac.o)
 .ARM.attributes
                0x0000000000000401       0x2c ../sdk/platform/drivers/lib\libpufs.a(pufs_internal.o)
 .ARM.attributes
                0x000000000000042d       0x2c ../sdk/platform/drivers/lib\libpufs.a(pufs_ka.o)
 .ARM.attributes
                0x0000000000000459       0x2c ../sdk/platform/drivers/lib\libpufs.a(pufs_kdf.o)
 .ARM.attributes
                0x0000000000000485       0x2c ../sdk/platform/drivers/lib\libpufs.a(pufs_reg_ctrl.o)
 .ARM.attributes
                0x00000000000004b1       0x2c ../sdk/platform/drivers/lib\libpufs.a(pufs_rt.o)
 .ARM.attributes
                0x00000000000004dd       0x2c ../sdk/platform/drivers/lib\libpufs.a(pufs_rt_cde.o)
 .ARM.attributes
                0x0000000000000509       0x2c ../sdk/platform/drivers/lib\libpufs.a(pufs_sp38a.o)
 .ARM.attributes
                0x0000000000000535       0x2c ../sdk/platform/drivers/lib\libpufs.a(pufs_sp38c.o)
 .ARM.attributes
                0x0000000000000561       0x2c ../sdk/platform/drivers/lib\libpufs.a(pufs_sp38d.o)
 .ARM.attributes
                0x000000000000058d       0x2c ../sdk/platform/drivers/lib\libpufs.a(pufs_sp38e.o)
 .ARM.attributes
                0x00000000000005b9       0x2c ../sdk/platform/drivers/lib\libpufs.a(pufs_sp90a.o)
 .ARM.attributes
                0x00000000000005e5       0x2c ../sdk/platform/drivers/lib\libpufs.a(dummy_pal.o)
 .ARM.attributes
                0x0000000000000611       0x2c ../sdk/platform/drivers/lib\libpufs.a(pufs_chacha.o)
 .ARM.attributes
                0x000000000000063d       0x2c ../sdk/platform/drivers/lib\libpufs.a(pufs_cmac.o)
 .ARM.attributes
                0x0000000000000669       0x1e d:/cq9008/xpack-arm-none-eabi-gcc-10.3.1-2.3/bin/../lib/gcc/arm-none-eabi/10.3.1/thumb/v6-m/nofp\libgcc.a(_thumb1_case_uqi.o)
 .ARM.attributes
                0x0000000000000687       0x1e d:/cq9008/xpack-arm-none-eabi-gcc-10.3.1-2.3/bin/../lib/gcc/arm-none-eabi/10.3.1/thumb/v6-m/nofp\libgcc.a(_udivsi3.o)
 .ARM.attributes
                0x00000000000006a5       0x1e d:/cq9008/xpack-arm-none-eabi-gcc-10.3.1-2.3/bin/../lib/gcc/arm-none-eabi/10.3.1/thumb/v6-m/nofp\libgcc.a(_dvmd_tls.o)
 .ARM.attributes
                0x00000000000006c3       0x2c d:/cq9008/xpack-arm-none-eabi-gcc-10.3.1-2.3/bin/../lib/gcc/arm-none-eabi/10.3.1/../../../../arm-none-eabi/lib/thumb/v6-m/nofp\libg_nano.a(lib_a-malloc.o)
 .ARM.attributes
                0x00000000000006ef       0x2c d:/cq9008/xpack-arm-none-eabi-gcc-10.3.1-2.3/bin/../lib/gcc/arm-none-eabi/10.3.1/../../../../arm-none-eabi/lib/thumb/v6-m/nofp\libg_nano.a(lib_a-memcmp.o)
 .ARM.attributes
                0x000000000000071b       0x2c d:/cq9008/xpack-arm-none-eabi-gcc-10.3.1-2.3/bin/../lib/gcc/arm-none-eabi/10.3.1/../../../../arm-none-eabi/lib/thumb/v6-m/nofp\libg_nano.a(lib_a-memcpy-stub.o)
 .ARM.attributes
                0x0000000000000747       0x2c d:/cq9008/xpack-arm-none-eabi-gcc-10.3.1-2.3/bin/../lib/gcc/arm-none-eabi/10.3.1/../../../../arm-none-eabi/lib/thumb/v6-m/nofp\libg_nano.a(lib_a-memmove.o)
 .ARM.attributes
                0x0000000000000773       0x2c d:/cq9008/xpack-arm-none-eabi-gcc-10.3.1-2.3/bin/../lib/gcc/arm-none-eabi/10.3.1/../../../../arm-none-eabi/lib/thumb/v6-m/nofp\libg_nano.a(lib_a-nano-freer.o)
 .ARM.attributes
                0x000000000000079f       0x2c d:/cq9008/xpack-arm-none-eabi-gcc-10.3.1-2.3/bin/../lib/gcc/arm-none-eabi/10.3.1/../../../../arm-none-eabi/lib/thumb/v6-m/nofp\libg_nano.a(lib_a-nano-mallocr.o)
 .ARM.attributes
                0x00000000000007cb       0x2c d:/cq9008/xpack-arm-none-eabi-gcc-10.3.1-2.3/bin/../lib/gcc/arm-none-eabi/10.3.1/../../../../arm-none-eabi/lib/thumb/v6-m/nofp\libg_nano.a(lib_a-printf.o)
 .ARM.attributes
                0x00000000000007f7       0x2c d:/cq9008/xpack-arm-none-eabi-gcc-10.3.1-2.3/bin/../lib/gcc/arm-none-eabi/10.3.1/../../../../arm-none-eabi/lib/thumb/v6-m/nofp\libg_nano.a(lib_a-sbrkr.o)
 .ARM.attributes
                0x0000000000000823       0x2c d:/cq9008/xpack-arm-none-eabi-gcc-10.3.1-2.3/bin/../lib/gcc/arm-none-eabi/10.3.1/../../../../arm-none-eabi/lib/thumb/v6-m/nofp\libg_nano.a(lib_a-sprintf.o)
 .ARM.attributes
                0x000000000000084f       0x1c d:/cq9008/xpack-arm-none-eabi-gcc-10.3.1-2.3/bin/../lib/gcc/arm-none-eabi/10.3.1/../../../../arm-none-eabi/lib/thumb/v6-m/nofp\libg_nano.a(lib_a-strcmp.o)
 .ARM.attributes
                0x000000000000086b       0x1c d:/cq9008/xpack-arm-none-eabi-gcc-10.3.1-2.3/bin/../lib/gcc/arm-none-eabi/10.3.1/../../../../arm-none-eabi/lib/thumb/v6-m/nofp\libg_nano.a(lib_a-strlen.o)
 .ARM.attributes
                0x0000000000000887       0x2c d:/cq9008/xpack-arm-none-eabi-gcc-10.3.1-2.3/bin/../lib/gcc/arm-none-eabi/10.3.1/../../../../arm-none-eabi/lib/thumb/v6-m/nofp\libg_nano.a(lib_a-wbuf.o)
 .ARM.attributes
                0x00000000000008b3       0x2c d:/cq9008/xpack-arm-none-eabi-gcc-10.3.1-2.3/bin/../lib/gcc/arm-none-eabi/10.3.1/../../../../arm-none-eabi/lib/thumb/v6-m/nofp\libg_nano.a(lib_a-wsetup.o)
 .ARM.attributes
                0x00000000000008df       0x2c d:/cq9008/xpack-arm-none-eabi-gcc-10.3.1-2.3/bin/../lib/gcc/arm-none-eabi/10.3.1/../../../../arm-none-eabi/lib/thumb/v6-m/nofp\libg_nano.a(lib_a-fflush.o)
 .ARM.attributes
                0x000000000000090b       0x2c d:/cq9008/xpack-arm-none-eabi-gcc-10.3.1-2.3/bin/../lib/gcc/arm-none-eabi/10.3.1/../../../../arm-none-eabi/lib/thumb/v6-m/nofp\libg_nano.a(lib_a-findfp.o)
 .ARM.attributes
                0x0000000000000937       0x2c d:/cq9008/xpack-arm-none-eabi-gcc-10.3.1-2.3/bin/../lib/gcc/arm-none-eabi/10.3.1/../../../../arm-none-eabi/lib/thumb/v6-m/nofp\libg_nano.a(lib_a-fwalk.o)
 .ARM.attributes
                0x0000000000000963       0x2c d:/cq9008/xpack-arm-none-eabi-gcc-10.3.1-2.3/bin/../lib/gcc/arm-none-eabi/10.3.1/../../../../arm-none-eabi/lib/thumb/v6-m/nofp\libg_nano.a(lib_a-lock.o)
 .ARM.attributes
                0x000000000000098f       0x2c d:/cq9008/xpack-arm-none-eabi-gcc-10.3.1-2.3/bin/../lib/gcc/arm-none-eabi/10.3.1/../../../../arm-none-eabi/lib/thumb/v6-m/nofp\libg_nano.a(lib_a-makebuf.o)
 .ARM.attributes
                0x00000000000009bb       0x2c d:/cq9008/xpack-arm-none-eabi-gcc-10.3.1-2.3/bin/../lib/gcc/arm-none-eabi/10.3.1/../../../../arm-none-eabi/lib/thumb/v6-m/nofp\libg_nano.a(lib_a-mlock.o)
 .ARM.attributes
                0x00000000000009e7       0x2c d:/cq9008/xpack-arm-none-eabi-gcc-10.3.1-2.3/bin/../lib/gcc/arm-none-eabi/10.3.1/../../../../arm-none-eabi/lib/thumb/v6-m/nofp\libg_nano.a(lib_a-nano-svfprintf.o)
 .ARM.attributes
                0x0000000000000a13       0x2c d:/cq9008/xpack-arm-none-eabi-gcc-10.3.1-2.3/bin/../lib/gcc/arm-none-eabi/10.3.1/../../../../arm-none-eabi/lib/thumb/v6-m/nofp\libg_nano.a(lib_a-nano-vfprintf_i.o)
 .ARM.attributes
                0x0000000000000a3f       0x2c d:/cq9008/xpack-arm-none-eabi-gcc-10.3.1-2.3/bin/../lib/gcc/arm-none-eabi/10.3.1/../../../../arm-none-eabi/lib/thumb/v6-m/nofp\libg_nano.a(lib_a-nano-vfprintf.o)
 .ARM.attributes
                0x0000000000000a6b       0x2c d:/cq9008/xpack-arm-none-eabi-gcc-10.3.1-2.3/bin/../lib/gcc/arm-none-eabi/10.3.1/../../../../arm-none-eabi/lib/thumb/v6-m/nofp\libg_nano.a(lib_a-reent.o)
 .ARM.attributes
                0x0000000000000a97       0x2c d:/cq9008/xpack-arm-none-eabi-gcc-10.3.1-2.3/bin/../lib/gcc/arm-none-eabi/10.3.1/../../../../arm-none-eabi/lib/thumb/v6-m/nofp\libg_nano.a(lib_a-stdio.o)
 .ARM.attributes
                0x0000000000000ac3       0x2c d:/cq9008/xpack-arm-none-eabi-gcc-10.3.1-2.3/bin/../lib/gcc/arm-none-eabi/10.3.1/../../../../arm-none-eabi/lib/thumb/v6-m/nofp\libg_nano.a(lib_a-writer.o)
 .ARM.attributes
                0x0000000000000aef       0x2c d:/cq9008/xpack-arm-none-eabi-gcc-10.3.1-2.3/bin/../lib/gcc/arm-none-eabi/10.3.1/../../../../arm-none-eabi/lib/thumb/v6-m/nofp\libg_nano.a(lib_a-closer.o)
 .ARM.attributes
                0x0000000000000b1b       0x2c d:/cq9008/xpack-arm-none-eabi-gcc-10.3.1-2.3/bin/../lib/gcc/arm-none-eabi/10.3.1/../../../../arm-none-eabi/lib/thumb/v6-m/nofp\libg_nano.a(lib_a-fstatr.o)
 .ARM.attributes
                0x0000000000000b47       0x2c d:/cq9008/xpack-arm-none-eabi-gcc-10.3.1-2.3/bin/../lib/gcc/arm-none-eabi/10.3.1/../../../../arm-none-eabi/lib/thumb/v6-m/nofp\libg_nano.a(lib_a-isattyr.o)
 .ARM.attributes
                0x0000000000000b73       0x2c d:/cq9008/xpack-arm-none-eabi-gcc-10.3.1-2.3/bin/../lib/gcc/arm-none-eabi/10.3.1/../../../../arm-none-eabi/lib/thumb/v6-m/nofp\libg_nano.a(lib_a-lseekr.o)
 .ARM.attributes
                0x0000000000000b9f       0x2c d:/cq9008/xpack-arm-none-eabi-gcc-10.3.1-2.3/bin/../lib/gcc/arm-none-eabi/10.3.1/../../../../arm-none-eabi/lib/thumb/v6-m/nofp\libg_nano.a(lib_a-memchr-stub.o)
 .ARM.attributes
                0x0000000000000bcb       0x2c d:/cq9008/xpack-arm-none-eabi-gcc-10.3.1-2.3/bin/../lib/gcc/arm-none-eabi/10.3.1/../../../../arm-none-eabi/lib/thumb/v6-m/nofp\libg_nano.a(lib_a-nano-reallocr.o)
 .ARM.attributes
                0x0000000000000bf7       0x2c d:/cq9008/xpack-arm-none-eabi-gcc-10.3.1-2.3/bin/../lib/gcc/arm-none-eabi/10.3.1/../../../../arm-none-eabi/lib/thumb/v6-m/nofp\libg_nano.a(lib_a-readr.o)
 .ARM.attributes
                0x0000000000000c23       0x2c d:/cq9008/xpack-arm-none-eabi-gcc-10.3.1-2.3/bin/../lib/gcc/arm-none-eabi/10.3.1/../../../../arm-none-eabi/lib/thumb/v6-m/nofp\libg_nano.a(lib_a-nano-msizer.o)
 .ARM.attributes
                0x0000000000000c4f       0x1e d:/cq9008/xpack-arm-none-eabi-gcc-10.3.1-2.3/bin/../lib/gcc/arm-none-eabi/10.3.1/thumb/v6-m/nofp\libgcc.a(_thumb1_case_shi.o)
 .ARM.attributes
                0x0000000000000c6d       0x2c d:/cq9008/xpack-arm-none-eabi-gcc-10.3.1-2.3/bin/../lib/gcc/arm-none-eabi/10.3.1/../../../../arm-none-eabi/lib/thumb/v6-m/nofp\libnosys.a(close.o)
 .ARM.attributes
                0x0000000000000c99       0x2c d:/cq9008/xpack-arm-none-eabi-gcc-10.3.1-2.3/bin/../lib/gcc/arm-none-eabi/10.3.1/../../../../arm-none-eabi/lib/thumb/v6-m/nofp\libnosys.a(fstat.o)
 .ARM.attributes
                0x0000000000000cc5       0x2c d:/cq9008/xpack-arm-none-eabi-gcc-10.3.1-2.3/bin/../lib/gcc/arm-none-eabi/10.3.1/../../../../arm-none-eabi/lib/thumb/v6-m/nofp\libnosys.a(isatty.o)
 .ARM.attributes
                0x0000000000000cf1       0x2c d:/cq9008/xpack-arm-none-eabi-gcc-10.3.1-2.3/bin/../lib/gcc/arm-none-eabi/10.3.1/../../../../arm-none-eabi/lib/thumb/v6-m/nofp\libnosys.a(lseek.o)
 .ARM.attributes
                0x0000000000000d1d       0x2c d:/cq9008/xpack-arm-none-eabi-gcc-10.3.1-2.3/bin/../lib/gcc/arm-none-eabi/10.3.1/../../../../arm-none-eabi/lib/thumb/v6-m/nofp\libnosys.a(read.o)
 .ARM.attributes
                0x0000000000000d49       0x2c d:/cq9008/xpack-arm-none-eabi-gcc-10.3.1-2.3/bin/../lib/gcc/arm-none-eabi/10.3.1/../../../../arm-none-eabi/lib/thumb/v6-m/nofp\libnosys.a(sbrk.o)
 .ARM.attributes
                0x0000000000000d75       0x2c d:/cq9008/xpack-arm-none-eabi-gcc-10.3.1-2.3/bin/../lib/gcc/arm-none-eabi/10.3.1/../../../../arm-none-eabi/lib/thumb/v6-m/nofp\libnosys.a(write.o)
                0x0000000000000001                ASSERT ((__rom_end <= (ORIGIN (FLASH) + LENGTH (FLASH))), region FLASH overflowed!)
                0x0000000000000001                ASSERT ((__StackLimit >= __HeapLimit), region RAM overflowed with stack and heap)
OUTPUT(puf_template.elf elf32-littlearm)
LOAD linker stubs

.comment        0x0000000000000000       0x43
 .comment       0x0000000000000000       0x43 d:/cq9008/xpack-arm-none-eabi-gcc-10.3.1-2.3/bin/../lib/gcc/arm-none-eabi/10.3.1/../../../../arm-none-eabi/lib/thumb/v6-m/nofp\libc_nano.a(lib_a-impure.o)
                                         0x44 (size before relaxing)
 .comment       0x0000000000000043       0x44 d:/cq9008/xpack-arm-none-eabi-gcc-10.3.1-2.3/bin/../lib/gcc/arm-none-eabi/10.3.1/../../../../arm-none-eabi/lib/thumb/v6-m/nofp\libc_nano.a(lib_a-memset.o)
 .comment       0x0000000000000043       0x44 ./src/clock_config.o
 .comment       0x0000000000000043       0x44 ./src/main.o
 .comment       0x0000000000000043       0x44 ./src/pufs_hmac_test.o
 .comment       0x0000000000000043       0x44 ./src/pufs_test.o
 .comment       0x0000000000000043       0x44 ./src/pufs_tv_hmac_sha2.o
 .comment       0x0000000000000043       0x44 ./src/pufs_tv_sha2.o
 .comment       0x0000000000000043       0x44 ./sdk/platform/drivers/src/clock_tw9001.o
 .comment       0x0000000000000043       0x44 ./sdk/platform/drivers/src/edma_driver.o
 .comment       0x0000000000000043       0x44 ./sdk/platform/drivers/src/interrupt_manager.o
 .comment       0x0000000000000043       0x44 ./sdk/platform/drivers/src/lptmr_driver.o
 .comment       0x0000000000000043       0x44 ./sdk/platform/drivers/src/lpuart_driver.o
 .comment       0x0000000000000043       0x44 ./sdk/platform/drivers/src/osif_driver.o
 .comment       0x0000000000000043       0x44 ./sdk/platform/drivers/src/pins_driver.o
 .comment       0x0000000000000043       0x44 ./sdk/platform/devices/tw9001/startup/system_tw9001.o
 .comment       0x0000000000000043       0x44 ./sdk/platform/devices/startup.o
 .comment       0x0000000000000043       0x44 ../sdk/platform/drivers/lib\libpufs.a(pufs_common.o)
 .comment       0x0000000000000043       0x44 ../sdk/platform/drivers/lib\libpufs.a(pufs_crypto.o)
 .comment       0x0000000000000043       0x44 ../sdk/platform/drivers/lib\libpufs.a(pufs_dma.o)
 .comment       0x0000000000000043       0x44 ../sdk/platform/drivers/lib\libpufs.a(pufs_ecp.o)
 .comment       0x0000000000000043       0x44 ../sdk/platform/drivers/lib\libpufs.a(pufs_hmac.o)
 .comment       0x0000000000000043       0x44 ../sdk/platform/drivers/lib\libpufs.a(pufs_internal.o)
 .comment       0x0000000000000043       0x44 ../sdk/platform/drivers/lib\libpufs.a(pufs_ka.o)
 .comment       0x0000000000000043       0x44 ../sdk/platform/drivers/lib\libpufs.a(pufs_kdf.o)
 .comment       0x0000000000000043       0x44 ../sdk/platform/drivers/lib\libpufs.a(pufs_reg_ctrl.o)
 .comment       0x0000000000000043       0x44 ../sdk/platform/drivers/lib\libpufs.a(pufs_rt.o)
 .comment       0x0000000000000043       0x44 ../sdk/platform/drivers/lib\libpufs.a(pufs_rt_cde.o)
 .comment       0x0000000000000043       0x44 ../sdk/platform/drivers/lib\libpufs.a(pufs_sp38a.o)